<?xml version="1.0"?>
<link_info>
   <banner>TI ARM Linker PC v15.9.0.STS</banner>
   <copyright>Copyright (c) 1996-2015 Texas Instruments Incorporated</copyright>
   <link_time>0x56a8356b</link_time>
   <link_errors>0x0</link_errors>
   <output_file>Lab2.out</output_file>
   <entry_point>
      <name>_c_int00</name>
      <address>0x20008611</address>
   </entry_point>
   <input_file_list>
      <input_file id="fl-2">
         <path>.\</path>
         <kind>object</kind>
         <file>Adafruit_GFX.obj</file>
         <name>Adafruit_GFX.obj</name>
      </input_file>
      <input_file id="fl-3">
         <path>.\</path>
         <kind>object</kind>
         <file>Adafruit_OLED.obj</file>
         <name>Adafruit_OLED.obj</name>
      </input_file>
      <input_file id="fl-4">
         <path>.\</path>
         <kind>object</kind>
         <file>main.obj</file>
         <name>main.obj</name>
      </input_file>
      <input_file id="fl-5">
         <path>.\</path>
         <kind>object</kind>
         <file>pin_mux_config.obj</file>
         <name>pin_mux_config.obj</name>
      </input_file>
      <input_file id="fl-6">
         <path>.\</path>
         <kind>object</kind>
         <file>startup_ccs.obj</file>
         <name>startup_ccs.obj</name>
      </input_file>
      <input_file id="fl-7">
         <path>.\</path>
         <kind>object</kind>
         <file>test.obj</file>
         <name>test.obj</name>
      </input_file>
      <input_file id="fl-8">
         <path>.\</path>
         <kind>object</kind>
         <file>uart_if.obj</file>
         <name>uart_if.obj</name>
      </input_file>
      <input_file id="fl-c3">
         <path>C:\ti\ccsv6\tools\compiler\ti-cgt-arm_15.9.0.STS\lib\</path>
         <kind>archive</kind>
         <file>rtsv7M4_T_le_v4SPD16_eabi.lib</file>
         <name>boot.obj</name>
      </input_file>
      <input_file id="fl-c4">
         <path>C:\ti\ccsv6\tools\compiler\ti-cgt-arm_15.9.0.STS\lib\</path>
         <kind>archive</kind>
         <file>rtsv7M4_T_le_v4SPD16_eabi.lib</file>
         <name>copy_decompress_none.obj</name>
      </input_file>
      <input_file id="fl-c5">
         <path>C:\ti\ccsv6\tools\compiler\ti-cgt-arm_15.9.0.STS\lib\</path>
         <kind>archive</kind>
         <file>rtsv7M4_T_le_v4SPD16_eabi.lib</file>
         <name>copy_decompress_rle.obj</name>
      </input_file>
      <input_file id="fl-c6">
         <path>C:\ti\ccsv6\tools\compiler\ti-cgt-arm_15.9.0.STS\lib\</path>
         <kind>archive</kind>
         <file>rtsv7M4_T_le_v4SPD16_eabi.lib</file>
         <name>copy_zero_init.obj</name>
      </input_file>
      <input_file id="fl-c7">
         <path>C:\ti\ccsv6\tools\compiler\ti-cgt-arm_15.9.0.STS\lib\</path>
         <kind>archive</kind>
         <file>rtsv7M4_T_le_v4SPD16_eabi.lib</file>
         <name>exit.obj</name>
      </input_file>
      <input_file id="fl-c8">
         <path>C:\ti\ccsv6\tools\compiler\ti-cgt-arm_15.9.0.STS\lib\</path>
         <kind>archive</kind>
         <file>rtsv7M4_T_le_v4SPD16_eabi.lib</file>
         <name>memcpy_t2.obj</name>
      </input_file>
      <input_file id="fl-c9">
         <path>C:\ti\ccsv6\tools\compiler\ti-cgt-arm_15.9.0.STS\lib\</path>
         <kind>archive</kind>
         <file>rtsv7M4_T_le_v4SPD16_eabi.lib</file>
         <name>memmov.obj</name>
      </input_file>
      <input_file id="fl-ca">
         <path>C:\ti\ccsv6\tools\compiler\ti-cgt-arm_15.9.0.STS\lib\</path>
         <kind>archive</kind>
         <file>rtsv7M4_T_le_v4SPD16_eabi.lib</file>
         <name>memory.obj</name>
      </input_file>
      <input_file id="fl-cb">
         <path>C:\ti\ccsv6\tools\compiler\ti-cgt-arm_15.9.0.STS\lib\</path>
         <kind>archive</kind>
         <file>rtsv7M4_T_le_v4SPD16_eabi.lib</file>
         <name>memset_t2.obj</name>
      </input_file>
      <input_file id="fl-cc">
         <path>C:\ti\ccsv6\tools\compiler\ti-cgt-arm_15.9.0.STS\lib\</path>
         <kind>archive</kind>
         <file>rtsv7M4_T_le_v4SPD16_eabi.lib</file>
         <name>pre_init.obj</name>
      </input_file>
      <input_file id="fl-cd">
         <path>C:\ti\ccsv6\tools\compiler\ti-cgt-arm_15.9.0.STS\lib\</path>
         <kind>archive</kind>
         <file>rtsv7M4_T_le_v4SPD16_eabi.lib</file>
         <name>stkdepth_vars.obj</name>
      </input_file>
      <input_file id="fl-ce">
         <path>C:\ti\ccsv6\tools\compiler\ti-cgt-arm_15.9.0.STS\lib\</path>
         <kind>archive</kind>
         <file>rtsv7M4_T_le_v4SPD16_eabi.lib</file>
         <name>strlen.obj</name>
      </input_file>
      <input_file id="fl-cf">
         <path>C:\ti\ccsv6\tools\compiler\ti-cgt-arm_15.9.0.STS\lib\</path>
         <kind>archive</kind>
         <file>rtsv7M4_T_le_v4SPD16_eabi.lib</file>
         <name>vsnprintf.obj</name>
      </input_file>
      <input_file id="fl-d0">
         <path>C:\ti\ccsv6\tools\compiler\ti-cgt-arm_15.9.0.STS\lib\</path>
         <kind>archive</kind>
         <file>rtsv7M4_T_le_v4SPD16_eabi.lib</file>
         <name>_lock.obj</name>
      </input_file>
      <input_file id="fl-d1">
         <path>C:\ti\ccsv6\tools\compiler\ti-cgt-arm_15.9.0.STS\lib\</path>
         <kind>archive</kind>
         <file>rtsv7M4_T_le_v4SPD16_eabi.lib</file>
         <name>_printfi.obj</name>
      </input_file>
      <input_file id="fl-d2">
         <path>C:\ti\ccsv6\tools\compiler\ti-cgt-arm_15.9.0.STS\lib\</path>
         <kind>archive</kind>
         <file>rtsv7M4_T_le_v4SPD16_eabi.lib</file>
         <name>args_main.obj</name>
      </input_file>
      <input_file id="fl-d3">
         <path>C:\ti\ccsv6\tools\compiler\ti-cgt-arm_15.9.0.STS\lib\</path>
         <kind>archive</kind>
         <file>rtsv7M4_T_le_v4SPD16_eabi.lib</file>
         <name>atoi.obj</name>
      </input_file>
      <input_file id="fl-d4">
         <path>C:\ti\ccsv6\tools\compiler\ti-cgt-arm_15.9.0.STS\lib\</path>
         <kind>archive</kind>
         <file>rtsv7M4_T_le_v4SPD16_eabi.lib</file>
         <name>autoinit.obj</name>
      </input_file>
      <input_file id="fl-d5">
         <path>C:\ti\ccsv6\tools\compiler\ti-cgt-arm_15.9.0.STS\lib\</path>
         <kind>archive</kind>
         <file>rtsv7M4_T_le_v4SPD16_eabi.lib</file>
         <name>cpy_tbl.obj</name>
      </input_file>
      <input_file id="fl-d6">
         <path>C:\ti\ccsv6\tools\compiler\ti-cgt-arm_15.9.0.STS\lib\</path>
         <kind>archive</kind>
         <file>rtsv7M4_T_le_v4SPD16_eabi.lib</file>
         <name>ctype.obj</name>
      </input_file>
      <input_file id="fl-d7">
         <path>C:\ti\ccsv6\tools\compiler\ti-cgt-arm_15.9.0.STS\lib\</path>
         <kind>archive</kind>
         <file>rtsv7M4_T_le_v4SPD16_eabi.lib</file>
         <name>fd_add_t2.obj</name>
      </input_file>
      <input_file id="fl-d8">
         <path>C:\ti\ccsv6\tools\compiler\ti-cgt-arm_15.9.0.STS\lib\</path>
         <kind>archive</kind>
         <file>rtsv7M4_T_le_v4SPD16_eabi.lib</file>
         <name>fd_cmp_t2.obj</name>
      </input_file>
      <input_file id="fl-d9">
         <path>C:\ti\ccsv6\tools\compiler\ti-cgt-arm_15.9.0.STS\lib\</path>
         <kind>archive</kind>
         <file>rtsv7M4_T_le_v4SPD16_eabi.lib</file>
         <name>fd_div_t2.obj</name>
      </input_file>
      <input_file id="fl-da">
         <path>C:\ti\ccsv6\tools\compiler\ti-cgt-arm_15.9.0.STS\lib\</path>
         <kind>archive</kind>
         <file>rtsv7M4_T_le_v4SPD16_eabi.lib</file>
         <name>fd_mul_t2.obj</name>
      </input_file>
      <input_file id="fl-db">
         <path>C:\ti\ccsv6\tools\compiler\ti-cgt-arm_15.9.0.STS\lib\</path>
         <kind>archive</kind>
         <file>rtsv7M4_T_le_v4SPD16_eabi.lib</file>
         <name>fd_toi_t2.obj</name>
      </input_file>
      <input_file id="fl-dc">
         <path>C:\ti\ccsv6\tools\compiler\ti-cgt-arm_15.9.0.STS\lib\</path>
         <kind>archive</kind>
         <file>rtsv7M4_T_le_v4SPD16_eabi.lib</file>
         <name>i_tofd_t2.obj</name>
      </input_file>
      <input_file id="fl-dd">
         <path>C:\ti\ccsv6\tools\compiler\ti-cgt-arm_15.9.0.STS\lib\</path>
         <kind>archive</kind>
         <file>rtsv7M4_T_le_v4SPD16_eabi.lib</file>
         <name>ltoa.obj</name>
      </input_file>
      <input_file id="fl-de">
         <path>C:\ti\ccsv6\tools\compiler\ti-cgt-arm_15.9.0.STS\lib\</path>
         <kind>archive</kind>
         <file>rtsv7M4_T_le_v4SPD16_eabi.lib</file>
         <name>memccpy.obj</name>
      </input_file>
      <input_file id="fl-df">
         <path>C:\ti\ccsv6\tools\compiler\ti-cgt-arm_15.9.0.STS\lib\</path>
         <kind>archive</kind>
         <file>rtsv7M4_T_le_v4SPD16_eabi.lib</file>
         <name>s_frexp.obj</name>
      </input_file>
      <input_file id="fl-e0">
         <path>C:\ti\ccsv6\tools\compiler\ti-cgt-arm_15.9.0.STS\lib\</path>
         <kind>archive</kind>
         <file>rtsv7M4_T_le_v4SPD16_eabi.lib</file>
         <name>s_scalbn.obj</name>
      </input_file>
      <input_file id="fl-e1">
         <path>C:\ti\ccsv6\tools\compiler\ti-cgt-arm_15.9.0.STS\lib\</path>
         <kind>archive</kind>
         <file>rtsv7M4_T_le_v4SPD16_eabi.lib</file>
         <name>strchr.obj</name>
      </input_file>
      <input_file id="fl-e2">
         <path>C:\ti\ccsv6\tools\compiler\ti-cgt-arm_15.9.0.STS\lib\</path>
         <kind>archive</kind>
         <file>rtsv7M4_T_le_v4SPD16_eabi.lib</file>
         <name>ull_div_t2.obj</name>
      </input_file>
      <input_file id="fl-e3">
         <path>C:\ti\ccsv6\tools\compiler\ti-cgt-arm_15.9.0.STS\lib\</path>
         <kind>archive</kind>
         <file>rtsv7M4_T_le_v4SPD16_eabi.lib</file>
         <name>errno.obj</name>
      </input_file>
      <input_file id="fl-e4">
         <path>C:\ti\ccsv6\tools\compiler\ti-cgt-arm_15.9.0.STS\lib\</path>
         <kind>archive</kind>
         <file>rtsv7M4_T_le_v4SPD16_eabi.lib</file>
         <name>s_copysign.obj</name>
      </input_file>
      <input_file id="fl-e5">
         <path>C:\ti\CC3200SDK_1.1.0\cc3200-sdk\example\spi_demo\ccs\..\..\..\driverlib\ccs\Release\</path>
         <kind>archive</kind>
         <file>driverlib.a</file>
         <name>gpio.obj</name>
      </input_file>
      <input_file id="fl-e6">
         <path>C:\ti\CC3200SDK_1.1.0\cc3200-sdk\example\spi_demo\ccs\..\..\..\driverlib\ccs\Release\</path>
         <kind>archive</kind>
         <file>driverlib.a</file>
         <name>interrupt.obj</name>
      </input_file>
      <input_file id="fl-e7">
         <path>C:\ti\CC3200SDK_1.1.0\cc3200-sdk\example\spi_demo\ccs\..\..\..\driverlib\ccs\Release\</path>
         <kind>archive</kind>
         <file>driverlib.a</file>
         <name>pin.obj</name>
      </input_file>
      <input_file id="fl-e8">
         <path>C:\ti\CC3200SDK_1.1.0\cc3200-sdk\example\spi_demo\ccs\..\..\..\driverlib\ccs\Release\</path>
         <kind>archive</kind>
         <file>driverlib.a</file>
         <name>prcm.obj</name>
      </input_file>
      <input_file id="fl-e9">
         <path>C:\ti\CC3200SDK_1.1.0\cc3200-sdk\example\spi_demo\ccs\..\..\..\driverlib\ccs\Release\</path>
         <kind>archive</kind>
         <file>driverlib.a</file>
         <name>spi.obj</name>
      </input_file>
      <input_file id="fl-ea">
         <path>C:\ti\CC3200SDK_1.1.0\cc3200-sdk\example\spi_demo\ccs\..\..\..\driverlib\ccs\Release\</path>
         <kind>archive</kind>
         <file>driverlib.a</file>
         <name>uart.obj</name>
      </input_file>
      <input_file id="fl-eb">
         <path>C:\ti\CC3200SDK_1.1.0\cc3200-sdk\example\spi_demo\ccs\..\..\..\driverlib\ccs\Release\</path>
         <kind>archive</kind>
         <file>driverlib.a</file>
         <name>utils.obj</name>
      </input_file>
      <input_file id="fl-ec">
         <path>C:\ti\CC3200SDK_1.1.0\cc3200-sdk\example\spi_demo\ccs\..\..\..\driverlib\ccs\Release\</path>
         <kind>archive</kind>
         <file>driverlib.a</file>
         <name>cpu.obj</name>
      </input_file>
      <input_file id="fl-ed">
         <path>C:\ti\CC3200SDK_1.1.0\cc3200-sdk\example\spi_demo\ccs\..\..\..\driverlib\ccs\Release\</path>
         <kind>archive</kind>
         <file>driverlib.a</file>
         <name>flash.obj</name>
      </input_file>
      <input_file id="fl-ee">
         <path>C:\ti\ccsv6\tools\compiler\ti-cgt-arm_15.9.0.STS\lib\</path>
         <kind>archive</kind>
         <file>rtsv7M4_T_le_v4SPD16_eabi.lib</file>
         <name>ll_lsr_t2.obj</name>
      </input_file>
   </input_file_list>
   <object_component_list>
      <object_component id="oc-f">
         <name>.intvecs</name>
         <load_address>0x20004000</load_address>
         <run_address>0x20004000</run_address>
         <size>0x400</size>
         <input_file_ref idref="fl-6"/>
      </object_component>
      <object_component id="oc-226">
         <name>.text</name>
         <load_address>0x20004400</load_address>
         <run_address>0x20004400</run_address>
         <size>0x1110</size>
         <input_file_ref idref="fl-d1"/>
      </object_component>
      <object_component id="oc-f0">
         <name>.text</name>
         <load_address>0x20005510</load_address>
         <run_address>0x20005510</run_address>
         <size>0xa80</size>
         <input_file_ref idref="fl-2"/>
      </object_component>
      <object_component id="oc-f7">
         <name>.text</name>
         <load_address>0x20005f90</load_address>
         <run_address>0x20005f90</run_address>
         <size>0x712</size>
         <input_file_ref idref="fl-7"/>
      </object_component>
      <object_component id="oc-9f">
         <name>.text</name>
         <load_address>0x200066a4</load_address>
         <run_address>0x200066a4</run_address>
         <size>0x488</size>
         <input_file_ref idref="fl-4"/>
      </object_component>
      <object_component id="oc-ea">
         <name>.text</name>
         <load_address>0x20006b2c</load_address>
         <run_address>0x20006b2c</run_address>
         <size>0x47a</size>
         <input_file_ref idref="fl-3"/>
      </object_component>
      <object_component id="oc-1a7">
         <name>.text</name>
         <load_address>0x20006fa8</load_address>
         <run_address>0x20006fa8</run_address>
         <size>0x3dc</size>
         <input_file_ref idref="fl-ca"/>
      </object_component>
      <object_component id="oc-e4">
         <name>.text</name>
         <load_address>0x20007384</load_address>
         <run_address>0x20007384</run_address>
         <size>0x280</size>
         <input_file_ref idref="fl-8"/>
      </object_component>
      <object_component id="oc-270">
         <name>.text</name>
         <load_address>0x20007604</load_address>
         <run_address>0x20007604</run_address>
         <size>0x1f4</size>
         <input_file_ref idref="fl-e2"/>
      </object_component>
      <object_component id="oc-299">
         <name>.text</name>
         <load_address>0x200077f8</load_address>
         <run_address>0x200077f8</run_address>
         <size>0x1b6</size>
         <input_file_ref idref="fl-d7"/>
      </object_component>
      <object_component id="oc-27f">
         <name>.text</name>
         <load_address>0x200079ae</load_address>
         <run_address>0x200079ae</run_address>
         <size>0x136</size>
         <input_file_ref idref="fl-d9"/>
      </object_component>
      <object_component id="oc-de">
         <name>.text:PRCMCC3200MCUInit</name>
         <load_address>0x20007ae4</load_address>
         <run_address>0x20007ae4</run_address>
         <size>0x134</size>
         <input_file_ref idref="fl-e8"/>
      </object_component>
      <object_component id="oc-27a">
         <name>.text</name>
         <load_address>0x20007c18</load_address>
         <run_address>0x20007c18</run_address>
         <size>0xfc</size>
         <input_file_ref idref="fl-da"/>
      </object_component>
      <object_component id="oc-2a4">
         <name>.text</name>
         <load_address>0x20007d14</load_address>
         <run_address>0x20007d14</run_address>
         <size>0xfc</size>
         <input_file_ref idref="fl-e0"/>
      </object_component>
      <object_component id="oc-d8">
         <name>.text:IntEnable</name>
         <load_address>0x20007e10</load_address>
         <run_address>0x20007e10</run_address>
         <size>0xa8</size>
         <input_file_ref idref="fl-e6"/>
      </object_component>
      <object_component id="oc-13c">
         <name>.text:SPIConfigSetExpClk</name>
         <load_address>0x20007eb8</load_address>
         <run_address>0x20007eb8</run_address>
         <size>0xa0</size>
         <input_file_ref idref="fl-e9"/>
      </object_component>
      <object_component id="oc-36">
         <name>.text</name>
         <load_address>0x20007f58</load_address>
         <run_address>0x20007f58</run_address>
         <size>0x9c</size>
         <input_file_ref idref="fl-c8"/>
      </object_component>
      <object_component id="oc-11e">
         <name>.text:PRCMPeripheralClockGet</name>
         <load_address>0x20007ff4</load_address>
         <run_address>0x20007ff4</run_address>
         <size>0x94</size>
         <input_file_ref idref="fl-e8"/>
      </object_component>
      <object_component id="oc-112">
         <name>.text</name>
         <load_address>0x20008088</load_address>
         <run_address>0x20008088</run_address>
         <size>0x90</size>
         <input_file_ref idref="fl-5"/>
      </object_component>
      <object_component id="oc-253">
         <name>.text:PinConfigSet</name>
         <load_address>0x20008118</load_address>
         <run_address>0x20008118</run_address>
         <size>0x88</size>
         <input_file_ref idref="fl-e7"/>
      </object_component>
      <object_component id="oc-18f">
         <name>.text</name>
         <load_address>0x200081a0</load_address>
         <run_address>0x200081a0</run_address>
         <size>0x88</size>
         <input_file_ref idref="fl-cf"/>
      </object_component>
      <object_component id="oc-275">
         <name>.text:__aeabi_cdcmple</name>
         <load_address>0x20008228</load_address>
         <run_address>0x20008228</run_address>
         <size>0x86</size>
         <input_file_ref idref="fl-d8"/>
      </object_component>
      <object_component id="oc-284">
         <name>.text:__aeabi_cdrcmple</name>
         <load_address>0x200082ae</load_address>
         <run_address>0x200082ae</run_address>
         <size>0x86</size>
         <input_file_ref idref="fl-d8"/>
      </object_component>
      <object_component id="oc-4f">
         <name>.text</name>
         <load_address>0x20008334</load_address>
         <run_address>0x20008334</run_address>
         <size>0x7a</size>
         <input_file_ref idref="fl-cb"/>
      </object_component>
      <object_component id="oc-124">
         <name>.text:UARTConfigSetExpClk</name>
         <load_address>0x200083ae</load_address>
         <run_address>0x200083ae</run_address>
         <size>0x76</size>
         <input_file_ref idref="fl-ea"/>
      </object_component>
      <object_component id="oc-61">
         <name>.text</name>
         <load_address>0x20008424</load_address>
         <run_address>0x20008424</run_address>
         <size>0x6c</size>
         <input_file_ref idref="fl-d4"/>
      </object_component>
      <object_component id="oc-42">
         <name>.text</name>
         <load_address>0x20008490</load_address>
         <run_address>0x20008490</run_address>
         <size>0x6a</size>
         <input_file_ref idref="fl-c5"/>
      </object_component>
      <object_component id="oc-29e">
         <name>.text</name>
         <load_address>0x200084fc</load_address>
         <run_address>0x200084fc</run_address>
         <size>0x64</size>
         <input_file_ref idref="fl-df"/>
      </object_component>
      <object_component id="oc-12a">
         <name>.text:PRCMPeripheralReset</name>
         <load_address>0x20008560</load_address>
         <run_address>0x20008560</run_address>
         <size>0x58</size>
         <input_file_ref idref="fl-e8"/>
      </object_component>
      <object_component id="oc-28e">
         <name>.text</name>
         <load_address>0x200085b8</load_address>
         <run_address>0x200085b8</run_address>
         <size>0x56</size>
         <input_file_ref idref="fl-dd"/>
      </object_component>
      <object_component id="oc-24">
         <name>.text</name>
         <load_address>0x20008610</load_address>
         <run_address>0x20008610</run_address>
         <size>0x50</size>
         <input_file_ref idref="fl-c3"/>
      </object_component>
      <object_component id="oc-2b6">
         <name>.text</name>
         <load_address>0x20008660</load_address>
         <run_address>0x20008660</run_address>
         <size>0x4c</size>
         <input_file_ref idref="fl-d3"/>
      </object_component>
      <object_component id="oc-97">
         <name>.text</name>
         <load_address>0x200086ac</load_address>
         <run_address>0x200086ac</run_address>
         <size>0x4c</size>
         <input_file_ref idref="fl-d5"/>
      </object_component>
      <object_component id="oc-289">
         <name>.text</name>
         <load_address>0x200086f8</load_address>
         <run_address>0x200086f8</run_address>
         <size>0x48</size>
         <input_file_ref idref="fl-db"/>
      </object_component>
      <object_component id="oc-6d">
         <name>.text</name>
         <load_address>0x20008740</load_address>
         <run_address>0x20008740</run_address>
         <size>0x44</size>
         <input_file_ref idref="fl-c7"/>
      </object_component>
      <object_component id="oc-259">
         <name>.text:PinModeSet</name>
         <load_address>0x20008784</load_address>
         <run_address>0x20008784</run_address>
         <size>0x40</size>
         <input_file_ref idref="fl-e7"/>
      </object_component>
      <object_component id="oc-118">
         <name>.text:PRCMPeripheralClkEnable</name>
         <load_address>0x200087c4</load_address>
         <run_address>0x200087c4</run_address>
         <size>0x3c</size>
         <input_file_ref idref="fl-e8"/>
      </object_component>
      <object_component id="oc-1f0">
         <name>.text:GPIODirModeSet</name>
         <load_address>0x20008800</load_address>
         <run_address>0x20008800</run_address>
         <size>0x36</size>
         <input_file_ref idref="fl-e5"/>
      </object_component>
      <object_component id="oc-1ea">
         <name>.text:PinTypeGPIO</name>
         <load_address>0x20008836</load_address>
         <run_address>0x20008836</run_address>
         <size>0x30</size>
         <input_file_ref idref="fl-e7"/>
      </object_component>
      <object_component id="oc-208">
         <name>.text:UARTDisable</name>
         <load_address>0x20008868</load_address>
         <run_address>0x20008868</run_address>
         <size>0x30</size>
         <input_file_ref idref="fl-ea"/>
      </object_component>
      <object_component id="oc-294">
         <name>.text</name>
         <load_address>0x20008898</load_address>
         <run_address>0x20008898</run_address>
         <size>0x2e</size>
         <input_file_ref idref="fl-dc"/>
      </object_component>
      <object_component id="oc-188">
         <name>.text:PRCMSysResetCauseGet</name>
         <load_address>0x200088c8</load_address>
         <run_address>0x200088c8</run_address>
         <size>0x2c</size>
         <input_file_ref idref="fl-e8"/>
      </object_component>
      <object_component id="oc-182">
         <name>.text:PRCMPeripheralClkDisable</name>
         <load_address>0x200088f4</load_address>
         <run_address>0x200088f4</run_address>
         <size>0x28</size>
         <input_file_ref idref="fl-e8"/>
      </object_component>
      <object_component id="oc-20e">
         <name>.text:UARTEnable</name>
         <load_address>0x2000891c</load_address>
         <run_address>0x2000891c</run_address>
         <size>0x24</size>
         <input_file_ref idref="fl-ea"/>
      </object_component>
      <object_component id="oc-1a1">
         <name>.text</name>
         <load_address>0x20008940</load_address>
         <run_address>0x20008940</run_address>
         <size>0x24</size>
         <input_file_ref idref="fl-c9"/>
      </object_component>
      <object_component id="oc-130">
         <name>.text:SPIReset</name>
         <load_address>0x20008964</load_address>
         <run_address>0x20008964</run_address>
         <size>0x22</size>
         <input_file_ref idref="fl-e9"/>
      </object_component>
      <object_component id="oc-1bb">
         <name>.text:GPIOPinWrite</name>
         <load_address>0x20008986</load_address>
         <run_address>0x20008986</run_address>
         <size>0x20</size>
         <input_file_ref idref="fl-e5"/>
      </object_component>
      <object_component id="oc-1cd">
         <name>.text:SPIDataGet</name>
         <load_address>0x200089a6</load_address>
         <run_address>0x200089a6</run_address>
         <size>0x20</size>
         <input_file_ref idref="fl-e9"/>
      </object_component>
      <object_component id="oc-1c7">
         <name>.text:SPIDataPut</name>
         <load_address>0x200089c6</load_address>
         <run_address>0x200089c6</run_address>
         <size>0x1e</size>
         <input_file_ref idref="fl-e9"/>
      </object_component>
      <object_component id="oc-10c">
         <name>.text:UARTCharPut</name>
         <load_address>0x200089e4</load_address>
         <run_address>0x200089e4</run_address>
         <size>0x1e</size>
         <input_file_ref idref="fl-ea"/>
      </object_component>
      <object_component id="oc-195">
         <name>.text:UARTCharGetNonBlocking</name>
         <load_address>0x20008a02</load_address>
         <run_address>0x20008a02</run_address>
         <size>0x1c</size>
         <input_file_ref idref="fl-ea"/>
      </object_component>
      <object_component id="oc-2b0">
         <name>.text</name>
         <load_address>0x20008a1e</load_address>
         <run_address>0x20008a1e</run_address>
         <size>0x1c</size>
         <input_file_ref idref="fl-de"/>
      </object_component>
      <object_component id="oc-1f6">
         <name>.text:PinTypeSPI</name>
         <load_address>0x20008a3a</load_address>
         <run_address>0x20008a3a</run_address>
         <size>0x1a</size>
         <input_file_ref idref="fl-e7"/>
      </object_component>
      <object_component id="oc-1fc">
         <name>.text:PinTypeUART</name>
         <load_address>0x20008a54</load_address>
         <run_address>0x20008a54</run_address>
         <size>0x1a</size>
         <input_file_ref idref="fl-e7"/>
      </object_component>
      <object_component id="oc-136">
         <name>.text:SPIFIFOEnable</name>
         <load_address>0x20008a6e</load_address>
         <run_address>0x20008a6e</run_address>
         <size>0x1a</size>
         <input_file_ref idref="fl-e9"/>
      </object_component>
      <object_component id="oc-1d3">
         <name>.text:SPICSDisable</name>
         <load_address>0x20008a88</load_address>
         <run_address>0x20008a88</run_address>
         <size>0x18</size>
         <input_file_ref idref="fl-e9"/>
      </object_component>
      <object_component id="oc-1c1">
         <name>.text:SPICSEnable</name>
         <load_address>0x20008aa0</load_address>
         <run_address>0x20008aa0</run_address>
         <size>0x18</size>
         <input_file_ref idref="fl-e9"/>
      </object_component>
      <object_component id="oc-142">
         <name>.text:SPIEnable</name>
         <load_address>0x20008ab8</load_address>
         <run_address>0x20008ab8</run_address>
         <size>0x18</size>
         <input_file_ref idref="fl-e9"/>
      </object_component>
      <object_component id="oc-100">
         <name>.text:UARTCharsAvail</name>
         <load_address>0x20008ad0</load_address>
         <run_address>0x20008ad0</run_address>
         <size>0x18</size>
         <input_file_ref idref="fl-ea"/>
      </object_component>
      <object_component id="oc-67">
         <name>.text</name>
         <load_address>0x20008ae8</load_address>
         <run_address>0x20008ae8</run_address>
         <size>0x18</size>
         <input_file_ref idref="fl-d2"/>
      </object_component>
      <object_component id="oc-176">
         <name>.text:PRCMHIBRegRead</name>
         <load_address>0x20008b00</load_address>
         <run_address>0x20008b00</run_address>
         <size>0x16</size>
         <input_file_ref idref="fl-e8"/>
      </object_component>
      <object_component id="oc-17c">
         <name>.text:PRCMHIBRegWrite</name>
         <load_address>0x20008b16</load_address>
         <run_address>0x20008b16</run_address>
         <size>0x16</size>
         <input_file_ref idref="fl-e8"/>
      </object_component>
      <object_component id="oc-106">
         <name>.text:UARTCharGet</name>
         <load_address>0x20008b2c</load_address>
         <run_address>0x20008b2c</run_address>
         <size>0x16</size>
         <input_file_ref idref="fl-ea"/>
      </object_component>
      <object_component id="oc-2aa">
         <name>.text</name>
         <load_address>0x20008b42</load_address>
         <run_address>0x20008b42</run_address>
         <size>0x16</size>
         <input_file_ref idref="fl-e1"/>
      </object_component>
      <object_component id="oc-166">
         <name>.text:CPUcpsie</name>
         <load_address>0x20008b58</load_address>
         <run_address>0x20008b58</run_address>
         <size>0x14</size>
         <input_file_ref idref="fl-ec"/>
      </object_component>
      <object_component id="oc-cc">
         <name>.text:IntVTableBaseSet</name>
         <load_address>0x20008b6c</load_address>
         <run_address>0x20008b6c</run_address>
         <size>0x14</size>
         <input_file_ref idref="fl-e6"/>
      </object_component>
      <object_component id="oc-150">
         <name>.text</name>
         <load_address>0x20008b80</load_address>
         <run_address>0x20008b80</run_address>
         <size>0x14</size>
         <input_file_ref idref="fl-d0"/>
      </object_component>
      <object_component id="oc-2e8">
         <name>.text</name>
         <load_address>0x20008b94</load_address>
         <run_address>0x20008b94</run_address>
         <size>0x14</size>
         <input_file_ref idref="fl-e4"/>
      </object_component>
      <object_component id="oc-19b">
         <name>.text</name>
         <load_address>0x20008ba8</load_address>
         <run_address>0x20008ba8</run_address>
         <size>0x14</size>
         <input_file_ref idref="fl-ce"/>
      </object_component>
      <object_component id="oc-12">
         <name>.text:decompress:none</name>
         <load_address>0x20008bbc</load_address>
         <run_address>0x20008bbc</run_address>
         <size>0xe</size>
         <input_file_ref idref="fl-c4"/>
      </object_component>
      <object_component id="oc-2d">
         <name>.text</name>
         <load_address>0x20008bca</load_address>
         <run_address>0x20008bca</run_address>
         <size>0xe</size>
         <input_file_ref idref="fl-6"/>
      </object_component>
      <object_component id="oc-1e">
         <name>.text:decompress:ZI</name>
         <load_address>0x20008bd8</load_address>
         <run_address>0x20008bd8</run_address>
         <size>0xc</size>
         <input_file_ref idref="fl-c6"/>
      </object_component>
      <object_component id="oc-d2">
         <name>.text:IntMasterEnable</name>
         <load_address>0x20008be4</load_address>
         <run_address>0x20008be4</run_address>
         <size>0xa</size>
         <input_file_ref idref="fl-e6"/>
      </object_component>
      <object_component id="oc-f6">
         <name>.text:UtilsDelay</name>
         <load_address>0x20008bee</load_address>
         <run_address>0x20008bee</run_address>
         <size>0x6</size>
         <input_file_ref idref="fl-eb"/>
      </object_component>
      <object_component id="oc-18">
         <name>.text:decompress:rle24</name>
         <load_address>0x20008bf4</load_address>
         <run_address>0x20008bf4</run_address>
         <size>0x6</size>
         <input_file_ref idref="fl-c5"/>
      </object_component>
      <object_component id="oc-5b">
         <name>.text</name>
         <load_address>0x20008bfa</load_address>
         <run_address>0x20008bfa</run_address>
         <size>0x4</size>
         <input_file_ref idref="fl-cc"/>
      </object_component>
      <object_component id="oc-1db">
         <name>.const:.string:font</name>
         <load_address>0x20008c00</load_address>
         <run_address>0x20008c00</run_address>
         <size>0x4fb</size>
         <input_file_ref idref="fl-2"/>
      </object_component>
      <object_component id="oc-fd">
         <name>.const:.string:font</name>
         <load_address>0x200090fb</load_address>
         <run_address>0x200090fb</run_address>
         <size>0x4fb</size>
         <input_file_ref idref="fl-4"/>
      </object_component>
      <object_component id="oc-2f7">
         <name>.const:.string:_ctypes_</name>
         <load_address>0x200095f6</load_address>
         <run_address>0x200095f6</run_address>
         <size>0x101</size>
         <input_file_ref idref="fl-d6"/>
      </object_component>
      <object_component id="oc-2d2">
         <name>.const:g_ulPinToPadMap</name>
         <load_address>0x200096f8</load_address>
         <run_address>0x200096f8</run_address>
         <size>0x100</size>
         <input_file_ref idref="fl-e7"/>
      </object_component>
      <object_component id="oc-203">
         <name>.const:PRCM_PeriphRegsList</name>
         <load_address>0x200097f8</load_address>
         <run_address>0x200097f8</run_address>
         <size>0xa8</size>
         <input_file_ref idref="fl-e8"/>
      </object_component>
      <object_component id="oc-172">
         <name>.const</name>
         <load_address>0x200098a0</load_address>
         <run_address>0x200098a0</run_address>
         <size>0x80</size>
         <input_file_ref idref="fl-e6"/>
      </object_component>
      <object_component id="oc-33f">
         <name>.cinit..data.load</name>
         <load_address>0x20009920</load_address>
         <run_address>0x20009920</run_address>
         <size>0x2f</size>
      </object_component>
      <object_component id="oc-33d">
         <name>__TI_handler_table</name>
         <load_address>0x20009950</load_address>
         <run_address>0x20009950</run_address>
         <size>0xc</size>
      </object_component>
      <object_component id="oc-340">
         <name>.cinit..bss.load</name>
         <load_address>0x20009960</load_address>
         <run_address>0x20009960</run_address>
         <size>0x8</size>
      </object_component>
      <object_component id="oc-33e">
         <name>__TI_cinit_table</name>
         <load_address>0x20009968</load_address>
         <run_address>0x20009968</run_address>
         <size>0x10</size>
      </object_component>
      <object_component id="oc-2a">
         <name>.sysmem</name>
         <uninitialized>true</uninitialized>
         <run_address>0x20017000</run_address>
         <size>0x8</size>
         <input_file_ref idref="fl-ca"/>
      </object_component>
      <object_component id="oc-342">
         <name>.sysmem</name>
         <uninitialized>true</uninitialized>
         <run_address>0x20017000</run_address>
         <size>0x0</size>
      </object_component>
      <object_component id="oc-29">
         <name>.stack</name>
         <uninitialized>true</uninitialized>
         <run_address>0x2002f800</run_address>
         <size>0x0</size>
         <input_file_ref idref="fl-c3"/>
      </object_component>
      <object_component id="oc-341">
         <name>.stack</name>
         <uninitialized>true</uninitialized>
         <run_address>0x2002f800</run_address>
         <size>0x0</size>
      </object_component>
      <object_component id="oc-1ad">
         <name>.common:__Errorlog</name>
         <uninitialized>true</uninitialized>
         <run_address>0x2001783c</run_address>
         <size>0x4</size>
      </object_component>
      <object_component id="oc-1de">
         <name>.data</name>
         <load_address>0x20017800</load_address>
         <run_address>0x20017800</run_address>
         <size>0x15</size>
         <input_file_ref idref="fl-2"/>
      </object_component>
      <object_component id="oc-aa">
         <name>.data</name>
         <load_address>0x2001782c</load_address>
         <run_address>0x2001782c</run_address>
         <size>0x8</size>
         <input_file_ref idref="fl-c7"/>
      </object_component>
      <object_component id="oc-23d">
         <name>.data</name>
         <load_address>0x20017818</load_address>
         <run_address>0x20017818</run_address>
         <size>0xc</size>
         <input_file_ref idref="fl-ca"/>
      </object_component>
      <object_component id="oc-73">
         <name>.data</name>
         <load_address>0x20017838</load_address>
         <run_address>0x20017838</run_address>
         <size>0x4</size>
         <input_file_ref idref="fl-cd"/>
      </object_component>
      <object_component id="oc-a7">
         <name>.data</name>
         <load_address>0x20017824</load_address>
         <run_address>0x20017824</run_address>
         <size>0x8</size>
         <input_file_ref idref="fl-d0"/>
      </object_component>
      <object_component id="oc-2ee">
         <name>.data</name>
         <load_address>0x20017834</load_address>
         <run_address>0x20017834</run_address>
         <size>0x4</size>
         <input_file_ref idref="fl-e3"/>
      </object_component>
      <object_component id="oc-1e2">
         <name>.debug_info</name>
         <load_address>0x0</load_address>
         <run_address>0x0</run_address>
         <size>0x1c6</size>
         <input_file_ref idref="fl-2"/>
      </object_component>
      <object_component id="oc-1dc">
         <name>.debug_info</name>
         <load_address>0x1c6</load_address>
         <run_address>0x1c6</run_address>
         <size>0xcb</size>
         <input_file_ref idref="fl-2"/>
      </object_component>
      <object_component id="oc-1df">
         <name>.debug_info</name>
         <load_address>0x291</load_address>
         <run_address>0x291</run_address>
         <size>0x179</size>
         <input_file_ref idref="fl-2"/>
      </object_component>
      <object_component id="oc-f1">
         <name>.debug_info</name>
         <load_address>0x40a</load_address>
         <run_address>0x40a</run_address>
         <size>0x14d5</size>
         <input_file_ref idref="fl-2"/>
      </object_component>
      <object_component id="oc-7e">
         <name>.debug_info</name>
         <load_address>0x18df</load_address>
         <run_address>0x18df</run_address>
         <size>0x84</size>
         <input_file_ref idref="fl-2"/>
      </object_component>
      <object_component id="oc-1da">
         <name>.debug_info</name>
         <load_address>0x1963</load_address>
         <run_address>0x1963</run_address>
         <size>0x1a8</size>
         <input_file_ref idref="fl-3"/>
      </object_component>
      <object_component id="oc-ed">
         <name>.debug_info</name>
         <load_address>0x1b0b</load_address>
         <run_address>0x1b0b</run_address>
         <size>0xe0e</size>
         <input_file_ref idref="fl-3"/>
      </object_component>
      <object_component id="oc-269">
         <name>.debug_info</name>
         <load_address>0x2919</load_address>
         <run_address>0x2919</run_address>
         <size>0x62</size>
         <input_file_ref idref="fl-3"/>
      </object_component>
      <object_component id="oc-16d">
         <name>.debug_info</name>
         <load_address>0x297b</load_address>
         <run_address>0x297b</run_address>
         <size>0x2c</size>
         <input_file_ref idref="fl-3"/>
      </object_component>
      <object_component id="oc-8e">
         <name>.debug_info</name>
         <load_address>0x29a7</load_address>
         <run_address>0x29a7</run_address>
         <size>0x2c</size>
         <input_file_ref idref="fl-3"/>
      </object_component>
      <object_component id="oc-1e6">
         <name>.debug_info</name>
         <load_address>0x29d3</load_address>
         <run_address>0x29d3</run_address>
         <size>0x778</size>
         <input_file_ref idref="fl-4"/>
      </object_component>
      <object_component id="oc-fe">
         <name>.debug_info</name>
         <load_address>0x314b</load_address>
         <run_address>0x314b</run_address>
         <size>0xc3</size>
         <input_file_ref idref="fl-4"/>
      </object_component>
      <object_component id="oc-a0">
         <name>.debug_info</name>
         <load_address>0x320e</load_address>
         <run_address>0x320e</run_address>
         <size>0x827</size>
         <input_file_ref idref="fl-4"/>
      </object_component>
      <object_component id="oc-113">
         <name>.debug_info</name>
         <load_address>0x3a35</load_address>
         <run_address>0x3a35</run_address>
         <size>0x26e</size>
         <input_file_ref idref="fl-5"/>
      </object_component>
      <object_component id="oc-35">
         <name>.debug_info</name>
         <load_address>0x3ca3</load_address>
         <run_address>0x3ca3</run_address>
         <size>0x11d</size>
         <input_file_ref idref="fl-6"/>
      </object_component>
      <object_component id="oc-10">
         <name>.debug_info</name>
         <load_address>0x3dc0</load_address>
         <run_address>0x3dc0</run_address>
         <size>0x108</size>
         <input_file_ref idref="fl-6"/>
      </object_component>
      <object_component id="oc-31">
         <name>.debug_info</name>
         <load_address>0x3ec8</load_address>
         <run_address>0x3ec8</run_address>
         <size>0x429</size>
         <input_file_ref idref="fl-6"/>
      </object_component>
      <object_component id="oc-f9">
         <name>.debug_info</name>
         <load_address>0x42f1</load_address>
         <run_address>0x42f1</run_address>
         <size>0xd95</size>
         <input_file_ref idref="fl-7"/>
      </object_component>
      <object_component id="oc-1ae">
         <name>.debug_info</name>
         <load_address>0x5086</load_address>
         <run_address>0x5086</run_address>
         <size>0x3a3</size>
         <input_file_ref idref="fl-8"/>
      </object_component>
      <object_component id="oc-e5">
         <name>.debug_info</name>
         <load_address>0x5429</load_address>
         <run_address>0x5429</run_address>
         <size>0x8dc</size>
         <input_file_ref idref="fl-8"/>
      </object_component>
      <object_component id="oc-1b6">
         <name>.debug_info</name>
         <load_address>0x5d05</load_address>
         <run_address>0x5d05</run_address>
         <size>0x110</size>
         <input_file_ref idref="fl-8"/>
      </object_component>
      <object_component id="oc-1b1">
         <name>.debug_info</name>
         <load_address>0x5e15</load_address>
         <run_address>0x5e15</run_address>
         <size>0x4e</size>
         <input_file_ref idref="fl-8"/>
      </object_component>
      <object_component id="oc-25">
         <name>.debug_info</name>
         <load_address>0x5e63</load_address>
         <run_address>0x5e63</run_address>
         <size>0x149</size>
         <input_file_ref idref="fl-c3"/>
      </object_component>
      <object_component id="oc-41">
         <name>.debug_info</name>
         <load_address>0x5fac</load_address>
         <run_address>0x5fac</run_address>
         <size>0x13a</size>
         <input_file_ref idref="fl-c4"/>
      </object_component>
      <object_component id="oc-15">
         <name>.debug_info</name>
         <load_address>0x60e6</load_address>
         <run_address>0x60e6</run_address>
         <size>0x1d9</size>
         <input_file_ref idref="fl-c4"/>
      </object_component>
      <object_component id="oc-3c">
         <name>.debug_info</name>
         <load_address>0x62bf</load_address>
         <run_address>0x62bf</run_address>
         <size>0x46</size>
         <input_file_ref idref="fl-c4"/>
      </object_component>
      <object_component id="oc-84">
         <name>.debug_info</name>
         <load_address>0x6305</load_address>
         <run_address>0x6305</run_address>
         <size>0x2c</size>
         <input_file_ref idref="fl-c4"/>
      </object_component>
      <object_component id="oc-49">
         <name>.debug_info</name>
         <load_address>0x6331</load_address>
         <run_address>0x6331</run_address>
         <size>0x12e</size>
         <input_file_ref idref="fl-c5"/>
      </object_component>
      <object_component id="oc-46">
         <name>.debug_info</name>
         <load_address>0x645f</load_address>
         <run_address>0x645f</run_address>
         <size>0x241</size>
         <input_file_ref idref="fl-c5"/>
      </object_component>
      <object_component id="oc-1c">
         <name>.debug_info</name>
         <load_address>0x66a0</load_address>
         <run_address>0x66a0</run_address>
         <size>0x1ab</size>
         <input_file_ref idref="fl-c5"/>
      </object_component>
      <object_component id="oc-4a">
         <name>.debug_info</name>
         <load_address>0x684b</load_address>
         <run_address>0x684b</run_address>
         <size>0x39</size>
         <input_file_ref idref="fl-c5"/>
      </object_component>
      <object_component id="oc-5a">
         <name>.debug_info</name>
         <load_address>0x6884</load_address>
         <run_address>0x6884</run_address>
         <size>0x129</size>
         <input_file_ref idref="fl-c6"/>
      </object_component>
      <object_component id="oc-1f">
         <name>.debug_info</name>
         <load_address>0x69ad</load_address>
         <run_address>0x69ad</run_address>
         <size>0x1a4</size>
         <input_file_ref idref="fl-c6"/>
      </object_component>
      <object_component id="oc-55">
         <name>.debug_info</name>
         <load_address>0x6b51</load_address>
         <run_address>0x6b51</run_address>
         <size>0x46</size>
         <input_file_ref idref="fl-c6"/>
      </object_component>
      <object_component id="oc-ae">
         <name>.debug_info</name>
         <load_address>0x6b97</load_address>
         <run_address>0x6b97</run_address>
         <size>0x18b</size>
         <input_file_ref idref="fl-c7"/>
      </object_component>
      <object_component id="oc-ab">
         <name>.debug_info</name>
         <load_address>0x6d22</load_address>
         <run_address>0x6d22</run_address>
         <size>0x130</size>
         <input_file_ref idref="fl-c7"/>
      </object_component>
      <object_component id="oc-71">
         <name>.debug_info</name>
         <load_address>0x6e52</load_address>
         <run_address>0x6e52</run_address>
         <size>0x207</size>
         <input_file_ref idref="fl-c7"/>
      </object_component>
      <object_component id="oc-39">
         <name>.debug_info</name>
         <load_address>0x7059</load_address>
         <run_address>0x7059</run_address>
         <size>0x10b</size>
         <input_file_ref idref="fl-c8"/>
      </object_component>
      <object_component id="oc-23c">
         <name>.debug_info</name>
         <load_address>0x7164</load_address>
         <run_address>0x7164</run_address>
         <size>0x126</size>
         <input_file_ref idref="fl-c9"/>
      </object_component>
      <object_component id="oc-1a2">
         <name>.debug_info</name>
         <load_address>0x728a</load_address>
         <run_address>0x728a</run_address>
         <size>0x1a5</size>
         <input_file_ref idref="fl-c9"/>
      </object_component>
      <object_component id="oc-79">
         <name>.debug_info</name>
         <load_address>0x742f</load_address>
         <run_address>0x742f</run_address>
         <size>0x21c</size>
         <input_file_ref idref="fl-ca"/>
      </object_component>
      <object_component id="oc-2b">
         <name>.debug_info</name>
         <load_address>0x764b</load_address>
         <run_address>0x764b</run_address>
         <size>0xfb</size>
         <input_file_ref idref="fl-ca"/>
      </object_component>
      <object_component id="oc-23e">
         <name>.debug_info</name>
         <load_address>0x7746</load_address>
         <run_address>0x7746</run_address>
         <size>0x146</size>
         <input_file_ref idref="fl-ca"/>
      </object_component>
      <object_component id="oc-1a8">
         <name>.debug_info</name>
         <load_address>0x788c</load_address>
         <run_address>0x788c</run_address>
         <size>0x885</size>
         <input_file_ref idref="fl-ca"/>
      </object_component>
      <object_component id="oc-b4">
         <name>.debug_info</name>
         <load_address>0x8111</load_address>
         <run_address>0x8111</run_address>
         <size>0x2c</size>
         <input_file_ref idref="fl-ca"/>
      </object_component>
      <object_component id="oc-b9">
         <name>.debug_info</name>
         <load_address>0x813d</load_address>
         <run_address>0x813d</run_address>
         <size>0x62</size>
         <input_file_ref idref="fl-ca"/>
      </object_component>
      <object_component id="oc-51">
         <name>.debug_info</name>
         <load_address>0x819f</load_address>
         <run_address>0x819f</run_address>
         <size>0x139</size>
         <input_file_ref idref="fl-cb"/>
      </object_component>
      <object_component id="oc-5c">
         <name>.debug_info</name>
         <load_address>0x82d8</load_address>
         <run_address>0x82d8</run_address>
         <size>0x142</size>
         <input_file_ref idref="fl-cc"/>
      </object_component>
      <object_component id="oc-74">
         <name>.debug_info</name>
         <load_address>0x841a</load_address>
         <run_address>0x841a</run_address>
         <size>0x103</size>
         <input_file_ref idref="fl-cd"/>
      </object_component>
      <object_component id="oc-23a">
         <name>.debug_info</name>
         <load_address>0x851d</load_address>
         <run_address>0x851d</run_address>
         <size>0xe4</size>
         <input_file_ref idref="fl-ce"/>
      </object_component>
      <object_component id="oc-19e">
         <name>.debug_info</name>
         <load_address>0x8601</load_address>
         <run_address>0x8601</run_address>
         <size>0x238</size>
         <input_file_ref idref="fl-ce"/>
      </object_component>
      <object_component id="oc-22d">
         <name>.debug_info</name>
         <load_address>0x8839</load_address>
         <run_address>0x8839</run_address>
         <size>0x1c2</size>
         <input_file_ref idref="fl-cf"/>
      </object_component>
      <object_component id="oc-190">
         <name>.debug_info</name>
         <load_address>0x89fb</load_address>
         <run_address>0x89fb</run_address>
         <size>0x356</size>
         <input_file_ref idref="fl-cf"/>
      </object_component>
      <object_component id="oc-22e">
         <name>.debug_info</name>
         <load_address>0x8d51</load_address>
         <run_address>0x8d51</run_address>
         <size>0x2c</size>
         <input_file_ref idref="fl-cf"/>
      </object_component>
      <object_component id="oc-233">
         <name>.debug_info</name>
         <load_address>0x8d7d</load_address>
         <run_address>0x8d7d</run_address>
         <size>0x69</size>
         <input_file_ref idref="fl-cf"/>
      </object_component>
      <object_component id="oc-158">
         <name>.debug_info</name>
         <load_address>0x8de6</load_address>
         <run_address>0x8de6</run_address>
         <size>0x11e</size>
         <input_file_ref idref="fl-d0"/>
      </object_component>
      <object_component id="oc-a8">
         <name>.debug_info</name>
         <load_address>0x8f04</load_address>
         <run_address>0x8f04</run_address>
         <size>0x10d</size>
         <input_file_ref idref="fl-d0"/>
      </object_component>
      <object_component id="oc-151">
         <name>.debug_info</name>
         <load_address>0x9011</load_address>
         <run_address>0x9011</run_address>
         <size>0x219</size>
         <input_file_ref idref="fl-d0"/>
      </object_component>
      <object_component id="oc-2bd">
         <name>.debug_info</name>
         <load_address>0x922a</load_address>
         <run_address>0x922a</run_address>
         <size>0x38a</size>
         <input_file_ref idref="fl-d1"/>
      </object_component>
      <object_component id="oc-22a">
         <name>.debug_info</name>
         <load_address>0x95b4</load_address>
         <run_address>0x95b4</run_address>
         <size>0x17ea</size>
         <input_file_ref idref="fl-d1"/>
      </object_component>
      <object_component id="oc-2be">
         <name>.debug_info</name>
         <load_address>0xad9e</load_address>
         <run_address>0xad9e</run_address>
         <size>0x86</size>
         <input_file_ref idref="fl-d1"/>
      </object_component>
      <object_component id="oc-2fe">
         <name>.debug_info</name>
         <load_address>0xae24</load_address>
         <run_address>0xae24</run_address>
         <size>0x46</size>
         <input_file_ref idref="fl-d1"/>
      </object_component>
      <object_component id="oc-2c3">
         <name>.debug_info</name>
         <load_address>0xae6a</load_address>
         <run_address>0xae6a</run_address>
         <size>0x39</size>
         <input_file_ref idref="fl-d1"/>
      </object_component>
      <object_component id="oc-a6">
         <name>.debug_info</name>
         <load_address>0xaea3</load_address>
         <run_address>0xaea3</run_address>
         <size>0x160</size>
         <input_file_ref idref="fl-d2"/>
      </object_component>
      <object_component id="oc-69">
         <name>.debug_info</name>
         <load_address>0xb003</load_address>
         <run_address>0xb003</run_address>
         <size>0x161</size>
         <input_file_ref idref="fl-d2"/>
      </object_component>
      <object_component id="oc-14b">
         <name>.debug_info</name>
         <load_address>0xb164</load_address>
         <run_address>0xb164</run_address>
         <size>0x5e</size>
         <input_file_ref idref="fl-d2"/>
      </object_component>
      <object_component id="oc-2fb">
         <name>.debug_info</name>
         <load_address>0xb1c2</load_address>
         <run_address>0xb1c2</run_address>
         <size>0x10e</size>
         <input_file_ref idref="fl-d3"/>
      </object_component>
      <object_component id="oc-2b7">
         <name>.debug_info</name>
         <load_address>0xb2d0</load_address>
         <run_address>0xb2d0</run_address>
         <size>0x16b</size>
         <input_file_ref idref="fl-d3"/>
      </object_component>
      <object_component id="oc-9e">
         <name>.debug_info</name>
         <load_address>0xb43b</load_address>
         <run_address>0xb43b</run_address>
         <size>0x2b7</size>
         <input_file_ref idref="fl-d4"/>
      </object_component>
      <object_component id="oc-62">
         <name>.debug_info</name>
         <load_address>0xb6f2</load_address>
         <run_address>0xb6f2</run_address>
         <size>0x171</size>
         <input_file_ref idref="fl-d4"/>
      </object_component>
      <object_component id="oc-c2">
         <name>.debug_info</name>
         <load_address>0xb863</load_address>
         <run_address>0xb863</run_address>
         <size>0x39</size>
         <input_file_ref idref="fl-d4"/>
      </object_component>
      <object_component id="oc-c7">
         <name>.debug_info</name>
         <load_address>0xb89c</load_address>
         <run_address>0xb89c</run_address>
         <size>0xcd</size>
         <input_file_ref idref="fl-d4"/>
      </object_component>
      <object_component id="oc-bf">
         <name>.debug_info</name>
         <load_address>0xb969</load_address>
         <run_address>0xb969</run_address>
         <size>0x1da</size>
         <input_file_ref idref="fl-d5"/>
      </object_component>
      <object_component id="oc-98">
         <name>.debug_info</name>
         <load_address>0xbb43</load_address>
         <run_address>0xbb43</run_address>
         <size>0x17d</size>
         <input_file_ref idref="fl-d5"/>
      </object_component>
      <object_component id="oc-160">
         <name>.debug_info</name>
         <load_address>0xbcc0</load_address>
         <run_address>0xbcc0</run_address>
         <size>0x2c</size>
         <input_file_ref idref="fl-d5"/>
      </object_component>
      <object_component id="oc-315">
         <name>.debug_info</name>
         <load_address>0xbcec</load_address>
         <run_address>0xbcec</run_address>
         <size>0xe8</size>
         <input_file_ref idref="fl-d6"/>
      </object_component>
      <object_component id="oc-2f8">
         <name>.debug_info</name>
         <load_address>0xbdd4</load_address>
         <run_address>0xbdd4</run_address>
         <size>0xf4</size>
         <input_file_ref idref="fl-d6"/>
      </object_component>
      <object_component id="oc-29a">
         <name>.debug_info</name>
         <load_address>0xbec8</load_address>
         <run_address>0xbec8</run_address>
         <size>0x13e</size>
         <input_file_ref idref="fl-d7"/>
      </object_component>
      <object_component id="oc-277">
         <name>.debug_info</name>
         <load_address>0xc006</load_address>
         <run_address>0xc006</run_address>
         <size>0x11a</size>
         <input_file_ref idref="fl-d8"/>
      </object_component>
      <object_component id="oc-287">
         <name>.debug_info</name>
         <load_address>0xc120</load_address>
         <run_address>0xc120</run_address>
         <size>0x11c</size>
         <input_file_ref idref="fl-d8"/>
      </object_component>
      <object_component id="oc-281">
         <name>.debug_info</name>
         <load_address>0xc23c</load_address>
         <run_address>0xc23c</run_address>
         <size>0x12c</size>
         <input_file_ref idref="fl-d9"/>
      </object_component>
      <object_component id="oc-27c">
         <name>.debug_info</name>
         <load_address>0xc368</load_address>
         <run_address>0xc368</run_address>
         <size>0x12c</size>
         <input_file_ref idref="fl-da"/>
      </object_component>
      <object_component id="oc-28a">
         <name>.debug_info</name>
         <load_address>0xc494</load_address>
         <run_address>0xc494</run_address>
         <size>0x120</size>
         <input_file_ref idref="fl-db"/>
      </object_component>
      <object_component id="oc-297">
         <name>.debug_info</name>
         <load_address>0xc5b4</load_address>
         <run_address>0xc5b4</run_address>
         <size>0x11e</size>
         <input_file_ref idref="fl-dc"/>
      </object_component>
      <object_component id="oc-2de">
         <name>.debug_info</name>
         <load_address>0xc6d2</load_address>
         <run_address>0xc6d2</run_address>
         <size>0x146</size>
         <input_file_ref idref="fl-dd"/>
      </object_component>
      <object_component id="oc-28f">
         <name>.debug_info</name>
         <load_address>0xc818</load_address>
         <run_address>0xc818</run_address>
         <size>0x1bc</size>
         <input_file_ref idref="fl-dd"/>
      </object_component>
      <object_component id="oc-2f6">
         <name>.debug_info</name>
         <load_address>0xc9d4</load_address>
         <run_address>0xc9d4</run_address>
         <size>0xeb</size>
         <input_file_ref idref="fl-de"/>
      </object_component>
      <object_component id="oc-2b2">
         <name>.debug_info</name>
         <load_address>0xcabf</load_address>
         <run_address>0xcabf</run_address>
         <size>0x1a5</size>
         <input_file_ref idref="fl-de"/>
      </object_component>
      <object_component id="oc-2e2">
         <name>.debug_info</name>
         <load_address>0xcc64</load_address>
         <run_address>0xcc64</run_address>
         <size>0x139</size>
         <input_file_ref idref="fl-df"/>
      </object_component>
      <object_component id="oc-2a0">
         <name>.debug_info</name>
         <load_address>0xcd9d</load_address>
         <run_address>0xcd9d</run_address>
         <size>0x184</size>
         <input_file_ref idref="fl-df"/>
      </object_component>
      <object_component id="oc-2e3">
         <name>.debug_info</name>
         <load_address>0xcf21</load_address>
         <run_address>0xcf21</run_address>
         <size>0x2c</size>
         <input_file_ref idref="fl-df"/>
      </object_component>
      <object_component id="oc-2f2">
         <name>.debug_info</name>
         <load_address>0xcf4d</load_address>
         <run_address>0xcf4d</run_address>
         <size>0x176</size>
         <input_file_ref idref="fl-e0"/>
      </object_component>
      <object_component id="oc-2a5">
         <name>.debug_info</name>
         <load_address>0xd0c3</load_address>
         <run_address>0xd0c3</run_address>
         <size>0x1cf</size>
         <input_file_ref idref="fl-e0"/>
      </object_component>
      <object_component id="oc-2f4">
         <name>.debug_info</name>
         <load_address>0xd292</load_address>
         <run_address>0xd292</run_address>
         <size>0xef</size>
         <input_file_ref idref="fl-e1"/>
      </object_component>
      <object_component id="oc-2ad">
         <name>.debug_info</name>
         <load_address>0xd381</load_address>
         <run_address>0xd381</run_address>
         <size>0x252</size>
         <input_file_ref idref="fl-e1"/>
      </object_component>
      <object_component id="oc-273">
         <name>.debug_info</name>
         <load_address>0xd5d3</load_address>
         <run_address>0xd5d3</run_address>
         <size>0x177</size>
         <input_file_ref idref="fl-e2"/>
      </object_component>
      <object_component id="oc-2ef">
         <name>.debug_info</name>
         <load_address>0xd74a</load_address>
         <run_address>0xd74a</run_address>
         <size>0xed</size>
         <input_file_ref idref="fl-e3"/>
      </object_component>
      <object_component id="oc-2ec">
         <name>.debug_info</name>
         <load_address>0xd837</load_address>
         <run_address>0xd837</run_address>
         <size>0x150</size>
         <input_file_ref idref="fl-e4"/>
      </object_component>
      <object_component id="oc-1f1">
         <name>.debug_info</name>
         <load_address>0xd987</load_address>
         <run_address>0xd987</run_address>
         <size>0x229</size>
         <input_file_ref idref="fl-e5"/>
      </object_component>
      <object_component id="oc-1bc">
         <name>.debug_info</name>
         <load_address>0xdbb0</load_address>
         <run_address>0xdbb0</run_address>
         <size>0x220</size>
         <input_file_ref idref="fl-e5"/>
      </object_component>
      <object_component id="oc-221">
         <name>.debug_info</name>
         <load_address>0xddd0</load_address>
         <run_address>0xddd0</run_address>
         <size>0x1bb</size>
         <input_file_ref idref="fl-e6"/>
      </object_component>
      <object_component id="oc-173">
         <name>.debug_info</name>
         <load_address>0xdf8b</load_address>
         <run_address>0xdf8b</run_address>
         <size>0x1be</size>
         <input_file_ref idref="fl-e6"/>
      </object_component>
      <object_component id="oc-d3">
         <name>.debug_info</name>
         <load_address>0xe149</load_address>
         <run_address>0xe149</run_address>
         <size>0x1c8</size>
         <input_file_ref idref="fl-e6"/>
      </object_component>
      <object_component id="oc-cd">
         <name>.debug_info</name>
         <load_address>0xe311</load_address>
         <run_address>0xe311</run_address>
         <size>0x1fa</size>
         <input_file_ref idref="fl-e6"/>
      </object_component>
      <object_component id="oc-d9">
         <name>.debug_info</name>
         <load_address>0xe50b</load_address>
         <run_address>0xe50b</run_address>
         <size>0x1eb</size>
         <input_file_ref idref="fl-e6"/>
      </object_component>
      <object_component id="oc-305">
         <name>.debug_info</name>
         <load_address>0xe6f6</load_address>
         <run_address>0xe6f6</run_address>
         <size>0x108</size>
         <input_file_ref idref="fl-e7"/>
      </object_component>
      <object_component id="oc-2d3">
         <name>.debug_info</name>
         <load_address>0xe7fe</load_address>
         <run_address>0xe7fe</run_address>
         <size>0x116</size>
         <input_file_ref idref="fl-e7"/>
      </object_component>
      <object_component id="oc-25a">
         <name>.debug_info</name>
         <load_address>0xe914</load_address>
         <run_address>0xe914</run_address>
         <size>0x20b</size>
         <input_file_ref idref="fl-e7"/>
      </object_component>
      <object_component id="oc-254">
         <name>.debug_info</name>
         <load_address>0xeb1f</load_address>
         <run_address>0xeb1f</run_address>
         <size>0x259</size>
         <input_file_ref idref="fl-e7"/>
      </object_component>
      <object_component id="oc-1fd">
         <name>.debug_info</name>
         <load_address>0xed78</load_address>
         <run_address>0xed78</run_address>
         <size>0x220</size>
         <input_file_ref idref="fl-e7"/>
      </object_component>
      <object_component id="oc-1f7">
         <name>.debug_info</name>
         <load_address>0xef98</load_address>
         <run_address>0xef98</run_address>
         <size>0x21e</size>
         <input_file_ref idref="fl-e7"/>
      </object_component>
      <object_component id="oc-1eb">
         <name>.debug_info</name>
         <load_address>0xf1b6</load_address>
         <run_address>0xf1b6</run_address>
         <size>0x26e</size>
         <input_file_ref idref="fl-e7"/>
      </object_component>
      <object_component id="oc-216">
         <name>.debug_info</name>
         <load_address>0xf424</load_address>
         <run_address>0xf424</run_address>
         <size>0x218</size>
         <input_file_ref idref="fl-e8"/>
      </object_component>
      <object_component id="oc-204">
         <name>.debug_info</name>
         <load_address>0xf63c</load_address>
         <run_address>0xf63c</run_address>
         <size>0x11f</size>
         <input_file_ref idref="fl-e8"/>
      </object_component>
      <object_component id="oc-189">
         <name>.debug_info</name>
         <load_address>0xf75b</load_address>
         <run_address>0xf75b</run_address>
         <size>0x1f2</size>
         <input_file_ref idref="fl-e8"/>
      </object_component>
      <object_component id="oc-119">
         <name>.debug_info</name>
         <load_address>0xf94d</load_address>
         <run_address>0xf94d</run_address>
         <size>0x237</size>
         <input_file_ref idref="fl-e8"/>
      </object_component>
      <object_component id="oc-183">
         <name>.debug_info</name>
         <load_address>0xfb84</load_address>
         <run_address>0xfb84</run_address>
         <size>0x239</size>
         <input_file_ref idref="fl-e8"/>
      </object_component>
      <object_component id="oc-11f">
         <name>.debug_info</name>
         <load_address>0xfdbd</load_address>
         <run_address>0xfdbd</run_address>
         <size>0x262</size>
         <input_file_ref idref="fl-e8"/>
      </object_component>
      <object_component id="oc-12b">
         <name>.debug_info</name>
         <load_address>0x1001f</load_address>
         <run_address>0x1001f</run_address>
         <size>0x20c</size>
         <input_file_ref idref="fl-e8"/>
      </object_component>
      <object_component id="oc-df">
         <name>.debug_info</name>
         <load_address>0x1022b</load_address>
         <run_address>0x1022b</run_address>
         <size>0x27e</size>
         <input_file_ref idref="fl-e8"/>
      </object_component>
      <object_component id="oc-177">
         <name>.debug_info</name>
         <load_address>0x104a9</load_address>
         <run_address>0x104a9</run_address>
         <size>0x20b</size>
         <input_file_ref idref="fl-e8"/>
      </object_component>
      <object_component id="oc-17d">
         <name>.debug_info</name>
         <load_address>0x106b4</load_address>
         <run_address>0x106b4</run_address>
         <size>0x220</size>
         <input_file_ref idref="fl-e8"/>
      </object_component>
      <object_component id="oc-247">
         <name>.debug_info</name>
         <load_address>0x108d4</load_address>
         <run_address>0x108d4</run_address>
         <size>0x1ec</size>
         <input_file_ref idref="fl-e9"/>
      </object_component>
      <object_component id="oc-145">
         <name>.debug_info</name>
         <load_address>0x10ac0</load_address>
         <run_address>0x10ac0</run_address>
         <size>0x1c5</size>
         <input_file_ref idref="fl-e9"/>
      </object_component>
      <object_component id="oc-133">
         <name>.debug_info</name>
         <load_address>0x10c85</load_address>
         <run_address>0x10c85</run_address>
         <size>0x1c3</size>
         <input_file_ref idref="fl-e9"/>
      </object_component>
      <object_component id="oc-13f">
         <name>.debug_info</name>
         <load_address>0x10e48</load_address>
         <run_address>0x10e48</run_address>
         <size>0x2da</size>
         <input_file_ref idref="fl-e9"/>
      </object_component>
      <object_component id="oc-1cf">
         <name>.debug_info</name>
         <load_address>0x11122</load_address>
         <run_address>0x11122</run_address>
         <size>0x1f6</size>
         <input_file_ref idref="fl-e9"/>
      </object_component>
      <object_component id="oc-1c9">
         <name>.debug_info</name>
         <load_address>0x11318</load_address>
         <run_address>0x11318</run_address>
         <size>0x1f2</size>
         <input_file_ref idref="fl-e9"/>
      </object_component>
      <object_component id="oc-138">
         <name>.debug_info</name>
         <load_address>0x1150a</load_address>
         <run_address>0x1150a</run_address>
         <size>0x1fc</size>
         <input_file_ref idref="fl-e9"/>
      </object_component>
      <object_component id="oc-1c4">
         <name>.debug_info</name>
         <load_address>0x11706</load_address>
         <run_address>0x11706</run_address>
         <size>0x1c9</size>
         <input_file_ref idref="fl-e9"/>
      </object_component>
      <object_component id="oc-1d6">
         <name>.debug_info</name>
         <load_address>0x118cf</load_address>
         <run_address>0x118cf</run_address>
         <size>0x1cb</size>
         <input_file_ref idref="fl-e9"/>
      </object_component>
      <object_component id="oc-127">
         <name>.debug_info</name>
         <load_address>0x11a9a</load_address>
         <run_address>0x11a9a</run_address>
         <size>0x2a8</size>
         <input_file_ref idref="fl-ea"/>
      </object_component>
      <object_component id="oc-211">
         <name>.debug_info</name>
         <load_address>0x11d42</load_address>
         <run_address>0x11d42</run_address>
         <size>0x1ca</size>
         <input_file_ref idref="fl-ea"/>
      </object_component>
      <object_component id="oc-20b">
         <name>.debug_info</name>
         <load_address>0x11f0c</load_address>
         <run_address>0x11f0c</run_address>
         <size>0x1cc</size>
         <input_file_ref idref="fl-ea"/>
      </object_component>
      <object_component id="oc-103">
         <name>.debug_info</name>
         <load_address>0x120d8</load_address>
         <run_address>0x120d8</run_address>
         <size>0x1d6</size>
         <input_file_ref idref="fl-ea"/>
      </object_component>
      <object_component id="oc-198">
         <name>.debug_info</name>
         <load_address>0x122ae</load_address>
         <run_address>0x122ae</run_address>
         <size>0x1e6</size>
         <input_file_ref idref="fl-ea"/>
      </object_component>
      <object_component id="oc-109">
         <name>.debug_info</name>
         <load_address>0x12494</load_address>
         <run_address>0x12494</run_address>
         <size>0x1d0</size>
         <input_file_ref idref="fl-ea"/>
      </object_component>
      <object_component id="oc-110">
         <name>.debug_info</name>
         <load_address>0x12664</load_address>
         <run_address>0x12664</run_address>
         <size>0x1f7</size>
         <input_file_ref idref="fl-ea"/>
      </object_component>
      <object_component id="oc-167">
         <name>.debug_info</name>
         <load_address>0x1285b</load_address>
         <run_address>0x1285b</run_address>
         <size>0x19a</size>
         <input_file_ref idref="fl-ec"/>
      </object_component>
      <object_component id="oc-343">
         <name>.debug_info</name>
         <load_address>0x129f5</load_address>
         <run_address>0x129f5</run_address>
         <size>0x9e</size>
      </object_component>
      <object_component id="oc-250">
         <name>.debug_line</name>
         <load_address>0x0</load_address>
         <run_address>0x0</run_address>
         <size>0x4e</size>
         <input_file_ref idref="fl-2"/>
      </object_component>
      <object_component id="oc-24c">
         <name>.debug_line</name>
         <load_address>0x4e</load_address>
         <run_address>0x4e</run_address>
         <size>0x31</size>
         <input_file_ref idref="fl-2"/>
      </object_component>
      <object_component id="oc-24e">
         <name>.debug_line</name>
         <load_address>0x7f</load_address>
         <run_address>0x7f</run_address>
         <size>0x35</size>
         <input_file_ref idref="fl-2"/>
      </object_component>
      <object_component id="oc-f4">
         <name>.debug_line</name>
         <load_address>0xb4</load_address>
         <run_address>0xb4</run_address>
         <size>0x410</size>
         <input_file_ref idref="fl-2"/>
      </object_component>
      <object_component id="oc-81">
         <name>.debug_line</name>
         <load_address>0x4c4</load_address>
         <run_address>0x4c4</run_address>
         <size>0x20</size>
         <input_file_ref idref="fl-2"/>
      </object_component>
      <object_component id="oc-24a">
         <name>.debug_line</name>
         <load_address>0x4e4</load_address>
         <run_address>0x4e4</run_address>
         <size>0x89</size>
         <input_file_ref idref="fl-3"/>
      </object_component>
      <object_component id="oc-ec">
         <name>.debug_line</name>
         <load_address>0x56d</load_address>
         <run_address>0x56d</run_address>
         <size>0x21f</size>
         <input_file_ref idref="fl-3"/>
      </object_component>
      <object_component id="oc-26c">
         <name>.debug_line</name>
         <load_address>0x78c</load_address>
         <run_address>0x78c</run_address>
         <size>0x55</size>
         <input_file_ref idref="fl-3"/>
      </object_component>
      <object_component id="oc-170">
         <name>.debug_line</name>
         <load_address>0x7e1</load_address>
         <run_address>0x7e1</run_address>
         <size>0x53</size>
         <input_file_ref idref="fl-3"/>
      </object_component>
      <object_component id="oc-91">
         <name>.debug_line</name>
         <load_address>0x834</load_address>
         <run_address>0x834</run_address>
         <size>0x65</size>
         <input_file_ref idref="fl-3"/>
      </object_component>
      <object_component id="oc-252">
         <name>.debug_line</name>
         <load_address>0x899</load_address>
         <run_address>0x899</run_address>
         <size>0x1ca</size>
         <input_file_ref idref="fl-4"/>
      </object_component>
      <object_component id="oc-1e5">
         <name>.debug_line</name>
         <load_address>0xa63</load_address>
         <run_address>0xa63</run_address>
         <size>0x31</size>
         <input_file_ref idref="fl-4"/>
      </object_component>
      <object_component id="oc-a4">
         <name>.debug_line</name>
         <load_address>0xa94</load_address>
         <run_address>0xa94</run_address>
         <size>0x1a2</size>
         <input_file_ref idref="fl-4"/>
      </object_component>
      <object_component id="oc-117">
         <name>.debug_line</name>
         <load_address>0xc36</load_address>
         <run_address>0xc36</run_address>
         <size>0x5d</size>
         <input_file_ref idref="fl-5"/>
      </object_component>
      <object_component id="oc-7d">
         <name>.debug_line</name>
         <load_address>0xc93</load_address>
         <run_address>0xc93</run_address>
         <size>0x61</size>
         <input_file_ref idref="fl-6"/>
      </object_component>
      <object_component id="oc-34">
         <name>.debug_line</name>
         <load_address>0xcf4</load_address>
         <run_address>0xcf4</run_address>
         <size>0x61</size>
         <input_file_ref idref="fl-6"/>
      </object_component>
      <object_component id="oc-2e">
         <name>.debug_line</name>
         <load_address>0xd55</load_address>
         <run_address>0xd55</run_address>
         <size>0xd9</size>
         <input_file_ref idref="fl-6"/>
      </object_component>
      <object_component id="oc-f8">
         <name>.debug_line</name>
         <load_address>0xe2e</load_address>
         <run_address>0xe2e</run_address>
         <size>0x39e</size>
         <input_file_ref idref="fl-7"/>
      </object_component>
      <object_component id="oc-242">
         <name>.debug_line</name>
         <load_address>0x11cc</load_address>
         <run_address>0x11cc</run_address>
         <size>0x195</size>
         <input_file_ref idref="fl-8"/>
      </object_component>
      <object_component id="oc-e8">
         <name>.debug_line</name>
         <load_address>0x1361</load_address>
         <run_address>0x1361</run_address>
         <size>0x1d7</size>
         <input_file_ref idref="fl-8"/>
      </object_component>
      <object_component id="oc-1b9">
         <name>.debug_line</name>
         <load_address>0x1538</load_address>
         <run_address>0x1538</run_address>
         <size>0x65</size>
         <input_file_ref idref="fl-8"/>
      </object_component>
      <object_component id="oc-1b4">
         <name>.debug_line</name>
         <load_address>0x159d</load_address>
         <run_address>0x159d</run_address>
         <size>0x65</size>
         <input_file_ref idref="fl-8"/>
      </object_component>
      <object_component id="oc-28">
         <name>.debug_line</name>
         <load_address>0x1602</load_address>
         <run_address>0x1602</run_address>
         <size>0x52</size>
         <input_file_ref idref="fl-c3"/>
      </object_component>
      <object_component id="oc-8a">
         <name>.debug_line</name>
         <load_address>0x1654</load_address>
         <run_address>0x1654</run_address>
         <size>0x94</size>
         <input_file_ref idref="fl-c4"/>
      </object_component>
      <object_component id="oc-13">
         <name>.debug_line</name>
         <load_address>0x16e8</load_address>
         <run_address>0x16e8</run_address>
         <size>0x55</size>
         <input_file_ref idref="fl-c4"/>
      </object_component>
      <object_component id="oc-3f">
         <name>.debug_line</name>
         <load_address>0x173d</load_address>
         <run_address>0x173d</run_address>
         <size>0x3a</size>
         <input_file_ref idref="fl-c4"/>
      </object_component>
      <object_component id="oc-87">
         <name>.debug_line</name>
         <load_address>0x1777</load_address>
         <run_address>0x1777</run_address>
         <size>0x94</size>
         <input_file_ref idref="fl-c4"/>
      </object_component>
      <object_component id="oc-8d">
         <name>.debug_line</name>
         <load_address>0x180b</load_address>
         <run_address>0x180b</run_address>
         <size>0x94</size>
[...]
         <object_component_ref idref="oc-9f"/>
      </symbol>
      <symbol id="sm-146">
         <name>PinMuxConfig</name>
         <value>0x20008089</value>
         <object_component_ref idref="oc-112"/>
      </symbol>
      <symbol id="sm-165">
         <name>ResetISR</name>
         <value>0x20008bcb</value>
         <object_component_ref idref="oc-2d"/>
      </symbol>
      <symbol id="sm-166">
         <name>g_pfnVectors</name>
         <value>0x20004000</value>
         <object_component_ref idref="oc-f"/>
      </symbol>
      <symbol id="sm-1b9">
         <name>testroundrects</name>
         <value>0x200062c3</value>
         <object_component_ref idref="oc-f7"/>
      </symbol>
      <symbol id="sm-1ba">
         <name>testdrawcircles</name>
         <value>0x200061c7</value>
         <object_component_ref idref="oc-f7"/>
      </symbol>
      <symbol id="sm-1bb">
         <name>testlines</name>
         <value>0x20006335</value>
         <object_component_ref idref="oc-f7"/>
      </symbol>
      <symbol id="sm-1bc">
         <name>testfastlines</name>
         <value>0x20005fc5</value>
         <object_component_ref idref="oc-f7"/>
      </symbol>
      <symbol id="sm-1bd">
         <name>lcdTestPattern</name>
         <value>0x20006503</value>
         <object_component_ref idref="oc-f7"/>
      </symbol>
      <symbol id="sm-1be">
         <name>delay</name>
         <value>0x20005f91</value>
         <object_component_ref idref="oc-f7"/>
      </symbol>
      <symbol id="sm-1bf">
         <name>lcdTestPattern2</name>
         <value>0x200065d3</value>
         <object_component_ref idref="oc-f7"/>
      </symbol>
      <symbol id="sm-1c0">
         <name>testtriangles</name>
         <value>0x20006241</value>
         <object_component_ref idref="oc-f7"/>
      </symbol>
      <symbol id="sm-1c1">
         <name>testfillrects</name>
         <value>0x20006097</value>
         <object_component_ref idref="oc-f7"/>
      </symbol>
      <symbol id="sm-1c2">
         <name>testdrawrects</name>
         <value>0x20006037</value>
         <object_component_ref idref="oc-f7"/>
      </symbol>
      <symbol id="sm-1c3">
         <name>testfillcircles</name>
         <value>0x20006155</value>
         <object_component_ref idref="oc-f7"/>
      </symbol>
      <symbol id="sm-206">
         <name>GetCmd</name>
         <value>0x20007407</value>
         <object_component_ref idref="oc-e4"/>
      </symbol>
      <symbol id="sm-207">
         <name>Message</name>
         <value>0x200073a3</value>
         <object_component_ref idref="oc-e4"/>
      </symbol>
      <symbol id="sm-208">
         <name>Report</name>
         <value>0x20007545</value>
         <object_component_ref idref="oc-e4"/>
      </symbol>
      <symbol id="sm-209">
         <name>Error</name>
         <value>0x200073cf</value>
         <object_component_ref idref="oc-e4"/>
      </symbol>
      <symbol id="sm-20a">
         <name>InitTerm</name>
         <value>0x20007385</value>
         <object_component_ref idref="oc-e4"/>
      </symbol>
      <symbol id="sm-20b">
         <name>ClearTerm</name>
         <value>0x200073c5</value>
         <object_component_ref idref="oc-e4"/>
      </symbol>
      <symbol id="sm-20c">
         <name>TrimSpace</name>
         <value>0x200074ad</value>
         <object_component_ref idref="oc-e4"/>
      </symbol>
      <symbol id="sm-21d">
         <name>_c_int00</name>
         <value>0x20008611</value>
         <object_component_ref idref="oc-24"/>
      </symbol>
      <symbol id="sm-21e">
         <name>__stack</name>
         <value>0x2002f800</value>
         <object_component_ref idref="oc-29"/>
      </symbol>
      <symbol id="sm-235">
         <name>__TI_decompress_none</name>
         <value>0x20008bbd</value>
         <object_component_ref idref="oc-12"/>
      </symbol>
      <symbol id="sm-258">
         <name>__TI_decompress_rle24</name>
         <value>0x20008bf5</value>
         <object_component_ref idref="oc-18"/>
      </symbol>
      <symbol id="sm-26a">
         <name>__TI_zero_init</name>
         <value>0x20008bd9</value>
         <object_component_ref idref="oc-1e"/>
      </symbol>
      <symbol id="sm-289">
         <name>C$$EXIT</name>
         <value>0x20008741</value>
         <object_component_ref idref="oc-6d"/>
      </symbol>
      <symbol id="sm-28a">
         <name>abort</name>
         <value>0x20008745</value>
         <object_component_ref idref="oc-6d"/>
      </symbol>
      <symbol id="sm-28b">
         <name>exit</name>
         <value>0x2000874d</value>
         <object_component_ref idref="oc-6d"/>
      </symbol>
      <symbol id="sm-28c">
         <name>__TI_dtors_ptr</name>
         <value>0x20017830</value>
         <object_component_ref idref="oc-aa"/>
      </symbol>
      <symbol id="sm-28d">
         <name>__TI_cleanup_ptr</name>
         <value>0x2001782c</value>
         <object_component_ref idref="oc-aa"/>
      </symbol>
      <symbol id="sm-2a8">
         <name>memcpy</name>
         <value>0x20007f59</value>
         <object_component_ref idref="oc-36"/>
      </symbol>
      <symbol id="sm-2a9">
         <name>__aeabi_memcpy</name>
         <value>0x20007f59</value>
         <object_component_ref idref="oc-36"/>
      </symbol>
      <symbol id="sm-2aa">
         <name>__aeabi_memcpy8</name>
         <value>0x20007f59</value>
         <object_component_ref idref="oc-36"/>
      </symbol>
      <symbol id="sm-2ab">
         <name>__aeabi_memcpy4</name>
         <value>0x20007f59</value>
         <object_component_ref idref="oc-36"/>
      </symbol>
      <symbol id="sm-2bb">
         <name>memmove</name>
         <value>0x20008941</value>
         <object_component_ref idref="oc-1a1"/>
      </symbol>
      <symbol id="sm-32f">
         <name>_sys_memory</name>
         <value>0x20017000</value>
         <object_component_ref idref="oc-2a"/>
      </symbol>
      <symbol id="sm-330">
         <name>free</name>
         <value>0x2000709f</value>
         <object_component_ref idref="oc-1a7"/>
      </symbol>
      <symbol id="sm-331">
         <name>realloc</name>
         <value>0x20007161</value>
         <object_component_ref idref="oc-1a7"/>
      </symbol>
      <symbol id="sm-332">
         <name>memalign</name>
         <value>0x2000726d</value>
         <object_component_ref idref="oc-1a7"/>
      </symbol>
      <symbol id="sm-333">
         <name>calloc</name>
         <value>0x20007351</value>
         <object_component_ref idref="oc-1a7"/>
      </symbol>
      <symbol id="sm-334">
         <name>malloc</name>
         <value>0x20007037</value>
         <object_component_ref idref="oc-1a7"/>
      </symbol>
      <symbol id="sm-335">
         <name>minit</name>
         <value>0x20006fa9</value>
         <object_component_ref idref="oc-1a7"/>
      </symbol>
      <symbol id="sm-344">
         <name>__aeabi_memset</name>
         <value>0x20008337</value>
         <object_component_ref idref="oc-4f"/>
      </symbol>
      <symbol id="sm-345">
         <name>memset</name>
         <value>0x2000833d</value>
         <object_component_ref idref="oc-4f"/>
      </symbol>
      <symbol id="sm-346">
         <name>__aeabi_memset8</name>
         <value>0x20008337</value>
         <object_component_ref idref="oc-4f"/>
      </symbol>
      <symbol id="sm-347">
         <name>__aeabi_memset4</name>
         <value>0x20008337</value>
         <object_component_ref idref="oc-4f"/>
      </symbol>
      <symbol id="sm-348">
         <name>__aeabi_memclr8</name>
         <value>0x20008335</value>
         <object_component_ref idref="oc-4f"/>
      </symbol>
      <symbol id="sm-349">
         <name>__aeabi_memclr4</name>
         <value>0x20008335</value>
         <object_component_ref idref="oc-4f"/>
      </symbol>
      <symbol id="sm-34a">
         <name>__aeabi_memclr</name>
         <value>0x20008335</value>
         <object_component_ref idref="oc-4f"/>
      </symbol>
      <symbol id="sm-354">
         <name>_system_pre_init</name>
         <value>0x20008bfb</value>
         <object_component_ref idref="oc-5b"/>
      </symbol>
      <symbol id="sm-35c">
         <name>main_func_sp</name>
         <value>0x20017838</value>
         <object_component_ref idref="oc-73"/>
      </symbol>
      <symbol id="sm-36a">
         <name>strlen</name>
         <value>0x20008ba9</value>
         <object_component_ref idref="oc-19b"/>
      </symbol>
      <symbol id="sm-38b">
         <name>vsnprintf</name>
         <value>0x200081a1</value>
         <object_component_ref idref="oc-18f"/>
      </symbol>
      <symbol id="sm-3a4">
         <name>_nop</name>
         <value>0x20008b8f</value>
         <object_component_ref idref="oc-150"/>
      </symbol>
      <symbol id="sm-3a5">
         <name>_lock</name>
         <value>0x20017824</value>
         <object_component_ref idref="oc-a7"/>
      </symbol>
      <symbol id="sm-3a6">
         <name>_unlock</name>
         <value>0x20017828</value>
         <object_component_ref idref="oc-a7"/>
      </symbol>
      <symbol id="sm-3a7">
         <name>_register_lock</name>
         <value>0x20008b87</value>
         <object_component_ref idref="oc-150"/>
      </symbol>
      <symbol id="sm-3a8">
         <name>_register_unlock</name>
         <value>0x20008b81</value>
         <object_component_ref idref="oc-150"/>
      </symbol>
      <symbol id="sm-4af">
         <name>__TI_printfi</name>
         <value>0x2000520b</value>
         <object_component_ref idref="oc-226"/>
      </symbol>
      <symbol id="sm-4c3">
         <name>_args_main</name>
         <value>0x20008ae9</value>
         <object_component_ref idref="oc-67"/>
      </symbol>
      <symbol id="sm-4d9">
         <name>atoi</name>
         <value>0x20008661</value>
         <object_component_ref idref="oc-2b6"/>
      </symbol>
      <symbol id="sm-4fe">
         <name>__TI_auto_init</name>
         <value>0x20008425</value>
         <object_component_ref idref="oc-61"/>
      </symbol>
      <symbol id="sm-518">
         <name>copy_in</name>
         <value>0x200086ad</value>
         <object_component_ref idref="oc-97"/>
      </symbol>
      <symbol id="sm-523">
         <name>_ctypes_</name>
         <value>0x200095f6</value>
         <object_component_ref idref="oc-2f7"/>
      </symbol>
      <symbol id="sm-53a">
         <name>__aeabi_dsub</name>
         <value>0x200077f9</value>
         <object_component_ref idref="oc-299"/>
      </symbol>
      <symbol id="sm-53b">
         <name>__aeabi_dadd</name>
         <value>0x20007803</value>
         <object_component_ref idref="oc-299"/>
      </symbol>
      <symbol id="sm-55d">
         <name>__aeabi_cdcmpeq</name>
         <value>0x20008229</value>
         <object_component_ref idref="oc-275"/>
      </symbol>
      <symbol id="sm-55e">
         <name>__aeabi_cdcmple</name>
         <value>0x20008229</value>
         <object_component_ref idref="oc-275"/>
      </symbol>
      <symbol id="sm-55f">
         <name>__aeabi_cdrcmple</name>
         <value>0x200082af</value>
         <object_component_ref idref="oc-284"/>
      </symbol>
      <symbol id="sm-573">
         <name>__aeabi_ddiv</name>
         <value>0x200079af</value>
         <object_component_ref idref="oc-27f"/>
      </symbol>
      <symbol id="sm-57e">
         <name>__aeabi_dmul</name>
         <value>0x20007c19</value>
         <object_component_ref idref="oc-27a"/>
      </symbol>
      <symbol id="sm-588">
         <name>__aeabi_d2iz</name>
         <value>0x200086f9</value>
         <object_component_ref idref="oc-289"/>
      </symbol>
      <symbol id="sm-592">
         <name>__aeabi_i2d</name>
         <value>0x20008899</value>
         <object_component_ref idref="oc-294"/>
      </symbol>
      <symbol id="sm-5a1">
         <name>ltoa</name>
         <value>0x200085b9</value>
         <object_component_ref idref="oc-28e"/>
      </symbol>
      <symbol id="sm-5b1">
         <name>memccpy</name>
         <value>0x20008a1f</value>
         <object_component_ref idref="oc-2b0"/>
      </symbol>
      <symbol id="sm-5cc">
         <name>frexpl</name>
         <value>0x200084fd</value>
         <object_component_ref idref="oc-29e"/>
      </symbol>
      <symbol id="sm-5cd">
         <name>frexp</name>
         <value>0x200084fd</value>
         <object_component_ref idref="oc-29e"/>
      </symbol>
      <symbol id="sm-5ea">
         <name>scalbn</name>
         <value>0x20007d15</value>
         <object_component_ref idref="oc-2a4"/>
      </symbol>
      <symbol id="sm-5eb">
         <name>scalbnl</name>
         <value>0x20007d15</value>
         <object_component_ref idref="oc-2a4"/>
      </symbol>
      <symbol id="sm-5ec">
         <name>ldexpl</name>
         <value>0x20007d15</value>
         <object_component_ref idref="oc-2a4"/>
      </symbol>
      <symbol id="sm-5ed">
         <name>ldexp</name>
         <value>0x20007d15</value>
         <object_component_ref idref="oc-2a4"/>
      </symbol>
      <symbol id="sm-5fd">
         <name>strchr</name>
         <value>0x20008b43</value>
         <object_component_ref idref="oc-2aa"/>
      </symbol>
      <symbol id="sm-619">
         <name>__aeabi_uldivmod</name>
         <value>0x20007605</value>
         <object_component_ref idref="oc-270"/>
      </symbol>
      <symbol id="sm-621">
         <name>errno</name>
         <value>0x20017834</value>
         <object_component_ref idref="oc-2ee"/>
      </symbol>
      <symbol id="sm-62b">
         <name>copysign</name>
         <value>0x20008b95</value>
         <object_component_ref idref="oc-2e8"/>
      </symbol>
      <symbol id="sm-62c">
         <name>copysignl</name>
         <value>0x20008b95</value>
         <object_component_ref idref="oc-2e8"/>
      </symbol>
      <symbol id="sm-640">
         <name>GPIODirModeSet</name>
         <value>0x20008801</value>
         <object_component_ref idref="oc-1f0"/>
      </symbol>
      <symbol id="sm-641">
         <name>GPIOPinWrite</name>
         <value>0x20008987</value>
         <object_component_ref idref="oc-1bb"/>
      </symbol>
      <symbol id="sm-678">
         <name>IntVTableBaseSet</name>
         <value>0x20008b6d</value>
         <object_component_ref idref="oc-cc"/>
      </symbol>
      <symbol id="sm-679">
         <name>IntEnable</name>
         <value>0x20007e11</value>
         <object_component_ref idref="oc-d8"/>
      </symbol>
      <symbol id="sm-67a">
         <name>IntMasterEnable</name>
         <value>0x20008be5</value>
         <object_component_ref idref="oc-d2"/>
      </symbol>
      <symbol id="sm-6b9">
         <name>PinTypeUART</name>
         <value>0x20008a55</value>
         <object_component_ref idref="oc-1fc"/>
      </symbol>
      <symbol id="sm-6ba">
         <name>PinTypeGPIO</name>
         <value>0x20008837</value>
         <object_component_ref idref="oc-1ea"/>
      </symbol>
      <symbol id="sm-6bb">
         <name>PinConfigSet</name>
         <value>0x20008119</value>
         <object_component_ref idref="oc-253"/>
      </symbol>
      <symbol id="sm-6bc">
         <name>PinTypeSPI</name>
         <value>0x20008a3b</value>
         <object_component_ref idref="oc-1f6"/>
      </symbol>
      <symbol id="sm-6bd">
         <name>PinModeSet</name>
         <value>0x20008785</value>
         <object_component_ref idref="oc-259"/>
      </symbol>
      <symbol id="sm-73f">
         <name>PRCMPeripheralReset</name>
         <value>0x20008561</value>
         <object_component_ref idref="oc-12a"/>
      </symbol>
      <symbol id="sm-740">
         <name>PRCMPeripheralClkEnable</name>
         <value>0x200087c5</value>
         <object_component_ref idref="oc-118"/>
      </symbol>
      <symbol id="sm-741">
         <name>PRCMPeripheralClockGet</name>
         <value>0x20007ff5</value>
         <object_component_ref idref="oc-11e"/>
      </symbol>
      <symbol id="sm-742">
         <name>PRCMCC3200MCUInit</name>
         <value>0x20007ae5</value>
         <object_component_ref idref="oc-de"/>
      </symbol>
      <symbol id="sm-743">
         <name>PRCMHIBRegWrite</name>
         <value>0x20008b17</value>
         <object_component_ref idref="oc-17c"/>
      </symbol>
      <symbol id="sm-744">
         <name>PRCMSysResetCauseGet</name>
         <value>0x200088c9</value>
         <object_component_ref idref="oc-188"/>
      </symbol>
      <symbol id="sm-745">
         <name>PRCMPeripheralClkDisable</name>
         <value>0x200088f5</value>
         <object_component_ref idref="oc-182"/>
      </symbol>
      <symbol id="sm-746">
         <name>PRCMHIBRegRead</name>
         <value>0x20008b01</value>
         <object_component_ref idref="oc-176"/>
      </symbol>
      <symbol id="sm-793">
         <name>SPICSEnable</name>
         <value>0x20008aa1</value>
         <object_component_ref idref="oc-1c1"/>
      </symbol>
      <symbol id="sm-794">
         <name>SPIFIFOEnable</name>
         <value>0x20008a6f</value>
         <object_component_ref idref="oc-136"/>
      </symbol>
      <symbol id="sm-795">
         <name>SPIDataPut</name>
         <value>0x200089c7</value>
         <object_component_ref idref="oc-1c7"/>
      </symbol>
      <symbol id="sm-796">
         <name>SPIEnable</name>
         <value>0x20008ab9</value>
         <object_component_ref idref="oc-142"/>
      </symbol>
      <symbol id="sm-797">
         <name>SPIDataGet</name>
         <value>0x200089a7</value>
         <object_component_ref idref="oc-1cd"/>
      </symbol>
      <symbol id="sm-798">
         <name>SPIConfigSetExpClk</name>
         <value>0x20007eb9</value>
         <object_component_ref idref="oc-13c"/>
      </symbol>
      <symbol id="sm-799">
         <name>SPIReset</name>
         <value>0x20008965</value>
         <object_component_ref idref="oc-130"/>
      </symbol>
      <symbol id="sm-79a">
         <name>SPICSDisable</name>
         <value>0x20008a89</value>
         <object_component_ref idref="oc-1d3"/>
      </symbol>
      <symbol id="sm-7df">
         <name>UARTConfigSetExpClk</name>
         <value>0x200083af</value>
         <object_component_ref idref="oc-124"/>
      </symbol>
      <symbol id="sm-7e0">
         <name>UARTDisable</name>
         <value>0x20008869</value>
         <object_component_ref idref="oc-208"/>
      </symbol>
      <symbol id="sm-7e1">
         <name>UARTCharsAvail</name>
         <value>0x20008ad1</value>
         <object_component_ref idref="oc-100"/>
      </symbol>
      <symbol id="sm-7e2">
         <name>UARTCharGetNonBlocking</name>
         <value>0x20008a03</value>
         <object_component_ref idref="oc-195"/>
      </symbol>
      <symbol id="sm-7e3">
         <name>UARTCharPut</name>
         <value>0x200089e5</value>
         <object_component_ref idref="oc-10c"/>
      </symbol>
      <symbol id="sm-7e4">
         <name>UARTEnable</name>
         <value>0x2000891d</value>
         <object_component_ref idref="oc-20e"/>
      </symbol>
      <symbol id="sm-7e5">
         <name>UARTCharGet</name>
         <value>0x20008b2d</value>
         <object_component_ref idref="oc-106"/>
      </symbol>
      <symbol id="sm-7e9">
         <name>UtilsDelay</name>
         <value>0x20008bef</value>
         <object_component_ref idref="oc-f6"/>
      </symbol>
      <symbol id="sm-7f3">
         <name>CPUcpsie</name>
         <value>0x20008b59</value>
         <object_component_ref idref="oc-166"/>
      </symbol>
      <symbol id="sm-7f6">
         <name>__TI_static_base__</name>
         <value>0x20009920</value>
      </symbol>
      <symbol id="sm-7f9">
         <name>SHT$$INIT_ARRAY$$Limit</name>
         <value>0x0</value>
      </symbol>
      <symbol id="sm-7fa">
         <name>SHT$$INIT_ARRAY$$Base</name>
         <value>0x0</value>
      </symbol>
   </symbol_table>
   <title>Link successful</title>
</link_info>
