<?xml version="1.0"?>
<link_info>
   <banner>TI ARM Linker PC v5.2.5</banner>
   <copyright>Copyright (c) 1996-2015 Texas Instruments Incorporated</copyright>
   <link_time>0x56b2eaaf</link_time>
   <link_errors>0x0</link_errors>
   <output_file>Lab3Kelvin.out</output_file>
   <entry_point>
      <name>_c_int00</name>
      <address>0x20007a15</address>
   </entry_point>
   <input_file_list>
      <input_file id="fl-2">
         <path>.\</path>
         <kind>object</kind>
         <file>Adafruit_GFX.obj</file>
         <name>Adafruit_GFX.obj</name>
      </input_file>
      <input_file id="fl-3">
         <path>.\</path>
         <kind>object</kind>
         <file>Adafruit_OLED.obj</file>
         <name>Adafruit_OLED.obj</name>
      </input_file>
      <input_file id="fl-4">
         <path>.\</path>
         <kind>object</kind>
         <file>main.obj</file>
         <name>main.obj</name>
      </input_file>
      <input_file id="fl-5">
         <path>.\</path>
         <kind>object</kind>
         <file>pin_mux_config.obj</file>
         <name>pin_mux_config.obj</name>
      </input_file>
      <input_file id="fl-6">
         <path>.\</path>
         <kind>object</kind>
         <file>startup_ccs.obj</file>
         <name>startup_ccs.obj</name>
      </input_file>
      <input_file id="fl-7">
         <path>.\</path>
         <kind>object</kind>
         <file>test.obj</file>
         <name>test.obj</name>
      </input_file>
      <input_file id="fl-8">
         <path>.\</path>
         <kind>object</kind>
         <file>timer_if.obj</file>
         <name>timer_if.obj</name>
      </input_file>
      <input_file id="fl-9">
         <path>.\</path>
         <kind>object</kind>
         <file>uart_if.obj</file>
         <name>uart_if.obj</name>
      </input_file>
      <input_file id="fl-130">
         <path>C:\ti\ccsv6\tools\compiler\ti-cgt-arm_5.2.5\lib\</path>
         <kind>archive</kind>
         <file>rtsv7M4_T_le_v4SPD16_eabi.lib</file>
         <name>boot.obj</name>
      </input_file>
      <input_file id="fl-131">
         <path>C:\ti\ccsv6\tools\compiler\ti-cgt-arm_5.2.5\lib\</path>
         <kind>archive</kind>
         <file>rtsv7M4_T_le_v4SPD16_eabi.lib</file>
         <name>copy_decompress_none.obj</name>
      </input_file>
      <input_file id="fl-132">
         <path>C:\ti\ccsv6\tools\compiler\ti-cgt-arm_5.2.5\lib\</path>
         <kind>archive</kind>
         <file>rtsv7M4_T_le_v4SPD16_eabi.lib</file>
         <name>copy_decompress_rle.obj</name>
      </input_file>
      <input_file id="fl-133">
         <path>C:\ti\ccsv6\tools\compiler\ti-cgt-arm_5.2.5\lib\</path>
         <kind>archive</kind>
         <file>rtsv7M4_T_le_v4SPD16_eabi.lib</file>
         <name>copy_zero_init.obj</name>
      </input_file>
      <input_file id="fl-134">
         <path>C:\ti\ccsv6\tools\compiler\ti-cgt-arm_5.2.5\lib\</path>
         <kind>archive</kind>
         <file>rtsv7M4_T_le_v4SPD16_eabi.lib</file>
         <name>exit.obj</name>
      </input_file>
      <input_file id="fl-135">
         <path>C:\ti\ccsv6\tools\compiler\ti-cgt-arm_5.2.5\lib\</path>
         <kind>archive</kind>
         <file>rtsv7M4_T_le_v4SPD16_eabi.lib</file>
         <name>memcpy_t2.obj</name>
      </input_file>
      <input_file id="fl-136">
         <path>C:\ti\ccsv6\tools\compiler\ti-cgt-arm_5.2.5\lib\</path>
         <kind>archive</kind>
         <file>rtsv7M4_T_le_v4SPD16_eabi.lib</file>
         <name>memmov.obj</name>
      </input_file>
      <input_file id="fl-137">
         <path>C:\ti\ccsv6\tools\compiler\ti-cgt-arm_5.2.5\lib\</path>
         <kind>archive</kind>
         <file>rtsv7M4_T_le_v4SPD16_eabi.lib</file>
         <name>memory.obj</name>
      </input_file>
      <input_file id="fl-138">
         <path>C:\ti\ccsv6\tools\compiler\ti-cgt-arm_5.2.5\lib\</path>
         <kind>archive</kind>
         <file>rtsv7M4_T_le_v4SPD16_eabi.lib</file>
         <name>memset_t2.obj</name>
      </input_file>
      <input_file id="fl-139">
         <path>C:\ti\ccsv6\tools\compiler\ti-cgt-arm_5.2.5\lib\</path>
         <kind>archive</kind>
         <file>rtsv7M4_T_le_v4SPD16_eabi.lib</file>
         <name>pre_init.obj</name>
      </input_file>
      <input_file id="fl-13a">
         <path>C:\ti\ccsv6\tools\compiler\ti-cgt-arm_5.2.5\lib\</path>
         <kind>archive</kind>
         <file>rtsv7M4_T_le_v4SPD16_eabi.lib</file>
         <name>stkdepth_vars.obj</name>
      </input_file>
      <input_file id="fl-13b">
         <path>C:\ti\ccsv6\tools\compiler\ti-cgt-arm_5.2.5\lib\</path>
         <kind>archive</kind>
         <file>rtsv7M4_T_le_v4SPD16_eabi.lib</file>
         <name>strlen.obj</name>
      </input_file>
      <input_file id="fl-13c">
         <path>C:\ti\ccsv6\tools\compiler\ti-cgt-arm_5.2.5\lib\</path>
         <kind>archive</kind>
         <file>rtsv7M4_T_le_v4SPD16_eabi.lib</file>
         <name>vsnprintf.obj</name>
      </input_file>
      <input_file id="fl-13d">
         <path>C:\ti\ccsv6\tools\compiler\ti-cgt-arm_5.2.5\lib\</path>
         <kind>archive</kind>
         <file>rtsv7M4_T_le_v4SPD16_eabi.lib</file>
         <name>_lock.obj</name>
      </input_file>
      <input_file id="fl-13e">
         <path>C:\ti\ccsv6\tools\compiler\ti-cgt-arm_5.2.5\lib\</path>
         <kind>archive</kind>
         <file>rtsv7M4_T_le_v4SPD16_eabi.lib</file>
         <name>_printfi.obj</name>
      </input_file>
      <input_file id="fl-13f">
         <path>C:\ti\ccsv6\tools\compiler\ti-cgt-arm_5.2.5\lib\</path>
         <kind>archive</kind>
         <file>rtsv7M4_T_le_v4SPD16_eabi.lib</file>
         <name>args_main.obj</name>
      </input_file>
      <input_file id="fl-140">
         <path>C:\ti\ccsv6\tools\compiler\ti-cgt-arm_5.2.5\lib\</path>
         <kind>archive</kind>
         <file>rtsv7M4_T_le_v4SPD16_eabi.lib</file>
         <name>atoi.obj</name>
      </input_file>
      <input_file id="fl-141">
         <path>C:\ti\ccsv6\tools\compiler\ti-cgt-arm_5.2.5\lib\</path>
         <kind>archive</kind>
         <file>rtsv7M4_T_le_v4SPD16_eabi.lib</file>
         <name>autoinit.obj</name>
      </input_file>
      <input_file id="fl-142">
         <path>C:\ti\ccsv6\tools\compiler\ti-cgt-arm_5.2.5\lib\</path>
         <kind>archive</kind>
         <file>rtsv7M4_T_le_v4SPD16_eabi.lib</file>
         <name>cpy_tbl.obj</name>
      </input_file>
      <input_file id="fl-143">
         <path>C:\ti\ccsv6\tools\compiler\ti-cgt-arm_5.2.5\lib\</path>
         <kind>archive</kind>
         <file>rtsv7M4_T_le_v4SPD16_eabi.lib</file>
         <name>ctype.obj</name>
      </input_file>
      <input_file id="fl-144">
         <path>C:\ti\ccsv6\tools\compiler\ti-cgt-arm_5.2.5\lib\</path>
         <kind>archive</kind>
         <file>rtsv7M4_T_le_v4SPD16_eabi.lib</file>
         <name>fd_add_t2.obj</name>
      </input_file>
      <input_file id="fl-145">
         <path>C:\ti\ccsv6\tools\compiler\ti-cgt-arm_5.2.5\lib\</path>
         <kind>archive</kind>
         <file>rtsv7M4_T_le_v4SPD16_eabi.lib</file>
         <name>fd_cmp_t2.obj</name>
      </input_file>
      <input_file id="fl-146">
         <path>C:\ti\ccsv6\tools\compiler\ti-cgt-arm_5.2.5\lib\</path>
         <kind>archive</kind>
         <file>rtsv7M4_T_le_v4SPD16_eabi.lib</file>
         <name>fd_div_t2.obj</name>
      </input_file>
      <input_file id="fl-147">
         <path>C:\ti\ccsv6\tools\compiler\ti-cgt-arm_5.2.5\lib\</path>
         <kind>archive</kind>
         <file>rtsv7M4_T_le_v4SPD16_eabi.lib</file>
         <name>fd_mul_t2.obj</name>
      </input_file>
      <input_file id="fl-148">
         <path>C:\ti\ccsv6\tools\compiler\ti-cgt-arm_5.2.5\lib\</path>
         <kind>archive</kind>
         <file>rtsv7M4_T_le_v4SPD16_eabi.lib</file>
         <name>fd_toi_t2.obj</name>
      </input_file>
      <input_file id="fl-149">
         <path>C:\ti\ccsv6\tools\compiler\ti-cgt-arm_5.2.5\lib\</path>
         <kind>archive</kind>
         <file>rtsv7M4_T_le_v4SPD16_eabi.lib</file>
         <name>frexp.obj</name>
      </input_file>
      <input_file id="fl-14a">
         <path>C:\ti\ccsv6\tools\compiler\ti-cgt-arm_5.2.5\lib\</path>
         <kind>archive</kind>
         <file>rtsv7M4_T_le_v4SPD16_eabi.lib</file>
         <name>i_tofd_t2.obj</name>
      </input_file>
      <input_file id="fl-14b">
         <path>C:\ti\ccsv6\tools\compiler\ti-cgt-arm_5.2.5\lib\</path>
         <kind>archive</kind>
         <file>rtsv7M4_T_le_v4SPD16_eabi.lib</file>
         <name>ldexp.obj</name>
      </input_file>
      <input_file id="fl-14c">
         <path>C:\ti\ccsv6\tools\compiler\ti-cgt-arm_5.2.5\lib\</path>
         <kind>archive</kind>
         <file>rtsv7M4_T_le_v4SPD16_eabi.lib</file>
         <name>ltoa.obj</name>
      </input_file>
      <input_file id="fl-14d">
         <path>C:\ti\ccsv6\tools\compiler\ti-cgt-arm_5.2.5\lib\</path>
         <kind>archive</kind>
         <file>rtsv7M4_T_le_v4SPD16_eabi.lib</file>
         <name>memccpy.obj</name>
      </input_file>
      <input_file id="fl-14e">
         <path>C:\ti\ccsv6\tools\compiler\ti-cgt-arm_5.2.5\lib\</path>
         <kind>archive</kind>
         <file>rtsv7M4_T_le_v4SPD16_eabi.lib</file>
         <name>strchr.obj</name>
      </input_file>
      <input_file id="fl-14f">
         <path>C:\ti\ccsv6\tools\compiler\ti-cgt-arm_5.2.5\lib\</path>
         <kind>archive</kind>
         <file>rtsv7M4_T_le_v4SPD16_eabi.lib</file>
         <name>ull_div_t2.obj</name>
      </input_file>
      <input_file id="fl-150">
         <path>C:\ti\ccsv6\tools\compiler\ti-cgt-arm_5.2.5\lib\</path>
         <kind>archive</kind>
         <file>rtsv7M4_T_le_v4SPD16_eabi.lib</file>
         <name>xdclass.obj</name>
      </input_file>
      <input_file id="fl-151">
         <path>C:\ti\ccsv6\tools\compiler\ti-cgt-arm_5.2.5\lib\</path>
         <kind>archive</kind>
         <file>rtsv7M4_T_le_v4SPD16_eabi.lib</file>
         <name>xdscale.obj</name>
      </input_file>
      <input_file id="fl-152">
         <path>C:\ti\ccsv6\tools\compiler\ti-cgt-arm_5.2.5\lib\</path>
         <kind>archive</kind>
         <file>rtsv7M4_T_le_v4SPD16_eabi.lib</file>
         <name>xdunscal.obj</name>
      </input_file>
      <input_file id="fl-153">
         <path>C:\ti\ccsv6\tools\compiler\ti-cgt-arm_5.2.5\lib\</path>
         <kind>archive</kind>
         <file>rtsv7M4_T_le_v4SPD16_eabi.lib</file>
         <name>xferaise.obj</name>
      </input_file>
      <input_file id="fl-154">
         <path>C:\ti\ccsv6\tools\compiler\ti-cgt-arm_5.2.5\lib\</path>
         <kind>archive</kind>
         <file>rtsv7M4_T_le_v4SPD16_eabi.lib</file>
         <name>xvalues.obj</name>
      </input_file>
      <input_file id="fl-155">
         <path>C:\ti\ccsv6\tools\compiler\ti-cgt-arm_5.2.5\lib\</path>
         <kind>archive</kind>
         <file>rtsv7M4_T_le_v4SPD16_eabi.lib</file>
         <name>errno.obj</name>
      </input_file>
      <input_file id="fl-156">
         <path>C:\ti\ccsv6\tools\compiler\ti-cgt-arm_5.2.5\lib\</path>
         <kind>archive</kind>
         <file>rtsv7M4_T_le_v4SPD16_eabi.lib</file>
         <name>feraiseexcept.obj</name>
      </input_file>
      <input_file id="fl-157">
         <path>C:\ti\ccsv6\tools\compiler\ti-cgt-arm_5.2.5\lib\</path>
         <kind>archive</kind>
         <file>rtsv7M4_T_le_v4SPD16_eabi.lib</file>
         <name>raise.obj</name>
      </input_file>
      <input_file id="fl-158">
         <path>C:\ti\ccsv6\tools\compiler\ti-cgt-arm_5.2.5\lib\</path>
         <kind>archive</kind>
         <file>rtsv7M4_T_le_v4SPD16_eabi.lib</file>
         <name>signal.obj</name>
      </input_file>
      <input_file id="fl-159">
         <path>C:\ti\ccsv6\tools\compiler\ti-cgt-arm_5.2.5\lib\</path>
         <kind>archive</kind>
         <file>rtsv7M4_T_le_v4SPD16_eabi.lib</file>
         <name>xdnorm.obj</name>
      </input_file>
      <input_file id="fl-15a">
         <path>C:\ti\CC3200SDK_1.1.0\cc3200-sdk\example\spi_demo\ccs\..\..\..\driverlib\ccs\Release\</path>
         <kind>archive</kind>
         <file>driverlib.a</file>
         <name>gpio.obj</name>
      </input_file>
      <input_file id="fl-15b">
         <path>C:\ti\CC3200SDK_1.1.0\cc3200-sdk\example\spi_demo\ccs\..\..\..\driverlib\ccs\Release\</path>
         <kind>archive</kind>
         <file>driverlib.a</file>
         <name>interrupt.obj</name>
      </input_file>
      <input_file id="fl-15c">
         <path>C:\ti\CC3200SDK_1.1.0\cc3200-sdk\example\spi_demo\ccs\..\..\..\driverlib\ccs\Release\</path>
         <kind>archive</kind>
         <file>driverlib.a</file>
         <name>pin.obj</name>
      </input_file>
      <input_file id="fl-15d">
         <path>C:\ti\CC3200SDK_1.1.0\cc3200-sdk\example\spi_demo\ccs\..\..\..\driverlib\ccs\Release\</path>
         <kind>archive</kind>
         <file>driverlib.a</file>
         <name>prcm.obj</name>
      </input_file>
      <input_file id="fl-15e">
         <path>C:\ti\CC3200SDK_1.1.0\cc3200-sdk\example\spi_demo\ccs\..\..\..\driverlib\ccs\Release\</path>
         <kind>archive</kind>
         <file>driverlib.a</file>
         <name>spi.obj</name>
      </input_file>
      <input_file id="fl-15f">
         <path>C:\ti\CC3200SDK_1.1.0\cc3200-sdk\example\spi_demo\ccs\..\..\..\driverlib\ccs\Release\</path>
         <kind>archive</kind>
         <file>driverlib.a</file>
         <name>systick.obj</name>
      </input_file>
      <input_file id="fl-160">
         <path>C:\ti\CC3200SDK_1.1.0\cc3200-sdk\example\spi_demo\ccs\..\..\..\driverlib\ccs\Release\</path>
         <kind>archive</kind>
         <file>driverlib.a</file>
         <name>timer.obj</name>
      </input_file>
      <input_file id="fl-161">
         <path>C:\ti\CC3200SDK_1.1.0\cc3200-sdk\example\spi_demo\ccs\..\..\..\driverlib\ccs\Release\</path>
         <kind>archive</kind>
         <file>driverlib.a</file>
         <name>uart.obj</name>
      </input_file>
      <input_file id="fl-162">
         <path>C:\ti\CC3200SDK_1.1.0\cc3200-sdk\example\spi_demo\ccs\..\..\..\driverlib\ccs\Release\</path>
         <kind>archive</kind>
         <file>driverlib.a</file>
         <name>utils.obj</name>
      </input_file>
      <input_file id="fl-163">
         <path>C:\ti\CC3200SDK_1.1.0\cc3200-sdk\example\spi_demo\ccs\..\..\..\driverlib\ccs\Release\</path>
         <kind>archive</kind>
         <file>driverlib.a</file>
         <name>cpu.obj</name>
      </input_file>
      <input_file id="fl-164">
         <path>C:\ti\CC3200SDK_1.1.0\cc3200-sdk\example\spi_demo\ccs\..\..\..\driverlib\ccs\Release\</path>
         <kind>archive</kind>
         <file>driverlib.a</file>
         <name>flash.obj</name>
      </input_file>
      <input_file id="fl-165">
         <path>C:\ti\ccsv6\tools\compiler\ti-cgt-arm_5.2.5\lib\</path>
         <kind>archive</kind>
         <file>rtsv7M4_T_le_v4SPD16_eabi.lib</file>
         <name>ll_lsr_t2.obj</name>
      </input_file>
   </input_file_list>
   <object_component_list>
      <object_component id="oc-f">
         <name>.intvecs</name>
         <load_address>0x20004000</load_address>
         <run_address>0x20004000</run_address>
         <size>0x400</size>
         <input_file_ref idref="fl-6"/>
      </object_component>
      <object_component id="oc-2e4">
         <name>.text</name>
         <load_address>0x20004400</load_address>
         <run_address>0x20004400</run_address>
         <size>0x10ba</size>
         <input_file_ref idref="fl-13e"/>
      </object_component>
      <object_component id="oc-329">
         <name>.text:IntDefaultHandler</name>
         <load_address>0x200054ba</load_address>
         <run_address>0x200054ba</run_address>
         <size>0x2</size>
         <input_file_ref idref="fl-15b"/>
      </object_component>
      <object_component id="oc-9f">
         <name>.text</name>
         <load_address>0x200054bc</load_address>
         <run_address>0x200054bc</run_address>
         <size>0x4c8</size>
         <input_file_ref idref="fl-4"/>
      </object_component>
      <object_component id="oc-177">
         <name>.text</name>
         <load_address>0x20005984</load_address>
         <run_address>0x20005984</run_address>
         <size>0x47a</size>
         <input_file_ref idref="fl-3"/>
      </object_component>
      <object_component id="oc-253">
         <name>.text</name>
         <load_address>0x20005e00</load_address>
         <run_address>0x20005e00</run_address>
         <size>0x3dc</size>
         <input_file_ref idref="fl-137"/>
      </object_component>
      <object_component id="oc-13b">
         <name>.text</name>
         <load_address>0x200061dc</load_address>
         <run_address>0x200061dc</run_address>
         <size>0x280</size>
         <input_file_ref idref="fl-9"/>
      </object_component>
      <object_component id="oc-330">
         <name>.text</name>
         <load_address>0x2000645c</load_address>
         <run_address>0x2000645c</run_address>
         <size>0x1f4</size>
         <input_file_ref idref="fl-14f"/>
      </object_component>
      <object_component id="oc-359">
         <name>.text</name>
         <load_address>0x20006650</load_address>
         <run_address>0x20006650</run_address>
         <size>0x1b6</size>
         <input_file_ref idref="fl-144"/>
      </object_component>
      <object_component id="oc-132">
         <name>.text</name>
         <load_address>0x20006808</load_address>
         <run_address>0x20006808</run_address>
         <size>0x198</size>
         <input_file_ref idref="fl-8"/>
      </object_component>
      <object_component id="oc-33f">
         <name>.text</name>
         <load_address>0x200069a0</load_address>
         <run_address>0x200069a0</run_address>
         <size>0x136</size>
         <input_file_ref idref="fl-146"/>
      </object_component>
      <object_component id="oc-de">
         <name>.text:PRCMCC3200MCUInit</name>
         <load_address>0x20006ad8</load_address>
         <run_address>0x20006ad8</run_address>
         <size>0x134</size>
         <input_file_ref idref="fl-15d"/>
      </object_component>
      <object_component id="oc-3b0">
         <name>.text</name>
         <load_address>0x20006c0c</load_address>
         <run_address>0x20006c0c</run_address>
         <size>0x110</size>
         <input_file_ref idref="fl-151"/>
      </object_component>
      <object_component id="oc-33a">
         <name>.text</name>
         <load_address>0x20006d1c</load_address>
         <run_address>0x20006d1c</run_address>
         <size>0xfc</size>
         <input_file_ref idref="fl-147"/>
      </object_component>
      <object_component id="oc-141">
         <name>.text</name>
         <load_address>0x20006e18</load_address>
         <run_address>0x20006e18</run_address>
         <size>0xc4</size>
         <input_file_ref idref="fl-5"/>
      </object_component>
      <object_component id="oc-3d5">
         <name>.text</name>
         <load_address>0x20006edc</load_address>
         <run_address>0x20006edc</run_address>
         <size>0xbe</size>
         <input_file_ref idref="fl-159"/>
      </object_component>
      <object_component id="oc-12c">
         <name>.text:IntDisable</name>
         <load_address>0x20006f9c</load_address>
         <run_address>0x20006f9c</run_address>
         <size>0xa8</size>
         <input_file_ref idref="fl-15b"/>
      </object_component>
      <object_component id="oc-d8">
         <name>.text:IntEnable</name>
         <load_address>0x20007044</load_address>
         <run_address>0x20007044</run_address>
         <size>0xa8</size>
         <input_file_ref idref="fl-15b"/>
      </object_component>
      <object_component id="oc-16b">
         <name>.text:SPIConfigSetExpClk</name>
         <load_address>0x200070ec</load_address>
         <run_address>0x200070ec</run_address>
         <size>0xa0</size>
         <input_file_ref idref="fl-15e"/>
      </object_component>
      <object_component id="oc-36">
         <name>.text</name>
         <load_address>0x2000718c</load_address>
         <run_address>0x2000718c</run_address>
         <size>0x9c</size>
         <input_file_ref idref="fl-135"/>
      </object_component>
      <object_component id="oc-14d">
         <name>.text:PRCMPeripheralClockGet</name>
         <load_address>0x20007228</load_address>
         <run_address>0x20007228</run_address>
         <size>0x94</size>
         <input_file_ref idref="fl-15d"/>
      </object_component>
      <object_component id="oc-302">
         <name>.text:PinConfigSet</name>
         <load_address>0x200072bc</load_address>
         <run_address>0x200072bc</run_address>
         <size>0x88</size>
         <input_file_ref idref="fl-15c"/>
      </object_component>
      <object_component id="oc-235">
         <name>.text</name>
         <load_address>0x20007344</load_address>
         <run_address>0x20007344</run_address>
         <size>0x88</size>
         <input_file_ref idref="fl-13c"/>
      </object_component>
      <object_component id="oc-335">
         <name>.text:__aeabi_cdcmple</name>
         <load_address>0x200073cc</load_address>
         <run_address>0x200073cc</run_address>
         <size>0x86</size>
         <input_file_ref idref="fl-145"/>
      </object_component>
      <object_component id="oc-344">
         <name>.text:__aeabi_cdrcmple</name>
         <load_address>0x20007452</load_address>
         <run_address>0x20007452</run_address>
         <size>0x86</size>
         <input_file_ref idref="fl-145"/>
      </object_component>
      <object_component id="oc-102">
         <name>.text:GPIOIntTypeSet</name>
         <load_address>0x200074d8</load_address>
         <run_address>0x200074d8</run_address>
         <size>0x82</size>
         <input_file_ref idref="fl-15a"/>
      </object_component>
      <object_component id="oc-4f">
         <name>.text</name>
         <load_address>0x2000755a</load_address>
         <run_address>0x2000755a</run_address>
         <size>0x7a</size>
         <input_file_ref idref="fl-138"/>
      </object_component>
      <object_component id="oc-153">
         <name>.text:UARTConfigSetExpClk</name>
         <load_address>0x200075d4</load_address>
         <run_address>0x200075d4</run_address>
         <size>0x76</size>
         <input_file_ref idref="fl-161"/>
      </object_component>
      <object_component id="oc-1ef">
         <name>.text:TimerIntRegister</name>
         <load_address>0x2000764c</load_address>
         <run_address>0x2000764c</run_address>
         <size>0x70</size>
         <input_file_ref idref="fl-160"/>
      </object_component>
      <object_component id="oc-61">
         <name>.text</name>
         <load_address>0x200076bc</load_address>
         <run_address>0x200076bc</run_address>
         <size>0x6c</size>
         <input_file_ref idref="fl-141"/>
      </object_component>
      <object_component id="oc-42">
         <name>.text</name>
         <load_address>0x20007728</load_address>
         <run_address>0x20007728</run_address>
         <size>0x6a</size>
         <input_file_ref idref="fl-132"/>
      </object_component>
      <object_component id="oc-21f">
         <name>.text:TimerIntUnregister</name>
         <load_address>0x20007794</load_address>
         <run_address>0x20007794</run_address>
         <size>0x68</size>
         <input_file_ref idref="fl-160"/>
      </object_component>
      <object_component id="oc-3a8">
         <name>.text</name>
         <load_address>0x200077fc</load_address>
         <run_address>0x200077fc</run_address>
         <size>0x66</size>
         <input_file_ref idref="fl-152"/>
      </object_component>
      <object_component id="oc-120">
         <name>.text:IntPendClear</name>
         <load_address>0x20007864</load_address>
         <run_address>0x20007864</run_address>
         <size>0x58</size>
         <input_file_ref idref="fl-15b"/>
      </object_component>
      <object_component id="oc-159">
         <name>.text:PRCMPeripheralReset</name>
         <load_address>0x200078bc</load_address>
         <run_address>0x200078bc</run_address>
         <size>0x58</size>
         <input_file_ref idref="fl-15d"/>
      </object_component>
      <object_component id="oc-34e">
         <name>.text</name>
         <load_address>0x20007914</load_address>
         <run_address>0x20007914</run_address>
         <size>0x56</size>
         <input_file_ref idref="fl-14c"/>
      </object_component>
      <object_component id="oc-10e">
         <name>.text:IntPrioritySet</name>
         <load_address>0x2000796c</load_address>
         <run_address>0x2000796c</run_address>
         <size>0x54</size>
         <input_file_ref idref="fl-15b"/>
      </object_component>
      <object_component id="oc-364">
         <name>.text</name>
         <load_address>0x200079c0</load_address>
         <run_address>0x200079c0</run_address>
         <size>0x52</size>
         <input_file_ref idref="fl-14b"/>
      </object_component>
      <object_component id="oc-24">
         <name>.text</name>
         <load_address>0x20007a14</load_address>
         <run_address>0x20007a14</run_address>
         <size>0x50</size>
         <input_file_ref idref="fl-130"/>
      </object_component>
      <object_component id="oc-37c">
         <name>.text</name>
         <load_address>0x20007a64</load_address>
         <run_address>0x20007a64</run_address>
         <size>0x4c</size>
         <input_file_ref idref="fl-140"/>
      </object_component>
      <object_component id="oc-97">
         <name>.text</name>
         <load_address>0x20007ab0</load_address>
         <run_address>0x20007ab0</run_address>
         <size>0x4c</size>
         <input_file_ref idref="fl-142"/>
      </object_component>
      <object_component id="oc-1d2">
         <name>.text:GPIOGetIntNumber</name>
         <load_address>0x20007afc</load_address>
         <run_address>0x20007afc</run_address>
         <size>0x48</size>
         <input_file_ref idref="fl-15a"/>
      </object_component>
      <object_component id="oc-349">
         <name>.text</name>
         <load_address>0x20007b44</load_address>
         <run_address>0x20007b44</run_address>
         <size>0x48</size>
         <input_file_ref idref="fl-148"/>
      </object_component>
      <object_component id="oc-1e3">
         <name>.text:TimerConfigure</name>
         <load_address>0x20007b8c</load_address>
         <run_address>0x20007b8c</run_address>
         <size>0x44</size>
         <input_file_ref idref="fl-160"/>
      </object_component>
      <object_component id="oc-6d">
         <name>.text</name>
         <load_address>0x20007bd0</load_address>
         <run_address>0x20007bd0</run_address>
         <size>0x44</size>
         <input_file_ref idref="fl-134"/>
      </object_component>
      <object_component id="oc-308">
         <name>.text:PinModeSet</name>
         <load_address>0x20007c14</load_address>
         <run_address>0x20007c14</run_address>
         <size>0x40</size>
         <input_file_ref idref="fl-15c"/>
      </object_component>
      <object_component id="oc-41a">
         <name>.text</name>
         <load_address>0x20007c54</load_address>
         <run_address>0x20007c54</run_address>
         <size>0x40</size>
         <input_file_ref idref="fl-158"/>
      </object_component>
      <object_component id="oc-147">
         <name>.text:PRCMPeripheralClkEnable</name>
         <load_address>0x20007c94</load_address>
         <run_address>0x20007c94</run_address>
         <size>0x3c</size>
         <input_file_ref idref="fl-15d"/>
      </object_component>
      <object_component id="oc-26d">
         <name>.text:GPIODirModeSet</name>
         <load_address>0x20007cd0</load_address>
         <run_address>0x20007cd0</run_address>
         <size>0x36</size>
         <input_file_ref idref="fl-15a"/>
      </object_component>
      <object_component id="oc-3e4">
         <name>.text</name>
         <load_address>0x20007d08</load_address>
         <run_address>0x20007d08</run_address>
         <size>0x34</size>
         <input_file_ref idref="fl-156"/>
      </object_component>
      <object_component id="oc-267">
         <name>.text:PinTypeGPIO</name>
         <load_address>0x20007d3c</load_address>
         <run_address>0x20007d3c</run_address>
         <size>0x30</size>
         <input_file_ref idref="fl-15c"/>
      </object_component>
      <object_component id="oc-285">
         <name>.text:UARTDisable</name>
         <load_address>0x20007d6c</load_address>
         <run_address>0x20007d6c</run_address>
         <size>0x30</size>
         <input_file_ref idref="fl-161"/>
      </object_component>
      <object_component id="oc-370">
         <name>.text</name>
         <load_address>0x20007d9c</load_address>
         <run_address>0x20007d9c</run_address>
         <size>0x30</size>
         <input_file_ref idref="fl-150"/>
      </object_component>
      <object_component id="oc-3b6">
         <name>.text</name>
         <load_address>0x20007dcc</load_address>
         <run_address>0x20007dcc</run_address>
         <size>0x30</size>
         <input_file_ref idref="fl-153"/>
      </object_component>
      <object_component id="oc-354">
         <name>.text</name>
         <load_address>0x20007dfc</load_address>
         <run_address>0x20007dfc</run_address>
         <size>0x2e</size>
         <input_file_ref idref="fl-14a"/>
      </object_component>
      <object_component id="oc-40a">
         <name>.text</name>
         <load_address>0x20007e2a</load_address>
         <run_address>0x20007e2a</run_address>
         <size>0x2e</size>
         <input_file_ref idref="fl-157"/>
      </object_component>
      <object_component id="oc-1be">
         <name>.text:PRCMSysResetCauseGet</name>
         <load_address>0x20007e58</load_address>
         <run_address>0x20007e58</run_address>
         <size>0x2c</size>
         <input_file_ref idref="fl-15d"/>
      </object_component>
      <object_component id="oc-207">
         <name>.text:TimerLoadSet</name>
         <load_address>0x20007e84</load_address>
         <run_address>0x20007e84</run_address>
         <size>0x2a</size>
         <input_file_ref idref="fl-160"/>
      </object_component>
      <object_component id="oc-1e9">
         <name>.text:TimerPrescaleSet</name>
         <load_address>0x20007eae</load_address>
         <run_address>0x20007eae</run_address>
         <size>0x2a</size>
         <input_file_ref idref="fl-160"/>
      </object_component>
      <object_component id="oc-35e">
         <name>.text</name>
         <load_address>0x20007ed8</load_address>
         <run_address>0x20007ed8</run_address>
         <size>0x2a</size>
         <input_file_ref idref="fl-149"/>
      </object_component>
      <object_component id="oc-1b8">
         <name>.text:PRCMPeripheralClkDisable</name>
         <load_address>0x20007f04</load_address>
         <run_address>0x20007f04</run_address>
         <size>0x28</size>
         <input_file_ref idref="fl-15d"/>
      </object_component>
      <object_component id="oc-2d9">
         <name>.text:IntUnregister</name>
         <load_address>0x20007f2c</load_address>
         <run_address>0x20007f2c</run_address>
         <size>0x24</size>
         <input_file_ref idref="fl-15b"/>
      </object_component>
      <object_component id="oc-28b">
         <name>.text:UARTEnable</name>
         <load_address>0x20007f50</load_address>
         <run_address>0x20007f50</run_address>
         <size>0x24</size>
         <input_file_ref idref="fl-161"/>
      </object_component>
      <object_component id="oc-24d">
         <name>.text</name>
         <load_address>0x20007f74</load_address>
         <run_address>0x20007f74</run_address>
         <size>0x24</size>
         <input_file_ref idref="fl-136"/>
      </object_component>
      <object_component id="oc-15f">
         <name>.text:SPIReset</name>
         <load_address>0x20007f98</load_address>
         <run_address>0x20007f98</run_address>
         <size>0x22</size>
         <input_file_ref idref="fl-15e"/>
      </object_component>
      <object_component id="oc-298">
         <name>.text:GPIOPinWrite</name>
         <load_address>0x20007fba</load_address>
         <run_address>0x20007fba</run_address>
         <size>0x20</size>
         <input_file_ref idref="fl-15a"/>
      </object_component>
      <object_component id="oc-1c6">
         <name>.text:IntRegister</name>
         <load_address>0x20007fdc</load_address>
         <run_address>0x20007fdc</run_address>
         <size>0x20</size>
         <input_file_ref idref="fl-15b"/>
      </object_component>
      <object_component id="oc-2aa">
         <name>.text:SPIDataGet</name>
         <load_address>0x20007ffc</load_address>
         <run_address>0x20007ffc</run_address>
         <size>0x20</size>
         <input_file_ref idref="fl-15e"/>
      </object_component>
      <object_component id="oc-108">
         <name>.text:GPIOIntRegister</name>
         <load_address>0x2000801c</load_address>
         <run_address>0x2000801c</run_address>
         <size>0x1e</size>
         <input_file_ref idref="fl-15a"/>
      </object_component>
      <object_component id="oc-2a4">
         <name>.text:SPIDataPut</name>
         <load_address>0x2000803a</load_address>
         <run_address>0x2000803a</run_address>
         <size>0x1e</size>
         <input_file_ref idref="fl-15e"/>
      </object_component>
      <object_component id="oc-213">
         <name>.text:TimerDisable</name>
         <load_address>0x20008058</load_address>
         <run_address>0x20008058</run_address>
         <size>0x1e</size>
         <input_file_ref idref="fl-160"/>
      </object_component>
      <object_component id="oc-20d">
         <name>.text:TimerEnable</name>
         <load_address>0x20008076</load_address>
         <run_address>0x20008076</run_address>
         <size>0x1e</size>
         <input_file_ref idref="fl-160"/>
      </object_component>
      <object_component id="oc-1fb">
         <name>.text:TimerIntStatus</name>
         <load_address>0x20008094</load_address>
         <run_address>0x20008094</run_address>
         <size>0x1e</size>
         <input_file_ref idref="fl-160"/>
      </object_component>
      <object_component id="oc-22f">
         <name>.text:UARTCharPut</name>
         <load_address>0x200080b2</load_address>
         <run_address>0x200080b2</run_address>
         <size>0x1e</size>
         <input_file_ref idref="fl-161"/>
      </object_component>
      <object_component id="oc-ea">
         <name>.text:SysTickIntRegister</name>
         <load_address>0x200080d0</load_address>
         <run_address>0x200080d0</run_address>
         <size>0x1c</size>
         <input_file_ref idref="fl-15f"/>
      </object_component>
      <object_component id="oc-225">
         <name>.text:TimerValueGet</name>
         <load_address>0x200080ec</load_address>
         <run_address>0x200080ec</run_address>
         <size>0x1c</size>
         <input_file_ref idref="fl-160"/>
      </object_component>
      <object_component id="oc-241">
         <name>.text:UARTCharGetNonBlocking</name>
         <load_address>0x20008108</load_address>
         <run_address>0x20008108</run_address>
         <size>0x1c</size>
         <input_file_ref idref="fl-161"/>
      </object_component>
      <object_component id="oc-376">
         <name>.text</name>
         <load_address>0x20008124</load_address>
         <run_address>0x20008124</run_address>
         <size>0x1c</size>
         <input_file_ref idref="fl-14d"/>
      </object_component>
      <object_component id="oc-126">
         <name>.text:GPIOIntDisable</name>
         <load_address>0x20008140</load_address>
         <run_address>0x20008140</run_address>
         <size>0x1a</size>
         <input_file_ref idref="fl-15a"/>
      </object_component>
      <object_component id="oc-11a">
         <name>.text:GPIOIntEnable</name>
         <load_address>0x2000815a</load_address>
         <run_address>0x2000815a</run_address>
         <size>0x1a</size>
         <input_file_ref idref="fl-15a"/>
      </object_component>
      <object_component id="oc-273">
         <name>.text:PinTypeSPI</name>
         <load_address>0x20008174</load_address>
         <run_address>0x20008174</run_address>
         <size>0x1a</size>
         <input_file_ref idref="fl-15c"/>
      </object_component>
      <object_component id="oc-279">
         <name>.text:PinTypeUART</name>
         <load_address>0x2000818e</load_address>
         <run_address>0x2000818e</run_address>
         <size>0x1a</size>
         <input_file_ref idref="fl-15c"/>
      </object_component>
      <object_component id="oc-165">
         <name>.text:SPIFIFOEnable</name>
         <load_address>0x200081a8</load_address>
         <run_address>0x200081a8</run_address>
         <size>0x1a</size>
         <input_file_ref idref="fl-15e"/>
      </object_component>
      <object_component id="oc-fc">
         <name>.text:GPIOPinRead</name>
         <load_address>0x200081c2</load_address>
         <run_address>0x200081c2</run_address>
         <size>0x18</size>
         <input_file_ref idref="fl-15a"/>
      </object_component>
      <object_component id="oc-2b0">
         <name>.text:SPICSDisable</name>
         <load_address>0x200081da</load_address>
         <run_address>0x200081da</run_address>
         <size>0x18</size>
         <input_file_ref idref="fl-15e"/>
      </object_component>
      <object_component id="oc-29e">
         <name>.text:SPICSEnable</name>
         <load_address>0x200081f2</load_address>
         <run_address>0x200081f2</run_address>
         <size>0x18</size>
         <input_file_ref idref="fl-15e"/>
      </object_component>
      <object_component id="oc-171">
         <name>.text:SPIEnable</name>
         <load_address>0x2000820a</load_address>
         <run_address>0x2000820a</run_address>
         <size>0x18</size>
         <input_file_ref idref="fl-15e"/>
      </object_component>
      <object_component id="oc-e4">
         <name>.text:SysTickPeriodSet</name>
         <load_address>0x20008224</load_address>
         <run_address>0x20008224</run_address>
         <size>0x18</size>
         <input_file_ref idref="fl-15f"/>
      </object_component>
      <object_component id="oc-219">
         <name>.text:TimerIntDisable</name>
         <load_address>0x2000823c</load_address>
         <run_address>0x2000823c</run_address>
         <size>0x18</size>
         <input_file_ref idref="fl-160"/>
      </object_component>
      <object_component id="oc-1f5">
         <name>.text:TimerIntEnable</name>
         <load_address>0x20008254</load_address>
         <run_address>0x20008254</run_address>
         <size>0x18</size>
         <input_file_ref idref="fl-160"/>
      </object_component>
      <object_component id="oc-23b">
         <name>.text:UARTCharsAvail</name>
         <load_address>0x2000826c</load_address>
         <run_address>0x2000826c</run_address>
         <size>0x18</size>
         <input_file_ref idref="fl-161"/>
      </object_component>
      <object_component id="oc-67">
         <name>.text</name>
         <load_address>0x20008284</load_address>
         <run_address>0x20008284</run_address>
         <size>0x18</size>
         <input_file_ref idref="fl-13f"/>
      </object_component>
      <object_component id="oc-1ac">
         <name>.text:PRCMHIBRegRead</name>
         <load_address>0x2000829c</load_address>
         <run_address>0x2000829c</run_address>
         <size>0x16</size>
         <input_file_ref idref="fl-15d"/>
      </object_component>
      <object_component id="oc-1b2">
         <name>.text:PRCMHIBRegWrite</name>
         <load_address>0x200082b2</load_address>
         <run_address>0x200082b2</run_address>
         <size>0x16</size>
         <input_file_ref idref="fl-15d"/>
      </object_component>
      <object_component id="oc-36a">
         <name>.text</name>
         <load_address>0x200082c8</load_address>
         <run_address>0x200082c8</run_address>
         <size>0x16</size>
         <input_file_ref idref="fl-14e"/>
      </object_component>
      <object_component id="oc-19c">
         <name>.text:CPUcpsie</name>
         <load_address>0x200082de</load_address>
         <run_address>0x200082de</run_address>
         <size>0x14</size>
         <input_file_ref idref="fl-163"/>
      </object_component>
      <object_component id="oc-114">
         <name>.text:GPIOIntClear</name>
         <load_address>0x200082f2</load_address>
         <run_address>0x200082f2</run_address>
         <size>0x14</size>
         <input_file_ref idref="fl-15a"/>
      </object_component>
      <object_component id="oc-cc">
         <name>.text:IntVTableBaseSet</name>
         <load_address>0x20008308</load_address>
         <run_address>0x20008308</run_address>
         <size>0x14</size>
         <input_file_ref idref="fl-15b"/>
      </object_component>
      <object_component id="oc-186">
         <name>.text</name>
         <load_address>0x2000831c</load_address>
         <run_address>0x2000831c</run_address>
         <size>0x14</size>
         <input_file_ref idref="fl-13d"/>
      </object_component>
      <object_component id="oc-247">
         <name>.text</name>
         <load_address>0x20008330</load_address>
         <run_address>0x20008330</run_address>
         <size>0x14</size>
         <input_file_ref idref="fl-13b"/>
      </object_component>
      <object_component id="oc-201">
         <name>.text:TimerIntClear</name>
         <load_address>0x20008344</load_address>
         <run_address>0x20008344</run_address>
         <size>0x12</size>
         <input_file_ref idref="fl-160"/>
      </object_component>
      <object_component id="oc-f0">
         <name>.text:SysTickEnable</name>
         <load_address>0x20008358</load_address>
         <run_address>0x20008358</run_address>
         <size>0x10</size>
         <input_file_ref idref="fl-15f"/>
      </object_component>
      <object_component id="oc-12">
         <name>.text:decompress:none</name>
         <load_address>0x20008368</load_address>
         <run_address>0x20008368</run_address>
         <size>0xe</size>
         <input_file_ref idref="fl-131"/>
      </object_component>
      <object_component id="oc-2d">
         <name>.text</name>
         <load_address>0x20008376</load_address>
         <run_address>0x20008376</run_address>
         <size>0xe</size>
         <input_file_ref idref="fl-6"/>
      </object_component>
      <object_component id="oc-f6">
         <name>.text:SysTickValueGet</name>
         <load_address>0x20008384</load_address>
         <run_address>0x20008384</run_address>
         <size>0xc</size>
         <input_file_ref idref="fl-15f"/>
      </object_component>
      <object_component id="oc-1e">
         <name>.text:decompress:ZI</name>
         <load_address>0x20008390</load_address>
         <run_address>0x20008390</run_address>
         <size>0xc</size>
         <input_file_ref idref="fl-133"/>
      </object_component>
      <object_component id="oc-d2">
         <name>.text:IntMasterEnable</name>
         <load_address>0x2000839c</load_address>
         <run_address>0x2000839c</run_address>
         <size>0xa</size>
         <input_file_ref idref="fl-15b"/>
      </object_component>
      <object_component id="oc-2c1">
         <name>.text:UtilsDelay</name>
         <load_address>0x200083a6</load_address>
         <run_address>0x200083a6</run_address>
         <size>0x6</size>
         <input_file_ref idref="fl-162"/>
      </object_component>
      <object_component id="oc-18">
         <name>.text:decompress:rle24</name>
         <load_address>0x200083ac</load_address>
         <run_address>0x200083ac</run_address>
         <size>0x6</size>
         <input_file_ref idref="fl-132"/>
      </object_component>
      <object_component id="oc-5b">
         <name>.text</name>
         <load_address>0x200083b2</load_address>
         <run_address>0x200083b2</run_address>
         <size>0x4</size>
         <input_file_ref idref="fl-139"/>
      </object_component>
      <object_component id="oc-3c4">
         <name>.const:.string:_ctypes_</name>
         <load_address>0x200083b8</load_address>
         <run_address>0x200083b8</run_address>
         <size>0x101</size>
         <input_file_ref idref="fl-143"/>
      </object_component>
      <object_component id="oc-396">
         <name>.const:g_ulPinToPadMap</name>
         <load_address>0x200084bc</load_address>
         <run_address>0x200084bc</run_address>
         <size>0x100</size>
         <input_file_ref idref="fl-15c"/>
      </object_component>
      <object_component id="oc-1da">
         <name>.const:g_pulRegs</name>
         <load_address>0x200085bc</load_address>
         <run_address>0x200085bc</run_address>
         <size>0xd4</size>
         <input_file_ref idref="fl-15b"/>
      </object_component>
      <object_component id="oc-280">
         <name>.const:PRCM_PeriphRegsList</name>
         <load_address>0x20008690</load_address>
         <run_address>0x20008690</run_address>
         <size>0xa8</size>
         <input_file_ref idref="fl-15d"/>
      </object_component>
      <object_component id="oc-1a8">
         <name>.const</name>
         <load_address>0x20008738</load_address>
         <run_address>0x20008738</run_address>
         <size>0x80</size>
         <input_file_ref idref="fl-15b"/>
      </object_component>
      <object_component id="oc-460">
         <name>.cinit..data.load</name>
         <load_address>0x200087b8</load_address>
         <run_address>0x200087b8</run_address>
         <size>0x52</size>
      </object_component>
      <object_component id="oc-45e">
         <name>__TI_handler_table</name>
         <load_address>0x2000880c</load_address>
         <run_address>0x2000880c</run_address>
         <size>0xc</size>
      </object_component>
      <object_component id="oc-461">
         <name>.cinit..bss.load</name>
         <load_address>0x20008818</load_address>
         <run_address>0x20008818</run_address>
         <size>0x8</size>
      </object_component>
      <object_component id="oc-45f">
         <name>__TI_cinit_table</name>
         <load_address>0x20008820</load_address>
         <run_address>0x20008820</run_address>
         <size>0x10</size>
      </object_component>
      <object_component id="oc-2a">
         <name>.sysmem</name>
         <uninitialized>true</uninitialized>
         <run_address>0x20017000</run_address>
         <size>0x8</size>
         <input_file_ref idref="fl-137"/>
      </object_component>
      <object_component id="oc-463">
         <name>.sysmem</name>
         <uninitialized>true</uninitialized>
         <run_address>0x20017000</run_address>
         <size>0x0</size>
      </object_component>
      <object_component id="oc-29">
         <name>.stack</name>
         <uninitialized>true</uninitialized>
         <run_address>0x2002f800</run_address>
         <size>0x0</size>
         <input_file_ref idref="fl-130"/>
      </object_component>
      <object_component id="oc-462">
         <name>.stack</name>
         <uninitialized>true</uninitialized>
         <run_address>0x2002f800</run_address>
         <size>0x0</size>
      </object_component>
      <object_component id="oc-259">
         <name>.common:__Errorlog</name>
         <uninitialized>true</uninitialized>
         <run_address>0x20017974</run_address>
         <size>0x4</size>
      </object_component>
      <object_component id="oc-138">
         <name>.data</name>
         <load_address>0x20017930</load_address>
         <run_address>0x20017930</run_address>
         <size>0x18</size>
         <input_file_ref idref="fl-4"/>
      </object_component>
      <object_component id="oc-aa">
         <name>.data</name>
         <load_address>0x2001795c</load_address>
         <run_address>0x2001795c</run_address>
         <size>0x8</size>
         <input_file_ref idref="fl-134"/>
      </object_component>
      <object_component id="oc-2fc">
         <name>.data</name>
         <load_address>0x20017948</load_address>
         <run_address>0x20017948</run_address>
         <size>0xc</size>
         <input_file_ref idref="fl-137"/>
      </object_component>
      <object_component id="oc-73">
         <name>.data</name>
         <load_address>0x20017970</load_address>
         <run_address>0x20017970</run_address>
         <size>0x4</size>
         <input_file_ref idref="fl-13a"/>
      </object_component>
      <object_component id="oc-a7">
         <name>.data</name>
         <load_address>0x20017954</load_address>
         <run_address>0x20017954</run_address>
         <size>0x8</size>
         <input_file_ref idref="fl-13d"/>
      </object_component>
      <object_component id="oc-3df">
         <name>.data</name>
         <load_address>0x200178b0</load_address>
         <run_address>0x200178b0</run_address>
         <size>0x80</size>
         <input_file_ref idref="fl-154"/>
      </object_component>
      <object_component id="oc-3ea">
         <name>.data</name>
         <load_address>0x2001796c</load_address>
         <run_address>0x2001796c</run_address>
         <size>0x4</size>
         <input_file_ref idref="fl-155"/>
      </object_component>
      <object_component id="oc-410">
         <name>.data</name>
         <load_address>0x20017964</load_address>
         <run_address>0x20017964</run_address>
         <size>0x8</size>
         <input_file_ref idref="fl-156"/>
      </object_component>
      <object_component id="oc-42b">
         <name>.data:sigtable</name>
         <load_address>0x20017800</load_address>
         <run_address>0x20017800</run_address>
         <size>0xb0</size>
         <input_file_ref idref="fl-158"/>
      </object_component>
      <object_component id="oc-7e">
         <name>.debug_info</name>
         <load_address>0x0</load_address>
         <run_address>0x0</run_address>
         <size>0x84</size>
         <input_file_ref idref="fl-2"/>
      </object_component>
      <object_component id="oc-2b7">
         <name>.debug_info</name>
         <load_address>0x84</load_address>
         <run_address>0x84</run_address>
         <size>0x1b8</size>
         <input_file_ref idref="fl-3"/>
      </object_component>
      <object_component id="oc-178">
         <name>.debug_info</name>
         <load_address>0x23c</load_address>
         <run_address>0x23c</run_address>
         <size>0xe18</size>
         <input_file_ref idref="fl-3"/>
      </object_component>
      <object_component id="oc-318">
         <name>.debug_info</name>
         <load_address>0x1054</load_address>
         <run_address>0x1054</run_address>
         <size>0x62</size>
         <input_file_ref idref="fl-3"/>
      </object_component>
      <object_component id="oc-1a3">
         <name>.debug_info</name>
         <load_address>0x10b6</load_address>
         <run_address>0x10b6</run_address>
         <size>0x2c</size>
         <input_file_ref idref="fl-3"/>
      </object_component>
      <object_component id="oc-8e">
         <name>.debug_info</name>
         <load_address>0x10e2</load_address>
         <run_address>0x10e2</run_address>
         <size>0x2c</size>
         <input_file_ref idref="fl-3"/>
      </object_component>
      <object_component id="oc-17e">
         <name>.debug_info</name>
         <load_address>0x110e</load_address>
         <run_address>0x110e</run_address>
         <size>0x7e6</size>
         <input_file_ref idref="fl-4"/>
      </object_component>
      <object_component id="oc-139">
         <name>.debug_info</name>
         <load_address>0x18f4</load_address>
         <run_address>0x18f4</run_address>
         <size>0x184</size>
         <input_file_ref idref="fl-4"/>
      </object_component>
      <object_component id="oc-a0">
         <name>.debug_info</name>
         <load_address>0x1a78</load_address>
         <run_address>0x1a78</run_address>
         <size>0xd90</size>
         <input_file_ref idref="fl-4"/>
      </object_component>
      <object_component id="oc-25d">
         <name>.debug_info</name>
         <load_address>0x2808</load_address>
         <run_address>0x2808</run_address>
         <size>0x4e</size>
         <input_file_ref idref="fl-4"/>
      </object_component>
      <object_component id="oc-142">
         <name>.debug_info</name>
         <load_address>0x2856</load_address>
         <run_address>0x2856</run_address>
         <size>0x2e4</size>
         <input_file_ref idref="fl-5"/>
      </object_component>
      <object_component id="oc-35">
         <name>.debug_info</name>
         <load_address>0x2b3a</load_address>
         <run_address>0x2b3a</run_address>
         <size>0x12d</size>
         <input_file_ref idref="fl-6"/>
      </object_component>
      <object_component id="oc-10">
         <name>.debug_info</name>
         <load_address>0x2c67</load_address>
         <run_address>0x2c67</run_address>
         <size>0x112</size>
         <input_file_ref idref="fl-6"/>
      </object_component>
      <object_component id="oc-2e">
         <name>.debug_info</name>
         <load_address>0x2d79</load_address>
         <run_address>0x2d79</run_address>
         <size>0x433</size>
         <input_file_ref idref="fl-6"/>
      </object_component>
      <object_component id="oc-22c">
         <name>.debug_info</name>
         <load_address>0x31ac</load_address>
         <run_address>0x31ac</run_address>
         <size>0x41f</size>
         <input_file_ref idref="fl-8"/>
      </object_component>
      <object_component id="oc-133">
         <name>.debug_info</name>
         <load_address>0x35cb</load_address>
         <run_address>0x35cb</run_address>
         <size>0xd5f</size>
         <input_file_ref idref="fl-8"/>
      </object_component>
      <object_component id="oc-25a">
         <name>.debug_info</name>
         <load_address>0x432a</load_address>
         <run_address>0x432a</run_address>
         <size>0x3ad</size>
         <input_file_ref idref="fl-9"/>
      </object_component>
      <object_component id="oc-13c">
         <name>.debug_info</name>
         <load_address>0x46d7</load_address>
         <run_address>0x46d7</run_address>
         <size>0x8e6</size>
         <input_file_ref idref="fl-9"/>
      </object_component>
      <object_component id="oc-262">
         <name>.debug_info</name>
         <load_address>0x4fbd</load_address>
         <run_address>0x4fbd</run_address>
         <size>0x110</size>
         <input_file_ref idref="fl-9"/>
      </object_component>
      <object_component id="oc-25">
         <name>.debug_info</name>
         <load_address>0x50cd</load_address>
         <run_address>0x50cd</run_address>
         <size>0x134</size>
         <input_file_ref idref="fl-130"/>
      </object_component>
      <object_component id="oc-41">
         <name>.debug_info</name>
         <load_address>0x5201</load_address>
         <run_address>0x5201</run_address>
         <size>0x121</size>
         <input_file_ref idref="fl-131"/>
      </object_component>
      <object_component id="oc-15">
         <name>.debug_info</name>
         <load_address>0x5322</load_address>
         <run_address>0x5322</run_address>
         <size>0x1c0</size>
         <input_file_ref idref="fl-131"/>
      </object_component>
      <object_component id="oc-3c">
         <name>.debug_info</name>
         <load_address>0x54e2</load_address>
         <run_address>0x54e2</run_address>
         <size>0x46</size>
         <input_file_ref idref="fl-131"/>
      </object_component>
      <object_component id="oc-84">
         <name>.debug_info</name>
         <load_address>0x5528</load_address>
         <run_address>0x5528</run_address>
         <size>0x2c</size>
         <input_file_ref idref="fl-131"/>
      </object_component>
      <object_component id="oc-49">
         <name>.debug_info</name>
         <load_address>0x5554</load_address>
         <run_address>0x5554</run_address>
         <size>0x115</size>
         <input_file_ref idref="fl-132"/>
      </object_component>
      <object_component id="oc-44">
         <name>.debug_info</name>
         <load_address>0x5669</load_address>
         <run_address>0x5669</run_address>
         <size>0x228</size>
         <input_file_ref idref="fl-132"/>
      </object_component>
      <object_component id="oc-1a">
         <name>.debug_info</name>
         <load_address>0x5891</load_address>
         <run_address>0x5891</run_address>
         <size>0x192</size>
         <input_file_ref idref="fl-132"/>
      </object_component>
      <object_component id="oc-4a">
         <name>.debug_info</name>
         <load_address>0x5a23</load_address>
         <run_address>0x5a23</run_address>
         <size>0x39</size>
         <input_file_ref idref="fl-132"/>
      </object_component>
      <object_component id="oc-5a">
         <name>.debug_info</name>
         <load_address>0x5a5c</load_address>
         <run_address>0x5a5c</run_address>
         <size>0x110</size>
         <input_file_ref idref="fl-133"/>
      </object_component>
      <object_component id="oc-22">
         <name>.debug_info</name>
         <load_address>0x5b6c</load_address>
         <run_address>0x5b6c</run_address>
         <size>0x18b</size>
         <input_file_ref idref="fl-133"/>
      </object_component>
      <object_component id="oc-55">
         <name>.debug_info</name>
         <load_address>0x5cf7</load_address>
         <run_address>0x5cf7</run_address>
         <size>0x46</size>
         <input_file_ref idref="fl-133"/>
      </object_component>
      <object_component id="oc-ae">
         <name>.debug_info</name>
         <load_address>0x5d3d</load_address>
         <run_address>0x5d3d</run_address>
         <size>0x172</size>
         <input_file_ref idref="fl-134"/>
      </object_component>
      <object_component id="oc-ab">
         <name>.debug_info</name>
         <load_address>0x5eaf</load_address>
         <run_address>0x5eaf</run_address>
         <size>0x117</size>
         <input_file_ref idref="fl-134"/>
      </object_component>
      <object_component id="oc-6e">
         <name>.debug_info</name>
         <load_address>0x5fc6</load_address>
         <run_address>0x5fc6</run_address>
         <size>0x1ee</size>
         <input_file_ref idref="fl-134"/>
      </object_component>
      <object_component id="oc-37">
         <name>.debug_info</name>
         <load_address>0x61b4</load_address>
         <run_address>0x61b4</run_address>
         <size>0xf6</size>
         <input_file_ref idref="fl-135"/>
      </object_component>
      <object_component id="oc-2fb">
         <name>.debug_info</name>
         <load_address>0x62aa</load_address>
         <run_address>0x62aa</run_address>
         <size>0x10d</size>
         <input_file_ref idref="fl-136"/>
      </object_component>
      <object_component id="oc-250">
         <name>.debug_info</name>
         <load_address>0x63b7</load_address>
         <run_address>0x63b7</run_address>
         <size>0x18c</size>
         <input_file_ref idref="fl-136"/>
      </object_component>
      <object_component id="oc-79">
         <name>.debug_info</name>
         <load_address>0x6543</load_address>
         <run_address>0x6543</run_address>
         <size>0x203</size>
         <input_file_ref idref="fl-137"/>
      </object_component>
      <object_component id="oc-2b">
         <name>.debug_info</name>
         <load_address>0x6746</load_address>
         <run_address>0x6746</run_address>
         <size>0xe2</size>
         <input_file_ref idref="fl-137"/>
      </object_component>
      <object_component id="oc-2fd">
         <name>.debug_info</name>
         <load_address>0x6828</load_address>
         <run_address>0x6828</run_address>
         <size>0x12d</size>
         <input_file_ref idref="fl-137"/>
      </object_component>
      <object_component id="oc-254">
         <name>.debug_info</name>
         <load_address>0x6955</load_address>
         <run_address>0x6955</run_address>
         <size>0x86c</size>
         <input_file_ref idref="fl-137"/>
      </object_component>
      <object_component id="oc-b4">
         <name>.debug_info</name>
         <load_address>0x71c1</load_address>
         <run_address>0x71c1</run_address>
         <size>0x2c</size>
         <input_file_ref idref="fl-137"/>
      </object_component>
      <object_component id="oc-b9">
         <name>.debug_info</name>
         <load_address>0x71ed</load_address>
         <run_address>0x71ed</run_address>
         <size>0x62</size>
         <input_file_ref idref="fl-137"/>
      </object_component>
      <object_component id="oc-50">
         <name>.debug_info</name>
         <load_address>0x724f</load_address>
         <run_address>0x724f</run_address>
         <size>0x124</size>
         <input_file_ref idref="fl-138"/>
      </object_component>
      <object_component id="oc-5c">
         <name>.debug_info</name>
         <load_address>0x7373</load_address>
         <run_address>0x7373</run_address>
         <size>0x129</size>
         <input_file_ref idref="fl-139"/>
      </object_component>
      <object_component id="oc-74">
         <name>.debug_info</name>
         <load_address>0x749c</load_address>
         <run_address>0x749c</run_address>
         <size>0xea</size>
         <input_file_ref idref="fl-13a"/>
      </object_component>
      <object_component id="oc-2f9">
         <name>.debug_info</name>
         <load_address>0x7586</load_address>
         <run_address>0x7586</run_address>
         <size>0xcb</size>
         <input_file_ref idref="fl-13b"/>
      </object_component>
      <object_component id="oc-248">
         <name>.debug_info</name>
         <load_address>0x7651</load_address>
         <run_address>0x7651</run_address>
         <size>0x1f7</size>
         <input_file_ref idref="fl-13b"/>
      </object_component>
      <object_component id="oc-2eb">
         <name>.debug_info</name>
         <load_address>0x7848</load_address>
         <run_address>0x7848</run_address>
         <size>0x1a9</size>
         <input_file_ref idref="fl-13c"/>
      </object_component>
      <object_component id="oc-237">
         <name>.debug_info</name>
         <load_address>0x79f1</load_address>
         <run_address>0x79f1</run_address>
         <size>0x33d</size>
         <input_file_ref idref="fl-13c"/>
      </object_component>
      <object_component id="oc-2ec">
         <name>.debug_info</name>
         <load_address>0x7d2e</load_address>
         <run_address>0x7d2e</run_address>
         <size>0x2c</size>
         <input_file_ref idref="fl-13c"/>
      </object_component>
      <object_component id="oc-2f1">
         <name>.debug_info</name>
         <load_address>0x7d5a</load_address>
         <run_address>0x7d5a</run_address>
         <size>0x69</size>
         <input_file_ref idref="fl-13c"/>
      </object_component>
      <object_component id="oc-18e">
         <name>.debug_info</name>
         <load_address>0x7dc3</load_address>
         <run_address>0x7dc3</run_address>
         <size>0x105</size>
         <input_file_ref idref="fl-13d"/>
      </object_component>
      <object_component id="oc-a8">
         <name>.debug_info</name>
         <load_address>0x7ec8</load_address>
         <run_address>0x7ec8</run_address>
         <size>0xf4</size>
         <input_file_ref idref="fl-13d"/>
      </object_component>
      <object_component id="oc-187">
         <name>.debug_info</name>
         <load_address>0x7fbc</load_address>
         <run_address>0x7fbc</run_address>
         <size>0x200</size>
         <input_file_ref idref="fl-13d"/>
      </object_component>
      <object_component id="oc-383">
         <name>.debug_info</name>
         <load_address>0x81bc</load_address>
         <run_address>0x81bc</run_address>
         <size>0x338</size>
         <input_file_ref idref="fl-13e"/>
      </object_component>
      <object_component id="oc-2e5">
         <name>.debug_info</name>
         <load_address>0x84f4</load_address>
         <run_address>0x84f4</run_address>
         <size>0x17ea</size>
         <input_file_ref idref="fl-13e"/>
      </object_component>
      <object_component id="oc-384">
         <name>.debug_info</name>
         <load_address>0x9cde</load_address>
         <run_address>0x9cde</run_address>
         <size>0x86</size>
         <input_file_ref idref="fl-13e"/>
      </object_component>
      <object_component id="oc-3cb">
         <name>.debug_info</name>
         <load_address>0x9d64</load_address>
         <run_address>0x9d64</run_address>
         <size>0x46</size>
         <input_file_ref idref="fl-13e"/>
      </object_component>
      <object_component id="oc-389">
         <name>.debug_info</name>
         <load_address>0x9daa</load_address>
         <run_address>0x9daa</run_address>
         <size>0x39</size>
         <input_file_ref idref="fl-13e"/>
      </object_component>
      <object_component id="oc-a6">
         <name>.debug_info</name>
         <load_address>0x9de3</load_address>
         <run_address>0x9de3</run_address>
         <size>0x147</size>
         <input_file_ref idref="fl-13f"/>
      </object_component>
      <object_component id="oc-68">
         <name>.debug_info</name>
         <load_address>0x9f2a</load_address>
         <run_address>0x9f2a</run_address>
         <size>0x148</size>
         <input_file_ref idref="fl-13f"/>
      </object_component>
      <object_component id="oc-181">
         <name>.debug_info</name>
         <load_address>0xa072</load_address>
         <run_address>0xa072</run_address>
         <size>0x5e</size>
         <input_file_ref idref="fl-13f"/>
      </object_component>
      <object_component id="oc-3c8">
         <name>.debug_info</name>
         <load_address>0xa0d0</load_address>
         <run_address>0xa0d0</run_address>
         <size>0xf5</size>
         <input_file_ref idref="fl-140"/>
      </object_component>
      <object_component id="oc-37d">
         <name>.debug_info</name>
         <load_address>0xa1c5</load_address>
         <run_address>0xa1c5</run_address>
         <size>0x152</size>
         <input_file_ref idref="fl-140"/>
      </object_component>
      <object_component id="oc-9e">
         <name>.debug_info</name>
         <load_address>0xa317</load_address>
         <run_address>0xa317</run_address>
         <size>0x29e</size>
         <input_file_ref idref="fl-141"/>
      </object_component>
      <object_component id="oc-62">
         <name>.debug_info</name>
         <load_address>0xa5b5</load_address>
         <run_address>0xa5b5</run_address>
         <size>0x158</size>
         <input_file_ref idref="fl-141"/>
      </object_component>
      <object_component id="oc-c2">
         <name>.debug_info</name>
         <load_address>0xa70d</load_address>
         <run_address>0xa70d</run_address>
         <size>0x39</size>
         <input_file_ref idref="fl-141"/>
      </object_component>
      <object_component id="oc-c7">
         <name>.debug_info</name>
         <load_address>0xa746</load_address>
         <run_address>0xa746</run_address>
         <size>0xcd</size>
         <input_file_ref idref="fl-141"/>
      </object_component>
      <object_component id="oc-bf">
         <name>.debug_info</name>
         <load_address>0xa813</load_address>
         <run_address>0xa813</run_address>
         <size>0x1c1</size>
         <input_file_ref idref="fl-142"/>
      </object_component>
      <object_component id="oc-98">
         <name>.debug_info</name>
         <load_address>0xa9d4</load_address>
         <run_address>0xa9d4</run_address>
         <size>0x164</size>
         <input_file_ref idref="fl-142"/>
      </object_component>
      <object_component id="oc-196">
         <name>.debug_info</name>
         <load_address>0xab38</load_address>
         <run_address>0xab38</run_address>
         <size>0x2c</size>
         <input_file_ref idref="fl-142"/>
      </object_component>
      <object_component id="oc-3f8">
         <name>.debug_info</name>
         <load_address>0xab64</load_address>
         <run_address>0xab64</run_address>
         <size>0xcf</size>
         <input_file_ref idref="fl-143"/>
      </object_component>
      <object_component id="oc-3c5">
         <name>.debug_info</name>
         <load_address>0xac33</load_address>
         <run_address>0xac33</run_address>
         <size>0xdb</size>
         <input_file_ref idref="fl-143"/>
      </object_component>
      <object_component id="oc-35b">
         <name>.debug_info</name>
         <load_address>0xad0e</load_address>
         <run_address>0xad0e</run_address>
         <size>0x129</size>
         <input_file_ref idref="fl-144"/>
      </object_component>
      <object_component id="oc-336">
         <name>.debug_info</name>
         <load_address>0xae37</load_address>
         <run_address>0xae37</run_address>
         <size>0x105</size>
         <input_file_ref idref="fl-145"/>
      </object_component>
      <object_component id="oc-345">
         <name>.debug_info</name>
         <load_address>0xaf3c</load_address>
         <run_address>0xaf3c</run_address>
         <size>0x107</size>
         <input_file_ref idref="fl-145"/>
      </object_component>
      <object_component id="oc-340">
         <name>.debug_info</name>
         <load_address>0xb043</load_address>
         <run_address>0xb043</run_address>
         <size>0x117</size>
         <input_file_ref idref="fl-146"/>
      </object_component>
      <object_component id="oc-33b">
         <name>.debug_info</name>
         <load_address>0xb15a</load_address>
         <run_address>0xb15a</run_address>
         <size>0x117</size>
         <input_file_ref idref="fl-147"/>
      </object_component>
      <object_component id="oc-34a">
         <name>.debug_info</name>
         <load_address>0xb271</load_address>
         <run_address>0xb271</run_address>
         <size>0x10b</size>
         <input_file_ref idref="fl-148"/>
      </object_component>
      <object_component id="oc-3af">
         <name>.debug_info</name>
         <load_address>0xb37c</load_address>
         <run_address>0xb37c</run_address>
         <size>0xfe</size>
         <input_file_ref idref="fl-149"/>
      </object_component>
      <object_component id="oc-35f">
         <name>.debug_info</name>
         <load_address>0xb47a</load_address>
         <run_address>0xb47a</run_address>
         <size>0x16e</size>
         <input_file_ref idref="fl-149"/>
      </object_component>
      <object_component id="oc-356">
         <name>.debug_info</name>
         <load_address>0xb5e8</load_address>
         <run_address>0xb5e8</run_address>
         <size>0x109</size>
         <input_file_ref idref="fl-14a"/>
      </object_component>
      <object_component id="oc-3bd">
         <name>.debug_info</name>
         <load_address>0xb6f1</load_address>
         <run_address>0xb6f1</run_address>
         <size>0x142</size>
         <input_file_ref idref="fl-14b"/>
      </object_component>
      <object_component id="oc-365">
         <name>.debug_info</name>
         <load_address>0xb833</load_address>
         <run_address>0xb833</run_address>
         <size>0x165</size>
         <input_file_ref idref="fl-14b"/>
      </object_component>
      <object_component id="oc-3a5">
         <name>.debug_info</name>
         <load_address>0xb998</load_address>
         <run_address>0xb998</run_address>
         <size>0x12d</size>
         <input_file_ref idref="fl-14c"/>
      </object_component>
      <object_component id="oc-34f">
         <name>.debug_info</name>
         <load_address>0xbac5</load_address>
         <run_address>0xbac5</run_address>
         <size>0x1a3</size>
         <input_file_ref idref="fl-14c"/>
      </object_component>
      <object_component id="oc-3c3">
         <name>.debug_info</name>
         <load_address>0xbc68</load_address>
         <run_address>0xbc68</run_address>
         <size>0xd2</size>
         <input_file_ref idref="fl-14d"/>
      </object_component>
      <object_component id="oc-377">
         <name>.debug_info</name>
         <load_address>0xbd3a</load_address>
         <run_address>0xbd3a</run_address>
         <size>0x18c</size>
         <input_file_ref idref="fl-14d"/>
      </object_component>
      <object_component id="oc-3bf">
         <name>.debug_info</name>
         <load_address>0xbec6</load_address>
         <run_address>0xbec6</run_address>
         <size>0xd6</size>
         <input_file_ref idref="fl-14e"/>
      </object_component>
      <object_component id="oc-36b">
         <name>.debug_info</name>
         <load_address>0xbf9c</load_address>
         <run_address>0xbf9c</run_address>
         <size>0x211</size>
         <input_file_ref idref="fl-14e"/>
      </object_component>
      <object_component id="oc-332">
         <name>.debug_info</name>
         <load_address>0xc1ad</load_address>
         <run_address>0xc1ad</run_address>
         <size>0x162</size>
         <input_file_ref idref="fl-14f"/>
      </object_component>
      <object_component id="oc-3c1">
         <name>.debug_info</name>
         <load_address>0xc30f</load_address>
         <run_address>0xc30f</run_address>
         <size>0xf3</size>
         <input_file_ref idref="fl-150"/>
      </object_component>
      <object_component id="oc-371">
         <name>.debug_info</name>
         <load_address>0xc402</load_address>
         <run_address>0xc402</run_address>
         <size>0x13a</size>
         <input_file_ref idref="fl-150"/>
      </object_component>
      <object_component id="oc-3e3">
         <name>.debug_info</name>
         <load_address>0xc53c</load_address>
         <run_address>0xc53c</run_address>
         <size>0x111</size>
         <input_file_ref idref="fl-151"/>
      </object_component>
      <object_component id="oc-3b4">
         <name>.debug_info</name>
         <load_address>0xc64d</load_address>
         <run_address>0xc64d</run_address>
         <size>0x192</size>
         <input_file_ref idref="fl-151"/>
      </object_component>
      <object_component id="oc-403">
         <name>.debug_info</name>
         <load_address>0xc7df</load_address>
         <run_address>0xc7df</run_address>
         <size>0x86</size>
         <input_file_ref idref="fl-151"/>
      </object_component>
      <object_component id="oc-3dc">
         <name>.debug_info</name>
         <load_address>0xc865</load_address>
         <run_address>0xc865</run_address>
         <size>0xfb</size>
         <input_file_ref idref="fl-152"/>
      </object_component>
      <object_component id="oc-3a9">
         <name>.debug_info</name>
         <load_address>0xc960</load_address>
         <run_address>0xc960</run_address>
         <size>0x173</size>
         <input_file_ref idref="fl-152"/>
      </object_component>
      <object_component id="oc-3b7">
         <name>.debug_info</name>
         <load_address>0xcad3</load_address>
         <run_address>0xcad3</run_address>
         <size>0x153</size>
         <input_file_ref idref="fl-153"/>
      </object_component>
      <object_component id="oc-3e0">
         <name>.debug_info</name>
         <load_address>0xcc26</load_address>
         <run_address>0xcc26</run_address>
         <size>0x1b5</size>
         <input_file_ref idref="fl-154"/>
      </object_component>
      <object_component id="oc-3eb">
         <name>.debug_info</name>
         <load_address>0xcddb</load_address>
         <run_address>0xcddb</run_address>
         <size>0xd6</size>
         <input_file_ref idref="fl-155"/>
      </object_component>
      <object_component id="oc-429">
         <name>.debug_info</name>
         <load_address>0xceb1</load_address>
         <run_address>0xceb1</run_address>
         <size>0x13e</size>
         <input_file_ref idref="fl-156"/>
      </object_component>
      <object_component id="oc-411">
         <name>.debug_info</name>
         <load_address>0xcfef</load_address>
         <run_address>0xcfef</run_address>
         <size>0x10e</size>
         <input_file_ref idref="fl-156"/>
      </object_component>
      <object_component id="oc-3e5">
         <name>.debug_info</name>
         <load_address>0xd0fd</load_address>
         <run_address>0xd0fd</run_address>
         <size>0x16f</size>
         <input_file_ref idref="fl-156"/>
      </object_component>
      <object_component id="oc-424">
         <name>.debug_info</name>
         <load_address>0xd26c</load_address>
         <run_address>0xd26c</run_address>
         <size>0x6f</size>
         <input_file_ref idref="fl-156"/>
      </object_component>
      <object_component id="oc-421">
         <name>.debug_info</name>
         <load_address>0xd2db</load_address>
         <run_address>0xd2db</run_address>
         <size>0xfd</size>
         <input_file_ref idref="fl-157"/>
      </object_component>
      <object_component id="oc-40b">
         <name>.debug_info</name>
         <load_address>0xd3d8</load_address>
         <run_address>0xd3d8</run_address>
         <size>0x154</size>
         <input_file_ref idref="fl-157"/>
      </object_component>
      <object_component id="oc-432">
         <name>.debug_info</name>
         <load_address>0xd52c</load_address>
         <run_address>0xd52c</run_address>
         <size>0x2c</size>
         <input_file_ref idref="fl-157"/>
      </object_component>
      <object_component id="oc-42f">
         <name>.debug_info</name>
         <load_address>0xd558</load_address>
         <run_address>0xd558</run_address>
         <size>0x11d</size>
         <input_file_ref idref="fl-158"/>
      </object_component>
      <object_component id="oc-42c">
         <name>.debug_info</name>
         <load_address>0xd675</load_address>
         <run_address>0xd675</run_address>
         <size>0xdb</size>
         <input_file_ref idref="fl-158"/>
      </object_component>
      <object_component id="oc-41b">
         <name>.debug_info</name>
         <load_address>0xd750</load_address>
         <run_address>0xd750</run_address>
         <size>0x16a</size>
         <input_file_ref idref="fl-158"/>
      </object_component>
      <object_component id="oc-3fe">
         <name>.debug_info</name>
         <load_address>0xd8ba</load_address>
         <run_address>0xd8ba</run_address>
         <size>0xc6</size>
         <input_file_ref idref="fl-159"/>
      </object_component>
      <object_component id="oc-3d6">
         <name>.debug_info</name>
         <load_address>0xd980</load_address>
         <run_address>0xd980</run_address>
         <size>0x14d</size>
         <input_file_ref idref="fl-159"/>
      </object_component>
      <object_component id="oc-1d9">
         <name>.debug_info</name>
         <load_address>0xdacd</load_address>
         <run_address>0xdacd</run_address>
         <size>0x19a</size>
         <input_file_ref idref="fl-15a"/>
      </object_component>
      <object_component id="oc-1d3">
         <name>.debug_info</name>
         <load_address>0xdc67</load_address>
         <run_address>0xdc67</run_address>
         <size>0x1ea</size>
         <input_file_ref idref="fl-15a"/>
      </object_component>
      <object_component id="oc-26e">
         <name>.debug_info</name>
         <load_address>0xde51</load_address>
         <run_address>0xde51</run_address>
         <size>0x229</size>
         <input_file_ref idref="fl-15a"/>
      </object_component>
      <object_component id="oc-103">
         <name>.debug_info</name>
         <load_address>0xe07a</load_address>
         <run_address>0xe07a</run_address>
         <size>0x234</size>
         <input_file_ref idref="fl-15a"/>
      </object_component>
      <object_component id="oc-11b">
         <name>.debug_info</name>
         <load_address>0xe2ae</load_address>
         <run_address>0xe2ae</run_address>
         <size>0x20b</size>
         <input_file_ref idref="fl-15a"/>
      </object_component>
[...]
      </symbol>
      <symbol id="sm-2bc">
         <name>memalign</name>
         <value>0x200060c5</value>
         <object_component_ref idref="oc-253"/>
      </symbol>
      <symbol id="sm-2bd">
         <name>calloc</name>
         <value>0x200061a9</value>
         <object_component_ref idref="oc-253"/>
      </symbol>
      <symbol id="sm-2be">
         <name>malloc</name>
         <value>0x20005e8f</value>
         <object_component_ref idref="oc-253"/>
      </symbol>
      <symbol id="sm-2bf">
         <name>minit</name>
         <value>0x20005e01</value>
         <object_component_ref idref="oc-253"/>
      </symbol>
      <symbol id="sm-2ce">
         <name>__aeabi_memset</name>
         <value>0x2000755d</value>
         <object_component_ref idref="oc-4f"/>
      </symbol>
      <symbol id="sm-2cf">
         <name>memset</name>
         <value>0x20007563</value>
         <object_component_ref idref="oc-4f"/>
      </symbol>
      <symbol id="sm-2d0">
         <name>__aeabi_memset8</name>
         <value>0x2000755d</value>
         <object_component_ref idref="oc-4f"/>
      </symbol>
      <symbol id="sm-2d1">
         <name>__aeabi_memset4</name>
         <value>0x2000755d</value>
         <object_component_ref idref="oc-4f"/>
      </symbol>
      <symbol id="sm-2d2">
         <name>__aeabi_memclr8</name>
         <value>0x2000755b</value>
         <object_component_ref idref="oc-4f"/>
      </symbol>
      <symbol id="sm-2d3">
         <name>__aeabi_memclr4</name>
         <value>0x2000755b</value>
         <object_component_ref idref="oc-4f"/>
      </symbol>
      <symbol id="sm-2d4">
         <name>__aeabi_memclr</name>
         <value>0x2000755b</value>
         <object_component_ref idref="oc-4f"/>
      </symbol>
      <symbol id="sm-2de">
         <name>_system_pre_init</name>
         <value>0x200083b3</value>
         <object_component_ref idref="oc-5b"/>
      </symbol>
      <symbol id="sm-2e6">
         <name>main_func_sp</name>
         <value>0x20017970</value>
         <object_component_ref idref="oc-73"/>
      </symbol>
      <symbol id="sm-2f4">
         <name>strlen</name>
         <value>0x20008331</value>
         <object_component_ref idref="oc-247"/>
      </symbol>
      <symbol id="sm-315">
         <name>vsnprintf</name>
         <value>0x20007345</value>
         <object_component_ref idref="oc-235"/>
      </symbol>
      <symbol id="sm-32e">
         <name>_nop</name>
         <value>0x2000832b</value>
         <object_component_ref idref="oc-186"/>
      </symbol>
      <symbol id="sm-32f">
         <name>_lock</name>
         <value>0x20017954</value>
         <object_component_ref idref="oc-a7"/>
      </symbol>
      <symbol id="sm-330">
         <name>_unlock</name>
         <value>0x20017958</value>
         <object_component_ref idref="oc-a7"/>
      </symbol>
      <symbol id="sm-331">
         <name>_register_lock</name>
         <value>0x20008323</value>
         <object_component_ref idref="oc-186"/>
      </symbol>
      <symbol id="sm-332">
         <name>_register_unlock</name>
         <value>0x2000831d</value>
         <object_component_ref idref="oc-186"/>
      </symbol>
      <symbol id="sm-437">
         <name>__TI_printfi</name>
         <value>0x200051b5</value>
         <object_component_ref idref="oc-2e4"/>
      </symbol>
      <symbol id="sm-44c">
         <name>_args_main</name>
         <value>0x20008285</value>
         <object_component_ref idref="oc-67"/>
      </symbol>
      <symbol id="sm-462">
         <name>atoi</name>
         <value>0x20007a65</value>
         <object_component_ref idref="oc-37c"/>
      </symbol>
      <symbol id="sm-488">
         <name>__TI_auto_init</name>
         <value>0x200076bd</value>
         <object_component_ref idref="oc-61"/>
      </symbol>
      <symbol id="sm-4a2">
         <name>copy_in</name>
         <value>0x20007ab1</value>
         <object_component_ref idref="oc-97"/>
      </symbol>
      <symbol id="sm-4ad">
         <name>_ctypes_</name>
         <value>0x200083b8</value>
         <object_component_ref idref="oc-3c4"/>
      </symbol>
      <symbol id="sm-4d1">
         <name>__aeabi_dsub</name>
         <value>0x20006651</value>
         <object_component_ref idref="oc-359"/>
      </symbol>
      <symbol id="sm-4d2">
         <name>__aeabi_dadd</name>
         <value>0x2000665b</value>
         <object_component_ref idref="oc-359"/>
      </symbol>
      <symbol id="sm-4f9">
         <name>__aeabi_cdcmpeq</name>
         <value>0x200073cd</value>
         <object_component_ref idref="oc-335"/>
      </symbol>
      <symbol id="sm-4fa">
         <name>__aeabi_cdcmple</name>
         <value>0x200073cd</value>
         <object_component_ref idref="oc-335"/>
      </symbol>
      <symbol id="sm-4fb">
         <name>__aeabi_cdrcmple</name>
         <value>0x20007453</value>
         <object_component_ref idref="oc-344"/>
      </symbol>
      <symbol id="sm-51b">
         <name>__aeabi_ddiv</name>
         <value>0x200069a1</value>
         <object_component_ref idref="oc-33f"/>
      </symbol>
      <symbol id="sm-532">
         <name>__aeabi_dmul</name>
         <value>0x20006d1d</value>
         <object_component_ref idref="oc-33a"/>
      </symbol>
      <symbol id="sm-540">
         <name>__aeabi_d2iz</name>
         <value>0x20007b45</value>
         <object_component_ref idref="oc-349"/>
      </symbol>
      <symbol id="sm-54d">
         <name>frexp</name>
         <value>0x20007ed9</value>
         <object_component_ref idref="oc-35e"/>
      </symbol>
      <symbol id="sm-559">
         <name>__aeabi_i2d</name>
         <value>0x20007dfd</value>
         <object_component_ref idref="oc-354"/>
      </symbol>
      <symbol id="sm-56a">
         <name>ldexp</name>
         <value>0x200079c1</value>
         <object_component_ref idref="oc-364"/>
      </symbol>
      <symbol id="sm-579">
         <name>ltoa</name>
         <value>0x20007915</value>
         <object_component_ref idref="oc-34e"/>
      </symbol>
      <symbol id="sm-589">
         <name>memccpy</name>
         <value>0x20008125</value>
         <object_component_ref idref="oc-376"/>
      </symbol>
      <symbol id="sm-599">
         <name>strchr</name>
         <value>0x200082c9</value>
         <object_component_ref idref="oc-36a"/>
      </symbol>
      <symbol id="sm-5c3">
         <name>__aeabi_uldivmod</name>
         <value>0x2000645d</value>
         <object_component_ref idref="oc-330"/>
      </symbol>
      <symbol id="sm-5d1">
         <name>_Dclass</name>
         <value>0x20007d9d</value>
         <object_component_ref idref="oc-370"/>
      </symbol>
      <symbol id="sm-5f2">
         <name>_Dscale</name>
         <value>0x20006c0d</value>
         <object_component_ref idref="oc-3b0"/>
      </symbol>
      <symbol id="sm-606">
         <name>_Dunscale</name>
         <value>0x200077fd</value>
         <object_component_ref idref="oc-3a8"/>
      </symbol>
      <symbol id="sm-615">
         <name>_Feraise</name>
         <value>0x20007dcd</value>
         <object_component_ref idref="oc-3b6"/>
      </symbol>
      <symbol id="sm-625">
         <name>_Rteps</name>
         <value>0x20017910</value>
         <object_component_ref idref="oc-3df"/>
      </symbol>
      <symbol id="sm-626">
         <name>_Zero</name>
         <value>0x20017928</value>
         <object_component_ref idref="oc-3df"/>
      </symbol>
      <symbol id="sm-627">
         <name>_Hugeval</name>
         <value>0x200178d0</value>
         <object_component_ref idref="oc-3df"/>
      </symbol>
      <symbol id="sm-628">
         <name>_Snan</name>
         <value>0x20017900</value>
         <object_component_ref idref="oc-3df"/>
      </symbol>
      <symbol id="sm-629">
         <name>_Nan</name>
         <value>0x200178f0</value>
         <object_component_ref idref="oc-3df"/>
      </symbol>
      <symbol id="sm-62a">
         <name>_Inf</name>
         <value>0x200178e0</value>
         <object_component_ref idref="oc-3df"/>
      </symbol>
      <symbol id="sm-62b">
         <name>_Xbig</name>
         <value>0x20017920</value>
         <object_component_ref idref="oc-3df"/>
      </symbol>
      <symbol id="sm-62c">
         <name>_Eps</name>
         <value>0x200178c0</value>
         <object_component_ref idref="oc-3df"/>
      </symbol>
      <symbol id="sm-62d">
         <name>_Denorm</name>
         <value>0x200178b0</value>
         <object_component_ref idref="oc-3df"/>
      </symbol>
      <symbol id="sm-635">
         <name>_Errno</name>
         <value>0x2001796c</value>
         <object_component_ref idref="oc-3ea"/>
      </symbol>
      <symbol id="sm-653">
         <name>feraiseexcept</name>
         <value>0x20007d09</value>
         <object_component_ref idref="oc-3e4"/>
      </symbol>
      <symbol id="sm-654">
         <name>_Tls_setup__Fenv</name>
         <value>0x20017968</value>
         <object_component_ref idref="oc-410"/>
      </symbol>
      <symbol id="sm-655">
         <name>_Fenv</name>
         <value>0x20017964</value>
         <object_component_ref idref="oc-410"/>
      </symbol>
      <symbol id="sm-669">
         <name>raise</name>
         <value>0x20007e2b</value>
         <object_component_ref idref="oc-40a"/>
      </symbol>
      <symbol id="sm-683">
         <name>signal</name>
         <value>0x20007c55</value>
         <object_component_ref idref="oc-41a"/>
      </symbol>
      <symbol id="sm-698">
         <name>_Dnorm</name>
         <value>0x20006edd</value>
         <object_component_ref idref="oc-3d5"/>
      </symbol>
      <symbol id="sm-6f6">
         <name>GPIOIntRegister</name>
         <value>0x2000801d</value>
         <object_component_ref idref="oc-108"/>
      </symbol>
      <symbol id="sm-6f7">
         <name>GPIOIntDisable</name>
         <value>0x20008141</value>
         <object_component_ref idref="oc-126"/>
      </symbol>
      <symbol id="sm-6f8">
         <name>GPIOIntEnable</name>
         <value>0x2000815b</value>
         <object_component_ref idref="oc-11a"/>
      </symbol>
      <symbol id="sm-6f9">
         <name>GPIOIntTypeSet</name>
         <value>0x200074d9</value>
         <object_component_ref idref="oc-102"/>
      </symbol>
      <symbol id="sm-6fa">
         <name>GPIOIntClear</name>
         <value>0x200082f3</value>
         <object_component_ref idref="oc-114"/>
      </symbol>
      <symbol id="sm-6fb">
         <name>GPIOPinRead</name>
         <value>0x200081c3</value>
         <object_component_ref idref="oc-fc"/>
      </symbol>
      <symbol id="sm-6fc">
         <name>GPIODirModeSet</name>
         <value>0x20007cd1</value>
         <object_component_ref idref="oc-26d"/>
      </symbol>
      <symbol id="sm-6fd">
         <name>GPIOPinWrite</name>
         <value>0x20007fbb</value>
         <object_component_ref idref="oc-298"/>
      </symbol>
      <symbol id="sm-783">
         <name>IntPendClear</name>
         <value>0x20007865</value>
         <object_component_ref idref="oc-120"/>
      </symbol>
      <symbol id="sm-784">
         <name>IntPrioritySet</name>
         <value>0x2000796d</value>
         <object_component_ref idref="oc-10e"/>
      </symbol>
      <symbol id="sm-785">
         <name>IntVTableBaseSet</name>
         <value>0x20008309</value>
         <object_component_ref idref="oc-cc"/>
      </symbol>
      <symbol id="sm-786">
         <name>IntEnable</name>
         <value>0x20007045</value>
         <object_component_ref idref="oc-d8"/>
      </symbol>
      <symbol id="sm-787">
         <name>IntDisable</name>
         <value>0x20006f9d</value>
         <object_component_ref idref="oc-12c"/>
      </symbol>
      <symbol id="sm-788">
         <name>IntRegister</name>
         <value>0x20007fdd</value>
         <object_component_ref idref="oc-1c6"/>
      </symbol>
      <symbol id="sm-789">
         <name>IntUnregister</name>
         <value>0x20007f2d</value>
         <object_component_ref idref="oc-2d9"/>
      </symbol>
      <symbol id="sm-78a">
         <name>IntMasterEnable</name>
         <value>0x2000839d</value>
         <object_component_ref idref="oc-d2"/>
      </symbol>
      <symbol id="sm-7c9">
         <name>PinTypeUART</name>
         <value>0x2000818f</value>
         <object_component_ref idref="oc-279"/>
      </symbol>
      <symbol id="sm-7ca">
         <name>PinTypeGPIO</name>
         <value>0x20007d3d</value>
         <object_component_ref idref="oc-267"/>
      </symbol>
      <symbol id="sm-7cb">
         <name>PinConfigSet</name>
         <value>0x200072bd</value>
         <object_component_ref idref="oc-302"/>
      </symbol>
      <symbol id="sm-7cc">
         <name>PinTypeSPI</name>
         <value>0x20008175</value>
         <object_component_ref idref="oc-273"/>
      </symbol>
      <symbol id="sm-7cd">
         <name>PinModeSet</name>
         <value>0x20007c15</value>
         <object_component_ref idref="oc-308"/>
      </symbol>
      <symbol id="sm-84f">
         <name>PRCMPeripheralReset</name>
         <value>0x200078bd</value>
         <object_component_ref idref="oc-159"/>
      </symbol>
      <symbol id="sm-850">
         <name>PRCMPeripheralClkEnable</name>
         <value>0x20007c95</value>
         <object_component_ref idref="oc-147"/>
      </symbol>
      <symbol id="sm-851">
         <name>PRCMPeripheralClockGet</name>
         <value>0x20007229</value>
         <object_component_ref idref="oc-14d"/>
      </symbol>
      <symbol id="sm-852">
         <name>PRCMCC3200MCUInit</name>
         <value>0x20006ad9</value>
         <object_component_ref idref="oc-de"/>
      </symbol>
      <symbol id="sm-853">
         <name>PRCMHIBRegWrite</name>
         <value>0x200082b3</value>
         <object_component_ref idref="oc-1b2"/>
      </symbol>
      <symbol id="sm-854">
         <name>PRCMSysResetCauseGet</name>
         <value>0x20007e59</value>
         <object_component_ref idref="oc-1be"/>
      </symbol>
      <symbol id="sm-855">
         <name>PRCMPeripheralClkDisable</name>
         <value>0x20007f05</value>
         <object_component_ref idref="oc-1b8"/>
      </symbol>
      <symbol id="sm-856">
         <name>PRCMHIBRegRead</name>
         <value>0x2000829d</value>
         <object_component_ref idref="oc-1ac"/>
      </symbol>
      <symbol id="sm-8a3">
         <name>SPICSEnable</name>
         <value>0x200081f3</value>
         <object_component_ref idref="oc-29e"/>
      </symbol>
      <symbol id="sm-8a4">
         <name>SPIFIFOEnable</name>
         <value>0x200081a9</value>
         <object_component_ref idref="oc-165"/>
      </symbol>
      <symbol id="sm-8a5">
         <name>SPIDataPut</name>
         <value>0x2000803b</value>
         <object_component_ref idref="oc-2a4"/>
      </symbol>
      <symbol id="sm-8a6">
         <name>SPIEnable</name>
         <value>0x2000820b</value>
         <object_component_ref idref="oc-171"/>
      </symbol>
      <symbol id="sm-8a7">
         <name>SPIDataGet</name>
         <value>0x20007ffd</value>
         <object_component_ref idref="oc-2aa"/>
      </symbol>
      <symbol id="sm-8a8">
         <name>SPIConfigSetExpClk</name>
         <value>0x200070ed</value>
         <object_component_ref idref="oc-16b"/>
      </symbol>
      <symbol id="sm-8a9">
         <name>SPIReset</name>
         <value>0x20007f99</value>
         <object_component_ref idref="oc-15f"/>
      </symbol>
      <symbol id="sm-8aa">
         <name>SPICSDisable</name>
         <value>0x200081db</value>
         <object_component_ref idref="oc-2b0"/>
      </symbol>
      <symbol id="sm-8d7">
         <name>SysTickEnable</name>
         <value>0x20008359</value>
         <object_component_ref idref="oc-f0"/>
      </symbol>
      <symbol id="sm-8d8">
         <name>SysTickIntRegister</name>
         <value>0x200080d1</value>
         <object_component_ref idref="oc-ea"/>
      </symbol>
      <symbol id="sm-8d9">
         <name>SysTickValueGet</name>
         <value>0x20008385</value>
         <object_component_ref idref="oc-f6"/>
      </symbol>
      <symbol id="sm-8da">
         <name>SysTickPeriodSet</name>
         <value>0x20008225</value>
         <object_component_ref idref="oc-e4"/>
      </symbol>
      <symbol id="sm-95e">
         <name>TimerLoadSet</name>
         <value>0x20007e85</value>
         <object_component_ref idref="oc-207"/>
      </symbol>
      <symbol id="sm-95f">
         <name>TimerDisable</name>
         <value>0x20008059</value>
         <object_component_ref idref="oc-213"/>
      </symbol>
      <symbol id="sm-960">
         <name>TimerIntRegister</name>
         <value>0x2000764d</value>
         <object_component_ref idref="oc-1ef"/>
      </symbol>
      <symbol id="sm-961">
         <name>TimerEnable</name>
         <value>0x20008077</value>
         <object_component_ref idref="oc-20d"/>
      </symbol>
      <symbol id="sm-962">
         <name>TimerIntUnregister</name>
         <value>0x20007795</value>
         <object_component_ref idref="oc-21f"/>
      </symbol>
      <symbol id="sm-963">
         <name>TimerIntStatus</name>
         <value>0x20008095</value>
         <object_component_ref idref="oc-1fb"/>
      </symbol>
      <symbol id="sm-964">
         <name>TimerIntDisable</name>
         <value>0x2000823d</value>
         <object_component_ref idref="oc-219"/>
      </symbol>
      <symbol id="sm-965">
         <name>TimerValueGet</name>
         <value>0x200080ed</value>
         <object_component_ref idref="oc-225"/>
      </symbol>
      <symbol id="sm-966">
         <name>TimerPrescaleSet</name>
         <value>0x20007eaf</value>
         <object_component_ref idref="oc-1e9"/>
      </symbol>
      <symbol id="sm-967">
         <name>TimerIntEnable</name>
         <value>0x20008255</value>
         <object_component_ref idref="oc-1f5"/>
      </symbol>
      <symbol id="sm-968">
         <name>TimerConfigure</name>
         <value>0x20007b8d</value>
         <object_component_ref idref="oc-1e3"/>
      </symbol>
      <symbol id="sm-969">
         <name>TimerIntClear</name>
         <value>0x20008345</value>
         <object_component_ref idref="oc-201"/>
      </symbol>
      <symbol id="sm-9a5">
         <name>UARTConfigSetExpClk</name>
         <value>0x200075d5</value>
         <object_component_ref idref="oc-153"/>
      </symbol>
      <symbol id="sm-9a6">
         <name>UARTDisable</name>
         <value>0x20007d6d</value>
         <object_component_ref idref="oc-285"/>
      </symbol>
      <symbol id="sm-9a7">
         <name>UARTCharsAvail</name>
         <value>0x2000826d</value>
         <object_component_ref idref="oc-23b"/>
      </symbol>
      <symbol id="sm-9a8">
         <name>UARTCharGetNonBlocking</name>
         <value>0x20008109</value>
         <object_component_ref idref="oc-241"/>
      </symbol>
      <symbol id="sm-9a9">
         <name>UARTCharPut</name>
         <value>0x200080b3</value>
         <object_component_ref idref="oc-22f"/>
      </symbol>
      <symbol id="sm-9aa">
         <name>UARTEnable</name>
         <value>0x20007f51</value>
         <object_component_ref idref="oc-28b"/>
      </symbol>
      <symbol id="sm-9ae">
         <name>UtilsDelay</name>
         <value>0x200083a7</value>
         <object_component_ref idref="oc-2c1"/>
      </symbol>
      <symbol id="sm-9b8">
         <name>CPUcpsie</name>
         <value>0x200082df</value>
         <object_component_ref idref="oc-19c"/>
      </symbol>
      <symbol id="sm-9be">
         <name>__TI_static_base__</name>
         <value>0x200087b8</value>
      </symbol>
      <symbol id="sm-9c1">
         <name>SHT$$INIT_ARRAY$$Limit</name>
         <value>0x0</value>
      </symbol>
      <symbol id="sm-9c2">
         <name>SHT$$INIT_ARRAY$$Base</name>
         <value>0x0</value>
      </symbol>
   </symbol_table>
   <title>Link successful</title>
</link_info>
