<?xml version="1.0"?>
<link_info>
   <banner>TI ARM Linker PC v5.2.5</banner>
   <copyright>Copyright (c) 1996-2015 Texas Instruments Incorporated</copyright>
   <link_time>0x56c69394</link_time>
   <link_errors>0x0</link_errors>
   <output_file>Lab3.out</output_file>
   <entry_point>
      <name>_c_int00</name>
      <address>0x20008d51</address>
   </entry_point>
   <input_file_list>
      <input_file id="fl-2">
         <path>.\</path>
         <kind>object</kind>
         <file>Adafruit_GFX.obj</file>
         <name>Adafruit_GFX.obj</name>
      </input_file>
      <input_file id="fl-3">
         <path>.\</path>
         <kind>object</kind>
         <file>Adafruit_OLED.obj</file>
         <name>Adafruit_OLED.obj</name>
      </input_file>
      <input_file id="fl-4">
         <path>.\</path>
         <kind>object</kind>
         <file>main.obj</file>
         <name>main.obj</name>
      </input_file>
      <input_file id="fl-5">
         <path>.\</path>
         <kind>object</kind>
         <file>pin_mux_config.obj</file>
         <name>pin_mux_config.obj</name>
      </input_file>
      <input_file id="fl-6">
         <path>.\</path>
         <kind>object</kind>
         <file>startup_ccs.obj</file>
         <name>startup_ccs.obj</name>
      </input_file>
      <input_file id="fl-7">
         <path>.\</path>
         <kind>object</kind>
         <file>test.obj</file>
         <name>test.obj</name>
      </input_file>
      <input_file id="fl-8">
         <path>.\</path>
         <kind>object</kind>
         <file>timer_if.obj</file>
         <name>timer_if.obj</name>
      </input_file>
      <input_file id="fl-9">
         <path>.\</path>
         <kind>object</kind>
         <file>uart_if.obj</file>
         <name>uart_if.obj</name>
      </input_file>
      <input_file id="fl-130">
         <path>C:\ti\ccsv6\tools\compiler\ti-cgt-arm_5.2.5\lib\</path>
         <kind>archive</kind>
         <file>rtsv7M4_T_le_v4SPD16_eabi.lib</file>
         <name>boot.obj</name>
      </input_file>
      <input_file id="fl-131">
         <path>C:\ti\ccsv6\tools\compiler\ti-cgt-arm_5.2.5\lib\</path>
         <kind>archive</kind>
         <file>rtsv7M4_T_le_v4SPD16_eabi.lib</file>
         <name>copy_decompress_none.obj</name>
      </input_file>
      <input_file id="fl-132">
         <path>C:\ti\ccsv6\tools\compiler\ti-cgt-arm_5.2.5\lib\</path>
         <kind>archive</kind>
         <file>rtsv7M4_T_le_v4SPD16_eabi.lib</file>
         <name>copy_decompress_rle.obj</name>
      </input_file>
      <input_file id="fl-133">
         <path>C:\ti\ccsv6\tools\compiler\ti-cgt-arm_5.2.5\lib\</path>
         <kind>archive</kind>
         <file>rtsv7M4_T_le_v4SPD16_eabi.lib</file>
         <name>copy_zero_init.obj</name>
      </input_file>
      <input_file id="fl-134">
         <path>C:\ti\ccsv6\tools\compiler\ti-cgt-arm_5.2.5\lib\</path>
         <kind>archive</kind>
         <file>rtsv7M4_T_le_v4SPD16_eabi.lib</file>
         <name>exit.obj</name>
      </input_file>
      <input_file id="fl-135">
         <path>C:\ti\ccsv6\tools\compiler\ti-cgt-arm_5.2.5\lib\</path>
         <kind>archive</kind>
         <file>rtsv7M4_T_le_v4SPD16_eabi.lib</file>
         <name>memcpy_t2.obj</name>
      </input_file>
      <input_file id="fl-136">
         <path>C:\ti\ccsv6\tools\compiler\ti-cgt-arm_5.2.5\lib\</path>
         <kind>archive</kind>
         <file>rtsv7M4_T_le_v4SPD16_eabi.lib</file>
         <name>memmov.obj</name>
      </input_file>
      <input_file id="fl-137">
         <path>C:\ti\ccsv6\tools\compiler\ti-cgt-arm_5.2.5\lib\</path>
         <kind>archive</kind>
         <file>rtsv7M4_T_le_v4SPD16_eabi.lib</file>
         <name>memory.obj</name>
      </input_file>
      <input_file id="fl-138">
         <path>C:\ti\ccsv6\tools\compiler\ti-cgt-arm_5.2.5\lib\</path>
         <kind>archive</kind>
         <file>rtsv7M4_T_le_v4SPD16_eabi.lib</file>
         <name>memset_t2.obj</name>
      </input_file>
      <input_file id="fl-139">
         <path>C:\ti\ccsv6\tools\compiler\ti-cgt-arm_5.2.5\lib\</path>
         <kind>archive</kind>
         <file>rtsv7M4_T_le_v4SPD16_eabi.lib</file>
         <name>pre_init.obj</name>
      </input_file>
      <input_file id="fl-13a">
         <path>C:\ti\ccsv6\tools\compiler\ti-cgt-arm_5.2.5\lib\</path>
         <kind>archive</kind>
         <file>rtsv7M4_T_le_v4SPD16_eabi.lib</file>
         <name>stkdepth_vars.obj</name>
      </input_file>
      <input_file id="fl-13b">
         <path>C:\ti\ccsv6\tools\compiler\ti-cgt-arm_5.2.5\lib\</path>
         <kind>archive</kind>
         <file>rtsv7M4_T_le_v4SPD16_eabi.lib</file>
         <name>strlen.obj</name>
      </input_file>
      <input_file id="fl-13c">
         <path>C:\ti\ccsv6\tools\compiler\ti-cgt-arm_5.2.5\lib\</path>
         <kind>archive</kind>
         <file>rtsv7M4_T_le_v4SPD16_eabi.lib</file>
         <name>vsnprintf.obj</name>
      </input_file>
      <input_file id="fl-13d">
         <path>C:\ti\ccsv6\tools\compiler\ti-cgt-arm_5.2.5\lib\</path>
         <kind>archive</kind>
         <file>rtsv7M4_T_le_v4SPD16_eabi.lib</file>
         <name>_lock.obj</name>
      </input_file>
      <input_file id="fl-13e">
         <path>C:\ti\ccsv6\tools\compiler\ti-cgt-arm_5.2.5\lib\</path>
         <kind>archive</kind>
         <file>rtsv7M4_T_le_v4SPD16_eabi.lib</file>
         <name>_printfi.obj</name>
      </input_file>
      <input_file id="fl-13f">
         <path>C:\ti\ccsv6\tools\compiler\ti-cgt-arm_5.2.5\lib\</path>
         <kind>archive</kind>
         <file>rtsv7M4_T_le_v4SPD16_eabi.lib</file>
         <name>args_main.obj</name>
      </input_file>
      <input_file id="fl-140">
         <path>C:\ti\ccsv6\tools\compiler\ti-cgt-arm_5.2.5\lib\</path>
         <kind>archive</kind>
         <file>rtsv7M4_T_le_v4SPD16_eabi.lib</file>
         <name>atoi.obj</name>
      </input_file>
      <input_file id="fl-141">
         <path>C:\ti\ccsv6\tools\compiler\ti-cgt-arm_5.2.5\lib\</path>
         <kind>archive</kind>
         <file>rtsv7M4_T_le_v4SPD16_eabi.lib</file>
         <name>autoinit.obj</name>
      </input_file>
      <input_file id="fl-142">
         <path>C:\ti\ccsv6\tools\compiler\ti-cgt-arm_5.2.5\lib\</path>
         <kind>archive</kind>
         <file>rtsv7M4_T_le_v4SPD16_eabi.lib</file>
         <name>cpy_tbl.obj</name>
      </input_file>
      <input_file id="fl-143">
         <path>C:\ti\ccsv6\tools\compiler\ti-cgt-arm_5.2.5\lib\</path>
         <kind>archive</kind>
         <file>rtsv7M4_T_le_v4SPD16_eabi.lib</file>
         <name>ctype.obj</name>
      </input_file>
      <input_file id="fl-144">
         <path>C:\ti\ccsv6\tools\compiler\ti-cgt-arm_5.2.5\lib\</path>
         <kind>archive</kind>
         <file>rtsv7M4_T_le_v4SPD16_eabi.lib</file>
         <name>fd_add_t2.obj</name>
      </input_file>
      <input_file id="fl-145">
         <path>C:\ti\ccsv6\tools\compiler\ti-cgt-arm_5.2.5\lib\</path>
         <kind>archive</kind>
         <file>rtsv7M4_T_le_v4SPD16_eabi.lib</file>
         <name>fd_cmp_t2.obj</name>
      </input_file>
      <input_file id="fl-146">
         <path>C:\ti\ccsv6\tools\compiler\ti-cgt-arm_5.2.5\lib\</path>
         <kind>archive</kind>
         <file>rtsv7M4_T_le_v4SPD16_eabi.lib</file>
         <name>fd_div_t2.obj</name>
      </input_file>
      <input_file id="fl-147">
         <path>C:\ti\ccsv6\tools\compiler\ti-cgt-arm_5.2.5\lib\</path>
         <kind>archive</kind>
         <file>rtsv7M4_T_le_v4SPD16_eabi.lib</file>
         <name>fd_mul_t2.obj</name>
      </input_file>
      <input_file id="fl-148">
         <path>C:\ti\ccsv6\tools\compiler\ti-cgt-arm_5.2.5\lib\</path>
         <kind>archive</kind>
         <file>rtsv7M4_T_le_v4SPD16_eabi.lib</file>
         <name>fd_toi_t2.obj</name>
      </input_file>
      <input_file id="fl-149">
         <path>C:\ti\ccsv6\tools\compiler\ti-cgt-arm_5.2.5\lib\</path>
         <kind>archive</kind>
         <file>rtsv7M4_T_le_v4SPD16_eabi.lib</file>
         <name>frexp.obj</name>
      </input_file>
      <input_file id="fl-14a">
         <path>C:\ti\ccsv6\tools\compiler\ti-cgt-arm_5.2.5\lib\</path>
         <kind>archive</kind>
         <file>rtsv7M4_T_le_v4SPD16_eabi.lib</file>
         <name>i_tofd_t2.obj</name>
      </input_file>
      <input_file id="fl-14b">
         <path>C:\ti\ccsv6\tools\compiler\ti-cgt-arm_5.2.5\lib\</path>
         <kind>archive</kind>
         <file>rtsv7M4_T_le_v4SPD16_eabi.lib</file>
         <name>ldexp.obj</name>
      </input_file>
      <input_file id="fl-14c">
         <path>C:\ti\ccsv6\tools\compiler\ti-cgt-arm_5.2.5\lib\</path>
         <kind>archive</kind>
         <file>rtsv7M4_T_le_v4SPD16_eabi.lib</file>
         <name>ltoa.obj</name>
      </input_file>
      <input_file id="fl-14d">
         <path>C:\ti\ccsv6\tools\compiler\ti-cgt-arm_5.2.5\lib\</path>
         <kind>archive</kind>
         <file>rtsv7M4_T_le_v4SPD16_eabi.lib</file>
         <name>memccpy.obj</name>
      </input_file>
      <input_file id="fl-14e">
         <path>C:\ti\ccsv6\tools\compiler\ti-cgt-arm_5.2.5\lib\</path>
         <kind>archive</kind>
         <file>rtsv7M4_T_le_v4SPD16_eabi.lib</file>
         <name>strchr.obj</name>
      </input_file>
      <input_file id="fl-14f">
         <path>C:\ti\ccsv6\tools\compiler\ti-cgt-arm_5.2.5\lib\</path>
         <kind>archive</kind>
         <file>rtsv7M4_T_le_v4SPD16_eabi.lib</file>
         <name>ull_div_t2.obj</name>
      </input_file>
      <input_file id="fl-150">
         <path>C:\ti\ccsv6\tools\compiler\ti-cgt-arm_5.2.5\lib\</path>
         <kind>archive</kind>
         <file>rtsv7M4_T_le_v4SPD16_eabi.lib</file>
         <name>xdclass.obj</name>
      </input_file>
      <input_file id="fl-151">
         <path>C:\ti\ccsv6\tools\compiler\ti-cgt-arm_5.2.5\lib\</path>
         <kind>archive</kind>
         <file>rtsv7M4_T_le_v4SPD16_eabi.lib</file>
         <name>xdscale.obj</name>
      </input_file>
      <input_file id="fl-152">
         <path>C:\ti\ccsv6\tools\compiler\ti-cgt-arm_5.2.5\lib\</path>
         <kind>archive</kind>
         <file>rtsv7M4_T_le_v4SPD16_eabi.lib</file>
         <name>xdunscal.obj</name>
      </input_file>
      <input_file id="fl-153">
         <path>C:\ti\ccsv6\tools\compiler\ti-cgt-arm_5.2.5\lib\</path>
         <kind>archive</kind>
         <file>rtsv7M4_T_le_v4SPD16_eabi.lib</file>
         <name>xferaise.obj</name>
      </input_file>
      <input_file id="fl-154">
         <path>C:\ti\ccsv6\tools\compiler\ti-cgt-arm_5.2.5\lib\</path>
         <kind>archive</kind>
         <file>rtsv7M4_T_le_v4SPD16_eabi.lib</file>
         <name>xvalues.obj</name>
      </input_file>
      <input_file id="fl-155">
         <path>C:\ti\ccsv6\tools\compiler\ti-cgt-arm_5.2.5\lib\</path>
         <kind>archive</kind>
         <file>rtsv7M4_T_le_v4SPD16_eabi.lib</file>
         <name>errno.obj</name>
      </input_file>
      <input_file id="fl-156">
         <path>C:\ti\ccsv6\tools\compiler\ti-cgt-arm_5.2.5\lib\</path>
         <kind>archive</kind>
         <file>rtsv7M4_T_le_v4SPD16_eabi.lib</file>
         <name>feraiseexcept.obj</name>
      </input_file>
      <input_file id="fl-157">
         <path>C:\ti\ccsv6\tools\compiler\ti-cgt-arm_5.2.5\lib\</path>
         <kind>archive</kind>
         <file>rtsv7M4_T_le_v4SPD16_eabi.lib</file>
         <name>raise.obj</name>
      </input_file>
      <input_file id="fl-158">
         <path>C:\ti\ccsv6\tools\compiler\ti-cgt-arm_5.2.5\lib\</path>
         <kind>archive</kind>
         <file>rtsv7M4_T_le_v4SPD16_eabi.lib</file>
         <name>signal.obj</name>
      </input_file>
      <input_file id="fl-159">
         <path>C:\ti\ccsv6\tools\compiler\ti-cgt-arm_5.2.5\lib\</path>
         <kind>archive</kind>
         <file>rtsv7M4_T_le_v4SPD16_eabi.lib</file>
         <name>xdnorm.obj</name>
      </input_file>
      <input_file id="fl-15a">
         <path>C:\ti\CC3200SDK_1.1.0\cc3200-sdk\example\spi_demo\ccs\..\..\..\driverlib\ccs\Release\</path>
         <kind>archive</kind>
         <file>driverlib.a</file>
         <name>gpio.obj</name>
      </input_file>
      <input_file id="fl-15b">
         <path>C:\ti\CC3200SDK_1.1.0\cc3200-sdk\example\spi_demo\ccs\..\..\..\driverlib\ccs\Release\</path>
         <kind>archive</kind>
         <file>driverlib.a</file>
         <name>interrupt.obj</name>
      </input_file>
      <input_file id="fl-15c">
         <path>C:\ti\CC3200SDK_1.1.0\cc3200-sdk\example\spi_demo\ccs\..\..\..\driverlib\ccs\Release\</path>
         <kind>archive</kind>
         <file>driverlib.a</file>
         <name>pin.obj</name>
      </input_file>
      <input_file id="fl-15d">
         <path>C:\ti\CC3200SDK_1.1.0\cc3200-sdk\example\spi_demo\ccs\..\..\..\driverlib\ccs\Release\</path>
         <kind>archive</kind>
         <file>driverlib.a</file>
         <name>prcm.obj</name>
      </input_file>
      <input_file id="fl-15e">
         <path>C:\ti\CC3200SDK_1.1.0\cc3200-sdk\example\spi_demo\ccs\..\..\..\driverlib\ccs\Release\</path>
         <kind>archive</kind>
         <file>driverlib.a</file>
         <name>spi.obj</name>
      </input_file>
      <input_file id="fl-15f">
         <path>C:\ti\CC3200SDK_1.1.0\cc3200-sdk\example\spi_demo\ccs\..\..\..\driverlib\ccs\Release\</path>
         <kind>archive</kind>
         <file>driverlib.a</file>
         <name>systick.obj</name>
      </input_file>
      <input_file id="fl-160">
         <path>C:\ti\CC3200SDK_1.1.0\cc3200-sdk\example\spi_demo\ccs\..\..\..\driverlib\ccs\Release\</path>
         <kind>archive</kind>
         <file>driverlib.a</file>
         <name>timer.obj</name>
      </input_file>
      <input_file id="fl-161">
         <path>C:\ti\CC3200SDK_1.1.0\cc3200-sdk\example\spi_demo\ccs\..\..\..\driverlib\ccs\Release\</path>
         <kind>archive</kind>
         <file>driverlib.a</file>
         <name>uart.obj</name>
      </input_file>
      <input_file id="fl-162">
         <path>C:\ti\CC3200SDK_1.1.0\cc3200-sdk\example\spi_demo\ccs\..\..\..\driverlib\ccs\Release\</path>
         <kind>archive</kind>
         <file>driverlib.a</file>
         <name>utils.obj</name>
      </input_file>
      <input_file id="fl-163">
         <path>C:\ti\CC3200SDK_1.1.0\cc3200-sdk\example\spi_demo\ccs\..\..\..\driverlib\ccs\Release\</path>
         <kind>archive</kind>
         <file>driverlib.a</file>
         <name>cpu.obj</name>
      </input_file>
      <input_file id="fl-164">
         <path>C:\ti\CC3200SDK_1.1.0\cc3200-sdk\example\spi_demo\ccs\..\..\..\driverlib\ccs\Release\</path>
         <kind>archive</kind>
         <file>driverlib.a</file>
         <name>flash.obj</name>
      </input_file>
      <input_file id="fl-165">
         <path>C:\ti\ccsv6\tools\compiler\ti-cgt-arm_5.2.5\lib\</path>
         <kind>archive</kind>
         <file>rtsv7M4_T_le_v4SPD16_eabi.lib</file>
         <name>ll_lsr_t2.obj</name>
      </input_file>
   </input_file_list>
   <object_component_list>
      <object_component id="oc-f">
         <name>.intvecs</name>
         <load_address>0x20004000</load_address>
         <run_address>0x20004000</run_address>
         <size>0x400</size>
         <input_file_ref idref="fl-6"/>
      </object_component>
      <object_component id="oc-339">
         <name>.text</name>
         <load_address>0x20004400</load_address>
         <run_address>0x20004400</run_address>
         <size>0x10ba</size>
         <input_file_ref idref="fl-13e"/>
      </object_component>
      <object_component id="oc-383">
         <name>.text:IntDefaultHandler</name>
         <load_address>0x200054ba</load_address>
         <run_address>0x200054ba</run_address>
         <size>0x2</size>
         <input_file_ref idref="fl-15b"/>
      </object_component>
      <object_component id="oc-9f">
         <name>.text</name>
         <load_address>0x200054bc</load_address>
         <run_address>0x200054bc</run_address>
         <size>0xd84</size>
         <input_file_ref idref="fl-4"/>
      </object_component>
      <object_component id="oc-147">
         <name>.text</name>
         <load_address>0x20006240</load_address>
         <run_address>0x20006240</run_address>
         <size>0xa80</size>
         <input_file_ref idref="fl-2"/>
      </object_component>
      <object_component id="oc-165">
         <name>.text</name>
         <load_address>0x20006cc0</load_address>
         <run_address>0x20006cc0</run_address>
         <size>0x47a</size>
         <input_file_ref idref="fl-3"/>
      </object_component>
      <object_component id="oc-298">
         <name>.text</name>
         <load_address>0x2000713c</load_address>
         <run_address>0x2000713c</run_address>
         <size>0x3dc</size>
         <input_file_ref idref="fl-137"/>
      </object_component>
      <object_component id="oc-15f">
         <name>.text</name>
         <load_address>0x20007518</load_address>
         <run_address>0x20007518</run_address>
         <size>0x280</size>
         <input_file_ref idref="fl-9"/>
      </object_component>
      <object_component id="oc-38a">
         <name>.text</name>
         <load_address>0x20007798</load_address>
         <run_address>0x20007798</run_address>
         <size>0x1f4</size>
         <input_file_ref idref="fl-14f"/>
      </object_component>
      <object_component id="oc-3b3">
         <name>.text</name>
         <load_address>0x2000798c</load_address>
         <run_address>0x2000798c</run_address>
         <size>0x1b6</size>
         <input_file_ref idref="fl-144"/>
      </object_component>
      <object_component id="oc-132">
         <name>.text</name>
         <load_address>0x20007b44</load_address>
         <run_address>0x20007b44</run_address>
         <size>0x198</size>
         <input_file_ref idref="fl-8"/>
      </object_component>
      <object_component id="oc-399">
         <name>.text</name>
         <load_address>0x20007cdc</load_address>
         <run_address>0x20007cdc</run_address>
         <size>0x136</size>
         <input_file_ref idref="fl-146"/>
      </object_component>
      <object_component id="oc-de">
         <name>.text:PRCMCC3200MCUInit</name>
         <load_address>0x20007e14</load_address>
         <run_address>0x20007e14</run_address>
         <size>0x134</size>
         <input_file_ref idref="fl-15d"/>
      </object_component>
      <object_component id="oc-40c">
         <name>.text</name>
         <load_address>0x20007f48</load_address>
         <run_address>0x20007f48</run_address>
         <size>0x110</size>
         <input_file_ref idref="fl-151"/>
      </object_component>
      <object_component id="oc-394">
         <name>.text</name>
         <load_address>0x20008058</load_address>
         <run_address>0x20008058</run_address>
         <size>0xfc</size>
         <input_file_ref idref="fl-147"/>
      </object_component>
      <object_component id="oc-175">
         <name>.text</name>
         <load_address>0x20008154</load_address>
         <run_address>0x20008154</run_address>
         <size>0xc4</size>
         <input_file_ref idref="fl-5"/>
      </object_component>
      <object_component id="oc-431">
         <name>.text</name>
         <load_address>0x20008218</load_address>
         <run_address>0x20008218</run_address>
         <size>0xbe</size>
         <input_file_ref idref="fl-159"/>
      </object_component>
      <object_component id="oc-12c">
         <name>.text:IntDisable</name>
         <load_address>0x200082d8</load_address>
         <run_address>0x200082d8</run_address>
         <size>0xa8</size>
         <input_file_ref idref="fl-15b"/>
      </object_component>
      <object_component id="oc-d8">
         <name>.text:IntEnable</name>
         <load_address>0x20008380</load_address>
         <run_address>0x20008380</run_address>
         <size>0xa8</size>
         <input_file_ref idref="fl-15b"/>
      </object_component>
      <object_component id="oc-1ab">
         <name>.text:SPIConfigSetExpClk</name>
         <load_address>0x20008428</load_address>
         <run_address>0x20008428</run_address>
         <size>0xa0</size>
         <input_file_ref idref="fl-15e"/>
      </object_component>
      <object_component id="oc-36">
         <name>.text</name>
         <load_address>0x200084c8</load_address>
         <run_address>0x200084c8</run_address>
         <size>0x9c</size>
         <input_file_ref idref="fl-135"/>
      </object_component>
      <object_component id="oc-18d">
         <name>.text:PRCMPeripheralClockGet</name>
         <load_address>0x20008564</load_address>
         <run_address>0x20008564</run_address>
         <size>0x94</size>
         <input_file_ref idref="fl-15d"/>
      </object_component>
      <object_component id="oc-35e">
         <name>.text:PinConfigSet</name>
         <load_address>0x200085f8</load_address>
         <run_address>0x200085f8</run_address>
         <size>0x88</size>
         <input_file_ref idref="fl-15c"/>
      </object_component>
      <object_component id="oc-280">
         <name>.text</name>
         <load_address>0x20008680</load_address>
         <run_address>0x20008680</run_address>
         <size>0x88</size>
         <input_file_ref idref="fl-13c"/>
      </object_component>
      <object_component id="oc-38f">
         <name>.text:__aeabi_cdcmple</name>
         <load_address>0x20008708</load_address>
         <run_address>0x20008708</run_address>
         <size>0x86</size>
         <input_file_ref idref="fl-145"/>
      </object_component>
      <object_component id="oc-39e">
         <name>.text:__aeabi_cdrcmple</name>
         <load_address>0x2000878e</load_address>
         <run_address>0x2000878e</run_address>
         <size>0x86</size>
         <input_file_ref idref="fl-145"/>
      </object_component>
      <object_component id="oc-102">
         <name>.text:GPIOIntTypeSet</name>
         <load_address>0x20008814</load_address>
         <run_address>0x20008814</run_address>
         <size>0x82</size>
         <input_file_ref idref="fl-15a"/>
      </object_component>
      <object_component id="oc-4f">
         <name>.text</name>
         <load_address>0x20008896</load_address>
         <run_address>0x20008896</run_address>
         <size>0x7a</size>
         <input_file_ref idref="fl-138"/>
      </object_component>
      <object_component id="oc-193">
         <name>.text:UARTConfigSetExpClk</name>
         <load_address>0x20008910</load_address>
         <run_address>0x20008910</run_address>
         <size>0x76</size>
         <input_file_ref idref="fl-161"/>
      </object_component>
      <object_component id="oc-233">
         <name>.text:TimerIntRegister</name>
         <load_address>0x20008988</load_address>
         <run_address>0x20008988</run_address>
         <size>0x70</size>
         <input_file_ref idref="fl-160"/>
      </object_component>
      <object_component id="oc-61">
         <name>.text</name>
         <load_address>0x200089f8</load_address>
         <run_address>0x200089f8</run_address>
         <size>0x6c</size>
         <input_file_ref idref="fl-141"/>
      </object_component>
      <object_component id="oc-42">
         <name>.text</name>
         <load_address>0x20008a64</load_address>
         <run_address>0x20008a64</run_address>
         <size>0x6a</size>
         <input_file_ref idref="fl-132"/>
      </object_component>
      <object_component id="oc-263">
         <name>.text:TimerIntUnregister</name>
         <load_address>0x20008ad0</load_address>
         <run_address>0x20008ad0</run_address>
         <size>0x68</size>
         <input_file_ref idref="fl-160"/>
      </object_component>
      <object_component id="oc-404">
         <name>.text</name>
         <load_address>0x20008b38</load_address>
         <run_address>0x20008b38</run_address>
         <size>0x66</size>
         <input_file_ref idref="fl-152"/>
      </object_component>
      <object_component id="oc-120">
         <name>.text:IntPendClear</name>
         <load_address>0x20008ba0</load_address>
         <run_address>0x20008ba0</run_address>
         <size>0x58</size>
         <input_file_ref idref="fl-15b"/>
      </object_component>
      <object_component id="oc-199">
         <name>.text:PRCMPeripheralReset</name>
         <load_address>0x20008bf8</load_address>
         <run_address>0x20008bf8</run_address>
         <size>0x58</size>
         <input_file_ref idref="fl-15d"/>
      </object_component>
      <object_component id="oc-3a8">
         <name>.text</name>
         <load_address>0x20008c50</load_address>
         <run_address>0x20008c50</run_address>
         <size>0x56</size>
         <input_file_ref idref="fl-14c"/>
      </object_component>
      <object_component id="oc-10e">
         <name>.text:IntPrioritySet</name>
         <load_address>0x20008ca8</load_address>
         <run_address>0x20008ca8</run_address>
         <size>0x54</size>
         <input_file_ref idref="fl-15b"/>
      </object_component>
      <object_component id="oc-3be">
         <name>.text</name>
         <load_address>0x20008cfc</load_address>
         <run_address>0x20008cfc</run_address>
         <size>0x52</size>
         <input_file_ref idref="fl-14b"/>
      </object_component>
      <object_component id="oc-24">
         <name>.text</name>
         <load_address>0x20008d50</load_address>
         <run_address>0x20008d50</run_address>
         <size>0x50</size>
         <input_file_ref idref="fl-130"/>
      </object_component>
      <object_component id="oc-3d6">
         <name>.text</name>
         <load_address>0x20008da0</load_address>
         <run_address>0x20008da0</run_address>
         <size>0x4c</size>
         <input_file_ref idref="fl-140"/>
      </object_component>
      <object_component id="oc-97">
         <name>.text</name>
         <load_address>0x20008dec</load_address>
         <run_address>0x20008dec</run_address>
         <size>0x4c</size>
         <input_file_ref idref="fl-142"/>
      </object_component>
      <object_component id="oc-216">
         <name>.text:GPIOGetIntNumber</name>
         <load_address>0x20008e38</load_address>
         <run_address>0x20008e38</run_address>
         <size>0x48</size>
         <input_file_ref idref="fl-15a"/>
      </object_component>
      <object_component id="oc-3a3">
         <name>.text</name>
         <load_address>0x20008e80</load_address>
         <run_address>0x20008e80</run_address>
         <size>0x48</size>
         <input_file_ref idref="fl-148"/>
      </object_component>
      <object_component id="oc-227">
         <name>.text:TimerConfigure</name>
         <load_address>0x20008ec8</load_address>
         <run_address>0x20008ec8</run_address>
         <size>0x44</size>
         <input_file_ref idref="fl-160"/>
      </object_component>
      <object_component id="oc-2ec">
         <name>.text:UARTIntNumberGet</name>
         <load_address>0x20008f0c</load_address>
         <run_address>0x20008f0c</run_address>
         <size>0x44</size>
         <input_file_ref idref="fl-161"/>
      </object_component>
      <object_component id="oc-6d">
         <name>.text</name>
         <load_address>0x20008f50</load_address>
         <run_address>0x20008f50</run_address>
         <size>0x44</size>
         <input_file_ref idref="fl-134"/>
      </object_component>
      <object_component id="oc-364">
         <name>.text:PinModeSet</name>
         <load_address>0x20008f94</load_address>
         <run_address>0x20008f94</run_address>
         <size>0x40</size>
         <input_file_ref idref="fl-15c"/>
      </object_component>
      <object_component id="oc-476">
         <name>.text</name>
         <load_address>0x20008fd4</load_address>
         <run_address>0x20008fd4</run_address>
         <size>0x40</size>
         <input_file_ref idref="fl-158"/>
      </object_component>
      <object_component id="oc-17b">
         <name>.text:PRCMPeripheralClkEnable</name>
         <load_address>0x20009014</load_address>
         <run_address>0x20009014</run_address>
         <size>0x3c</size>
         <input_file_ref idref="fl-15d"/>
      </object_component>
      <object_component id="oc-2d5">
         <name>.text:GPIODirModeSet</name>
         <load_address>0x20009050</load_address>
         <run_address>0x20009050</run_address>
         <size>0x36</size>
         <input_file_ref idref="fl-15a"/>
      </object_component>
      <object_component id="oc-440">
         <name>.text</name>
         <load_address>0x20009088</load_address>
         <run_address>0x20009088</run_address>
         <size>0x34</size>
         <input_file_ref idref="fl-156"/>
      </object_component>
      <object_component id="oc-2cf">
         <name>.text:PinTypeGPIO</name>
         <load_address>0x200090bc</load_address>
         <run_address>0x200090bc</run_address>
         <size>0x30</size>
         <input_file_ref idref="fl-15c"/>
      </object_component>
      <object_component id="oc-2f6">
         <name>.text:UARTDisable</name>
         <load_address>0x200090ec</load_address>
         <run_address>0x200090ec</run_address>
         <size>0x30</size>
         <input_file_ref idref="fl-161"/>
      </object_component>
      <object_component id="oc-3ca">
         <name>.text</name>
         <load_address>0x2000911c</load_address>
         <run_address>0x2000911c</run_address>
         <size>0x30</size>
         <input_file_ref idref="fl-150"/>
      </object_component>
      <object_component id="oc-412">
         <name>.text</name>
         <load_address>0x2000914c</load_address>
         <run_address>0x2000914c</run_address>
         <size>0x30</size>
         <input_file_ref idref="fl-153"/>
      </object_component>
      <object_component id="oc-3ae">
         <name>.text</name>
         <load_address>0x2000917c</load_address>
         <run_address>0x2000917c</run_address>
         <size>0x2e</size>
         <input_file_ref idref="fl-14a"/>
      </object_component>
      <object_component id="oc-466">
         <name>.text</name>
         <load_address>0x200091aa</load_address>
         <run_address>0x200091aa</run_address>
         <size>0x2e</size>
         <input_file_ref idref="fl-157"/>
      </object_component>
      <object_component id="oc-202">
         <name>.text:PRCMSysResetCauseGet</name>
         <load_address>0x200091d8</load_address>
         <run_address>0x200091d8</run_address>
         <size>0x2c</size>
         <input_file_ref idref="fl-15d"/>
      </object_component>
      <object_component id="oc-24b">
         <name>.text:TimerLoadSet</name>
         <load_address>0x20009204</load_address>
         <run_address>0x20009204</run_address>
         <size>0x2a</size>
         <input_file_ref idref="fl-160"/>
      </object_component>
      <object_component id="oc-22d">
         <name>.text:TimerPrescaleSet</name>
         <load_address>0x2000922e</load_address>
         <run_address>0x2000922e</run_address>
         <size>0x2a</size>
         <input_file_ref idref="fl-160"/>
      </object_component>
      <object_component id="oc-3b8">
         <name>.text</name>
         <load_address>0x20009258</load_address>
         <run_address>0x20009258</run_address>
         <size>0x2a</size>
         <input_file_ref idref="fl-149"/>
      </object_component>
      <object_component id="oc-1fc">
         <name>.text:PRCMPeripheralClkDisable</name>
         <load_address>0x20009284</load_address>
         <run_address>0x20009284</run_address>
         <size>0x28</size>
         <input_file_ref idref="fl-15d"/>
      </object_component>
      <object_component id="oc-329">
         <name>.text:IntUnregister</name>
         <load_address>0x200092ac</load_address>
         <run_address>0x200092ac</run_address>
         <size>0x24</size>
         <input_file_ref idref="fl-15b"/>
      </object_component>
      <object_component id="oc-2fc">
         <name>.text:UARTEnable</name>
         <load_address>0x200092d0</load_address>
         <run_address>0x200092d0</run_address>
         <size>0x24</size>
         <input_file_ref idref="fl-161"/>
      </object_component>
      <object_component id="oc-292">
         <name>.text</name>
         <load_address>0x200092f4</load_address>
         <run_address>0x200092f4</run_address>
         <size>0x24</size>
         <input_file_ref idref="fl-136"/>
      </object_component>
      <object_component id="oc-19f">
         <name>.text:SPIReset</name>
         <load_address>0x20009318</load_address>
         <run_address>0x20009318</run_address>
         <size>0x22</size>
         <input_file_ref idref="fl-15e"/>
      </object_component>
      <object_component id="oc-2ac">
         <name>.text:GPIOPinWrite</name>
         <load_address>0x2000933a</load_address>
         <run_address>0x2000933a</run_address>
         <size>0x20</size>
         <input_file_ref idref="fl-15a"/>
      </object_component>
      <object_component id="oc-20a">
         <name>.text:IntRegister</name>
         <load_address>0x2000935c</load_address>
         <run_address>0x2000935c</run_address>
         <size>0x20</size>
         <input_file_ref idref="fl-15b"/>
      </object_component>
      <object_component id="oc-2be">
         <name>.text:SPIDataGet</name>
         <load_address>0x2000937c</load_address>
         <run_address>0x2000937c</run_address>
         <size>0x20</size>
         <input_file_ref idref="fl-15e"/>
      </object_component>
      <object_component id="oc-108">
         <name>.text:GPIOIntRegister</name>
         <load_address>0x2000939c</load_address>
         <run_address>0x2000939c</run_address>
         <size>0x1e</size>
         <input_file_ref idref="fl-15a"/>
      </object_component>
      <object_component id="oc-2b8">
         <name>.text:SPIDataPut</name>
         <load_address>0x200093ba</load_address>
         <run_address>0x200093ba</run_address>
         <size>0x1e</size>
         <input_file_ref idref="fl-15e"/>
      </object_component>
      <object_component id="oc-257">
         <name>.text:TimerDisable</name>
         <load_address>0x200093d8</load_address>
         <run_address>0x200093d8</run_address>
         <size>0x1e</size>
         <input_file_ref idref="fl-160"/>
      </object_component>
      <object_component id="oc-251">
         <name>.text:TimerEnable</name>
         <load_address>0x200093f6</load_address>
         <run_address>0x200093f6</run_address>
         <size>0x1e</size>
         <input_file_ref idref="fl-160"/>
      </object_component>
      <object_component id="oc-23f">
         <name>.text:TimerIntStatus</name>
         <load_address>0x20009414</load_address>
         <run_address>0x20009414</run_address>
         <size>0x1e</size>
         <input_file_ref idref="fl-160"/>
      </object_component>
      <object_component id="oc-16e">
         <name>.text:UARTCharPut</name>
         <load_address>0x20009432</load_address>
         <run_address>0x20009432</run_address>
         <size>0x1e</size>
         <input_file_ref idref="fl-161"/>
      </object_component>
      <object_component id="oc-181">
         <name>.text:UARTIntRegister</name>
         <load_address>0x20009450</load_address>
         <run_address>0x20009450</run_address>
         <size>0x1e</size>
         <input_file_ref idref="fl-161"/>
      </object_component>
      <object_component id="oc-ea">
         <name>.text:SysTickIntRegister</name>
         <load_address>0x20009470</load_address>
         <run_address>0x20009470</run_address>
         <size>0x1c</size>
         <input_file_ref idref="fl-15f"/>
      </object_component>
      <object_component id="oc-269">
         <name>.text:TimerValueGet</name>
         <load_address>0x2000948c</load_address>
         <run_address>0x2000948c</run_address>
         <size>0x1c</size>
         <input_file_ref idref="fl-160"/>
      </object_component>
      <object_component id="oc-286">
         <name>.text:UARTCharGetNonBlocking</name>
         <load_address>0x200094a8</load_address>
         <run_address>0x200094a8</run_address>
         <size>0x1c</size>
         <input_file_ref idref="fl-161"/>
      </object_component>
      <object_component id="oc-3d0">
         <name>.text</name>
         <load_address>0x200094c4</load_address>
         <run_address>0x200094c4</run_address>
         <size>0x1c</size>
         <input_file_ref idref="fl-14d"/>
      </object_component>
      <object_component id="oc-126">
         <name>.text:GPIOIntDisable</name>
         <load_address>0x200094e0</load_address>
         <run_address>0x200094e0</run_address>
         <size>0x1a</size>
         <input_file_ref idref="fl-15a"/>
      </object_component>
      <object_component id="oc-11a">
         <name>.text:GPIOIntEnable</name>
         <load_address>0x200094fa</load_address>
         <run_address>0x200094fa</run_address>
         <size>0x1a</size>
         <input_file_ref idref="fl-15a"/>
      </object_component>
      <object_component id="oc-2db">
         <name>.text:PinTypeSPI</name>
         <load_address>0x20009514</load_address>
         <run_address>0x20009514</run_address>
         <size>0x1a</size>
         <input_file_ref idref="fl-15c"/>
      </object_component>
      <object_component id="oc-2e1">
         <name>.text:PinTypeUART</name>
         <load_address>0x2000952e</load_address>
         <run_address>0x2000952e</run_address>
         <size>0x1a</size>
         <input_file_ref idref="fl-15c"/>
      </object_component>
      <object_component id="oc-1a5">
         <name>.text:SPIFIFOEnable</name>
         <load_address>0x20009548</load_address>
         <run_address>0x20009548</run_address>
         <size>0x1a</size>
         <input_file_ref idref="fl-15e"/>
      </object_component>
      <object_component id="oc-fc">
         <name>.text:GPIOPinRead</name>
         <load_address>0x20009562</load_address>
         <run_address>0x20009562</run_address>
         <size>0x18</size>
         <input_file_ref idref="fl-15a"/>
      </object_component>
      <object_component id="oc-2c4">
         <name>.text:SPICSDisable</name>
         <load_address>0x2000957a</load_address>
         <run_address>0x2000957a</run_address>
         <size>0x18</size>
         <input_file_ref idref="fl-15e"/>
      </object_component>
      <object_component id="oc-2b2">
         <name>.text:SPICSEnable</name>
         <load_address>0x20009592</load_address>
         <run_address>0x20009592</run_address>
         <size>0x18</size>
         <input_file_ref idref="fl-15e"/>
      </object_component>
      <object_component id="oc-1b1">
         <name>.text:SPIEnable</name>
         <load_address>0x200095aa</load_address>
         <run_address>0x200095aa</run_address>
         <size>0x18</size>
         <input_file_ref idref="fl-15e"/>
      </object_component>
      <object_component id="oc-e4">
         <name>.text:SysTickPeriodSet</name>
         <load_address>0x200095c4</load_address>
         <run_address>0x200095c4</run_address>
         <size>0x18</size>
         <input_file_ref idref="fl-15f"/>
      </object_component>
      <object_component id="oc-25d">
         <name>.text:TimerIntDisable</name>
         <load_address>0x200095dc</load_address>
         <run_address>0x200095dc</run_address>
         <size>0x18</size>
         <input_file_ref idref="fl-160"/>
      </object_component>
      <object_component id="oc-239">
         <name>.text:TimerIntEnable</name>
         <load_address>0x200095f4</load_address>
         <run_address>0x200095f4</run_address>
         <size>0x18</size>
         <input_file_ref idref="fl-160"/>
      </object_component>
      <object_component id="oc-14d">
         <name>.text:UARTCharsAvail</name>
         <load_address>0x2000960c</load_address>
         <run_address>0x2000960c</run_address>
         <size>0x18</size>
         <input_file_ref idref="fl-161"/>
      </object_component>
      <object_component id="oc-187">
         <name>.text:UARTFIFOLevelSet</name>
         <load_address>0x20009624</load_address>
         <run_address>0x20009624</run_address>
         <size>0x18</size>
         <input_file_ref idref="fl-161"/>
      </object_component>
      <object_component id="oc-13b">
         <name>.text:UARTIntDisable</name>
         <load_address>0x2000963c</load_address>
         <run_address>0x2000963c</run_address>
         <size>0x18</size>
         <input_file_ref idref="fl-161"/>
      </object_component>
      <object_component id="oc-159">
         <name>.text:UARTIntEnable</name>
         <load_address>0x20009654</load_address>
         <run_address>0x20009654</run_address>
         <size>0x18</size>
         <input_file_ref idref="fl-161"/>
      </object_component>
      <object_component id="oc-67">
         <name>.text</name>
         <load_address>0x2000966c</load_address>
         <run_address>0x2000966c</run_address>
         <size>0x18</size>
         <input_file_ref idref="fl-13f"/>
      </object_component>
      <object_component id="oc-1f0">
         <name>.text:PRCMHIBRegRead</name>
         <load_address>0x20009684</load_address>
         <run_address>0x20009684</run_address>
         <size>0x16</size>
         <input_file_ref idref="fl-15d"/>
      </object_component>
      <object_component id="oc-1f6">
         <name>.text:PRCMHIBRegWrite</name>
         <load_address>0x2000969a</load_address>
         <run_address>0x2000969a</run_address>
         <size>0x16</size>
         <input_file_ref idref="fl-15d"/>
      </object_component>
      <object_component id="oc-141">
         <name>.text:UARTCharGet</name>
         <load_address>0x200096b0</load_address>
         <run_address>0x200096b0</run_address>
         <size>0x16</size>
         <input_file_ref idref="fl-161"/>
      </object_component>
      <object_component id="oc-3c4">
         <name>.text</name>
         <load_address>0x200096c6</load_address>
         <run_address>0x200096c6</run_address>
         <size>0x16</size>
         <input_file_ref idref="fl-14e"/>
      </object_component>
      <object_component id="oc-1e0">
         <name>.text:CPUcpsie</name>
         <load_address>0x200096dc</load_address>
         <run_address>0x200096dc</run_address>
         <size>0x14</size>
         <input_file_ref idref="fl-163"/>
      </object_component>
      <object_component id="oc-114">
         <name>.text:GPIOIntClear</name>
         <load_address>0x200096f0</load_address>
         <run_address>0x200096f0</run_address>
         <size>0x14</size>
         <input_file_ref idref="fl-15a"/>
      </object_component>
      <object_component id="oc-cc">
         <name>.text:IntVTableBaseSet</name>
         <load_address>0x20009704</load_address>
         <run_address>0x20009704</run_address>
         <size>0x14</size>
         <input_file_ref idref="fl-15b"/>
      </object_component>
      <object_component id="oc-1ca">
         <name>.text</name>
         <load_address>0x20009718</load_address>
         <run_address>0x20009718</run_address>
         <size>0x14</size>
         <input_file_ref idref="fl-13d"/>
      </object_component>
      <object_component id="oc-28c">
         <name>.text</name>
         <load_address>0x2000972c</load_address>
         <run_address>0x2000972c</run_address>
         <size>0x14</size>
         <input_file_ref idref="fl-13b"/>
      </object_component>
      <object_component id="oc-245">
         <name>.text:TimerIntClear</name>
         <load_address>0x20009740</load_address>
         <run_address>0x20009740</run_address>
         <size>0x12</size>
         <input_file_ref idref="fl-160"/>
      </object_component>
      <object_component id="oc-153">
         <name>.text:UARTIntClear</name>
         <load_address>0x20009752</load_address>
         <run_address>0x20009752</run_address>
         <size>0x12</size>
         <input_file_ref idref="fl-161"/>
      </object_component>
      <object_component id="oc-f0">
         <name>.text:SysTickEnable</name>
         <load_address>0x20009764</load_address>
         <run_address>0x20009764</run_address>
         <size>0x10</size>
         <input_file_ref idref="fl-15f"/>
      </object_component>
      <object_component id="oc-12">
         <name>.text:decompress:none</name>
         <load_address>0x20009774</load_address>
         <run_address>0x20009774</run_address>
         <size>0xe</size>
         <input_file_ref idref="fl-131"/>
      </object_component>
      <object_component id="oc-2d">
         <name>.text</name>
         <load_address>0x20009782</load_address>
         <run_address>0x20009782</run_address>
         <size>0xe</size>
         <input_file_ref idref="fl-6"/>
      </object_component>
      <object_component id="oc-f6">
         <name>.text:SysTickValueGet</name>
         <load_address>0x20009790</load_address>
         <run_address>0x20009790</run_address>
         <size>0xc</size>
         <input_file_ref idref="fl-15f"/>
      </object_component>
      <object_component id="oc-1e">
         <name>.text:decompress:ZI</name>
         <load_address>0x2000979c</load_address>
         <run_address>0x2000979c</run_address>
         <size>0xc</size>
         <input_file_ref idref="fl-133"/>
      </object_component>
      <object_component id="oc-d2">
         <name>.text:IntMasterEnable</name>
         <load_address>0x200097a8</load_address>
         <run_address>0x200097a8</run_address>
         <size>0xa</size>
         <input_file_ref idref="fl-15b"/>
      </object_component>
      <object_component id="oc-174">
         <name>.text:UtilsDelay</name>
         <load_address>0x200097b2</load_address>
         <run_address>0x200097b2</run_address>
         <size>0x6</size>
         <input_file_ref idref="fl-162"/>
      </object_component>
      <object_component id="oc-18">
         <name>.text:decompress:rle24</name>
         <load_address>0x200097b8</load_address>
         <run_address>0x200097b8</run_address>
         <size>0x6</size>
         <input_file_ref idref="fl-132"/>
      </object_component>
      <object_component id="oc-5b">
         <name>.text</name>
         <load_address>0x200097be</load_address>
         <run_address>0x200097be</run_address>
         <size>0x4</size>
         <input_file_ref idref="fl-139"/>
      </object_component>
      <object_component id="oc-275">
         <name>.const:.string:font</name>
         <load_address>0x200097c4</load_address>
         <run_address>0x200097c4</run_address>
         <size>0x4fb</size>
         <input_file_ref idref="fl-2"/>
      </object_component>
      <object_component id="oc-420">
         <name>.const:.string:_ctypes_</name>
         <load_address>0x20009cbf</load_address>
         <run_address>0x20009cbf</run_address>
         <size>0x101</size>
         <input_file_ref idref="fl-143"/>
      </object_component>
      <object_component id="oc-3f2">
         <name>.const:g_ulPinToPadMap</name>
         <load_address>0x20009dc0</load_address>
         <run_address>0x20009dc0</run_address>
         <size>0x100</size>
         <input_file_ref idref="fl-15c"/>
      </object_component>
      <object_component id="oc-21e">
         <name>.const:g_pulRegs</name>
         <load_address>0x20009ec0</load_address>
         <run_address>0x20009ec0</run_address>
         <size>0xd4</size>
         <input_file_ref idref="fl-15b"/>
      </object_component>
      <object_component id="oc-2e8">
         <name>.const:PRCM_PeriphRegsList</name>
         <load_address>0x20009f94</load_address>
         <run_address>0x20009f94</run_address>
         <size>0xa8</size>
         <input_file_ref idref="fl-15d"/>
      </object_component>
      <object_component id="oc-1ec">
         <name>.const</name>
         <load_address>0x2000a03c</load_address>
         <run_address>0x2000a03c</run_address>
         <size>0x80</size>
         <input_file_ref idref="fl-15b"/>
      </object_component>
      <object_component id="oc-16b">
         <name>.const:.string</name>
         <load_address>0x2000a0bc</load_address>
         <run_address>0x2000a0bc</run_address>
         <size>0x47</size>
         <input_file_ref idref="fl-4"/>
      </object_component>
      <object_component id="oc-370">
         <name>.const</name>
         <load_address>0x2000a104</load_address>
         <run_address>0x2000a104</run_address>
         <size>0x10</size>
         <input_file_ref idref="fl-161"/>
      </object_component>
      <object_component id="oc-4bc">
         <name>.cinit..data.load</name>
         <load_address>0x2000a118</load_address>
         <run_address>0x2000a118</run_address>
         <size>0x7a</size>
      </object_component>
      <object_component id="oc-4ba">
         <name>__TI_handler_table</name>
         <load_address>0x2000a194</load_address>
         <run_address>0x2000a194</run_address>
         <size>0xc</size>
      </object_component>
      <object_component id="oc-4bd">
         <name>.cinit..bss.load</name>
         <load_address>0x2000a1a0</load_address>
         <run_address>0x2000a1a0</run_address>
         <size>0x8</size>
      </object_component>
      <object_component id="oc-4bb">
         <name>__TI_cinit_table</name>
         <load_address>0x2000a1a8</load_address>
         <run_address>0x2000a1a8</run_address>
         <size>0x10</size>
      </object_component>
      <object_component id="oc-2a">
         <name>.sysmem</name>
         <uninitialized>true</uninitialized>
         <run_address>0x20017000</run_address>
         <size>0x8</size>
         <input_file_ref idref="fl-137"/>
      </object_component>
      <object_component id="oc-4bf">
         <name>.sysmem</name>
         <uninitialized>true</uninitialized>
         <run_address>0x20017000</run_address>
         <size>0x0</size>
      </object_component>
      <object_component id="oc-29">
         <name>.stack</name>
         <uninitialized>true</uninitialized>
         <run_address>0x2002f800</run_address>
         <size>0x0</size>
         <input_file_ref idref="fl-130"/>
      </object_component>
      <object_component id="oc-4be">
         <name>.stack</name>
         <uninitialized>true</uninitialized>
         <run_address>0x2002f800</run_address>
         <size>0x0</size>
      </object_component>
      <object_component id="oc-29e">
         <name>.common:__Errorlog</name>
         <uninitialized>true</uninitialized>
         <run_address>0x200179b4</run_address>
         <size>0x4</size>
      </object_component>
      <object_component id="oc-278">
         <name>.data</name>
         <load_address>0x20017970</load_address>
         <run_address>0x20017970</run_address>
         <size>0x15</size>
         <input_file_ref idref="fl-2"/>
      </object_component>
      <object_component id="oc-138">
         <name>.data</name>
         <load_address>0x20017930</load_address>
         <run_address>0x20017930</run_address>
         <size>0x3e</size>
         <input_file_ref idref="fl-4"/>
      </object_component>
      <object_component id="oc-aa">
         <name>.data</name>
         <load_address>0x2001799c</load_address>
         <run_address>0x2001799c</run_address>
         <size>0x8</size>
         <input_file_ref idref="fl-134"/>
      </object_component>
      <object_component id="oc-350">
         <name>.data</name>
         <load_address>0x20017988</load_address>
         <run_address>0x20017988</run_address>
         <size>0xc</size>
         <input_file_ref idref="fl-137"/>
      </object_component>
      <object_component id="oc-73">
         <name>.data</name>
         <load_address>0x200179b0</load_address>
         <run_address>0x200179b0</run_address>
         <size>0x4</size>
         <input_file_ref idref="fl-13a"/>
      </object_component>
      <object_component id="oc-a7">
         <name>.data</name>
         <load_address>0x20017994</load_address>
         <run_address>0x20017994</run_address>
         <size>0x8</size>
         <input_file_ref idref="fl-13d"/>
      </object_component>
      <object_component id="oc-43b">
         <name>.data</name>
         <load_address>0x200178b0</load_address>
         <run_address>0x200178b0</run_address>
         <size>0x80</size>
         <input_file_ref idref="fl-154"/>
      </object_component>
      <object_component id="oc-446">
         <name>.data</name>
         <load_address>0x200179ac</load_address>
         <run_address>0x200179ac</run_address>
         <size>0x4</size>
         <input_file_ref idref="fl-155"/>
      </object_component>
      <object_component id="oc-46c">
         <name>.data</name>
         <load_address>0x200179a4</load_address>
         <run_address>0x200179a4</run_address>
         <size>0x8</size>
         <input_file_ref idref="fl-156"/>
      </object_component>
      <object_component id="oc-487">
         <name>.data:sigtable</name>
         <load_address>0x20017800</load_address>
         <run_address>0x20017800</run_address>
         <size>0xb0</size>
         <input_file_ref idref="fl-158"/>
      </object_component>
      <object_component id="oc-27c">
         <name>.debug_info</name>
         <load_address>0x0</load_address>
         <run_address>0x0</run_address>
         <size>0x1c9</size>
         <input_file_ref idref="fl-2"/>
      </object_component>
      <object_component id="oc-276">
         <name>.debug_info</name>
         <load_address>0x1c9</load_address>
         <run_address>0x1c9</run_address>
         <size>0xce</size>
         <input_file_ref idref="fl-2"/>
      </object_component>
      <object_component id="oc-279">
         <name>.debug_info</name>
         <load_address>0x297</load_address>
         <run_address>0x297</run_address>
         <size>0x17c</size>
         <input_file_ref idref="fl-2"/>
      </object_component>
      <object_component id="oc-148">
         <name>.debug_info</name>
         <load_address>0x413</load_address>
         <run_address>0x413</run_address>
         <size>0x14d8</size>
         <input_file_ref idref="fl-2"/>
      </object_component>
      <object_component id="oc-7e">
         <name>.debug_info</name>
         <load_address>0x18eb</load_address>
         <run_address>0x18eb</run_address>
         <size>0x84</size>
         <input_file_ref idref="fl-2"/>
      </object_component>
      <object_component id="oc-2cb">
         <name>.debug_info</name>
         <load_address>0x196f</load_address>
         <run_address>0x196f</run_address>
         <size>0x1b1</size>
         <input_file_ref idref="fl-3"/>
      </object_component>
      <object_component id="oc-166">
         <name>.debug_info</name>
         <load_address>0x1b20</load_address>
         <run_address>0x1b20</run_address>
         <size>0xe11</size>
         <input_file_ref idref="fl-3"/>
      </object_component>
      <object_component id="oc-37a">
         <name>.debug_info</name>
         <load_address>0x2931</load_address>
         <run_address>0x2931</run_address>
         <size>0x62</size>
         <input_file_ref idref="fl-3"/>
      </object_component>
      <object_component id="oc-1e7">
         <name>.debug_info</name>
         <load_address>0x2993</load_address>
         <run_address>0x2993</run_address>
         <size>0x2c</size>
         <input_file_ref idref="fl-3"/>
      </object_component>
      <object_component id="oc-8e">
         <name>.debug_info</name>
         <load_address>0x29bf</load_address>
         <run_address>0x29bf</run_address>
         <size>0x2c</size>
         <input_file_ref idref="fl-3"/>
      </object_component>
      <object_component id="oc-1bd">
         <name>.debug_info</name>
         <load_address>0x29eb</load_address>
         <run_address>0x29eb</run_address>
         <size>0xb72</size>
         <input_file_ref idref="fl-4"/>
      </object_component>
      <object_component id="oc-139">
         <name>.debug_info</name>
         <load_address>0x355d</load_address>
         <run_address>0x355d</run_address>
         <size>0x314</size>
         <input_file_ref idref="fl-4"/>
      </object_component>
      <object_component id="oc-16c">
         <name>.debug_info</name>
         <load_address>0x3871</load_address>
         <run_address>0x3871</run_address>
         <size>0x1fa</size>
         <input_file_ref idref="fl-4"/>
      </object_component>
      <object_component id="oc-a0">
         <name>.debug_info</name>
         <load_address>0x3a6b</load_address>
         <run_address>0x3a6b</run_address>
         <size>0x161c</size>
         <input_file_ref idref="fl-4"/>
      </object_component>
      <object_component id="oc-1be">
         <name>.debug_info</name>
         <load_address>0x5087</load_address>
         <run_address>0x5087</run_address>
         <size>0x178</size>
         <input_file_ref idref="fl-4"/>
      </object_component>
      <object_component id="oc-1b8">
         <name>.debug_info</name>
         <load_address>0x51ff</load_address>
         <run_address>0x51ff</run_address>
         <size>0x8b</size>
         <input_file_ref idref="fl-4"/>
      </object_component>
      <object_component id="oc-2a2">
         <name>.debug_info</name>
         <load_address>0x528a</load_address>
         <run_address>0x528a</run_address>
         <size>0x4e</size>
         <input_file_ref idref="fl-4"/>
      </object_component>
      <object_component id="oc-176">
         <name>.debug_info</name>
         <load_address>0x52d8</load_address>
         <run_address>0x52d8</run_address>
         <size>0x2dd</size>
         <input_file_ref idref="fl-5"/>
      </object_component>
      <object_component id="oc-35">
         <name>.debug_info</name>
         <load_address>0x55b5</load_address>
         <run_address>0x55b5</run_address>
         <size>0x126</size>
         <input_file_ref idref="fl-6"/>
      </object_component>
      <object_component id="oc-10">
         <name>.debug_info</name>
         <load_address>0x56db</load_address>
         <run_address>0x56db</run_address>
         <size>0x10b</size>
         <input_file_ref idref="fl-6"/>
      </object_component>
      <object_component id="oc-2e">
         <name>.debug_info</name>
         <load_address>0x57e6</load_address>
         <run_address>0x57e6</run_address>
         <size>0x42c</size>
         <input_file_ref idref="fl-6"/>
      </object_component>
      <object_component id="oc-270">
         <name>.debug_info</name>
         <load_address>0x5c12</load_address>
         <run_address>0x5c12</run_address>
         <size>0x418</size>
         <input_file_ref idref="fl-8"/>
      </object_component>
      <object_component id="oc-135">
         <name>.debug_info</name>
         <load_address>0x602a</load_address>
         <run_address>0x602a</run_address>
         <size>0xd58</size>
         <input_file_ref idref="fl-8"/>
      </object_component>
      <object_component id="oc-29f">
         <name>.debug_info</name>
         <load_address>0x6d82</load_address>
         <run_address>0x6d82</run_address>
         <size>0x3a6</size>
         <input_file_ref idref="fl-9"/>
      </object_component>
      <object_component id="oc-160">
         <name>.debug_info</name>
         <load_address>0x7128</load_address>
         <run_address>0x7128</run_address>
         <size>0x8df</size>
         <input_file_ref idref="fl-9"/>
      </object_component>
      <object_component id="oc-2a7">
         <name>.debug_info</name>
         <load_address>0x7a07</load_address>
         <run_address>0x7a07</run_address>
         <size>0x110</size>
         <input_file_ref idref="fl-9"/>
      </object_component>
      <object_component id="oc-27">
         <name>.debug_info</name>
         <load_address>0x7b17</load_address>
         <run_address>0x7b17</run_address>
         <size>0x134</size>
         <input_file_ref idref="fl-130"/>
      </object_component>
      <object_component id="oc-41">
         <name>.debug_info</name>
         <load_address>0x7c4b</load_address>
         <run_address>0x7c4b</run_address>
         <size>0x121</size>
         <input_file_ref idref="fl-131"/>
      </object_component>
      <object_component id="oc-13">
         <name>.debug_info</name>
         <load_address>0x7d6c</load_address>
         <run_address>0x7d6c</run_address>
         <size>0x1c0</size>
         <input_file_ref idref="fl-131"/>
      </object_component>
      <object_component id="oc-3c">
         <name>.debug_info</name>
         <load_address>0x7f2c</load_address>
         <run_address>0x7f2c</run_address>
         <size>0x46</size>
         <input_file_ref idref="fl-131"/>
      </object_component>
      <object_component id="oc-84">
         <name>.debug_info</name>
         <load_address>0x7f72</load_address>
         <run_address>0x7f72</run_address>
         <size>0x2c</size>
         <input_file_ref idref="fl-131"/>
      </object_component>
      <object_component id="oc-49">
         <name>.debug_info</name>
         <load_address>0x7f9e</load_address>
         <run_address>0x7f9e</run_address>
         <size>0x115</size>
         <input_file_ref idref="fl-132"/>
      </object_component>
      <object_component id="oc-45">
         <name>.debug_info</name>
         <load_address>0x80b3</load_address>
         <run_address>0x80b3</run_address>
         <size>0x228</size>
         <input_file_ref idref="fl-132"/>
      </object_component>
      <object_component id="oc-1b">
         <name>.debug_info</name>
         <load_address>0x82db</load_address>
         <run_address>0x82db</run_address>
         <size>0x192</size>
         <input_file_ref idref="fl-132"/>
      </object_component>
      <object_component id="oc-4a">
         <name>.debug_info</name>
         <load_address>0x846d</load_address>
         <run_address>0x846d</run_address>
         <size>0x39</size>
         <input_file_ref idref="fl-132"/>
      </object_component>
      <object_component id="oc-5a">
         <name>.debug_info</name>
         <load_address>0x84a6</load_address>
         <run_address>0x84a6</run_address>
         <size>0x110</size>
         <input_file_ref idref="fl-133"/>
      </object_component>
      <object_component id="oc-20">
         <name>.debug_info</name>
         <load_address>0x85b6</load_address>
         <run_address>0x85b6</run_address>
         <size>0x18b</size>
         <input_file_ref idref="fl-133"/>
      </object_component>
      <object_component id="oc-55">
         <name>.debug_info</name>
         <load_address>0x8741</load_address>
         <run_address>0x8741</run_address>
         <size>0x46</size>
         <input_file_ref idref="fl-133"/>
      </object_component>
      <object_component id="oc-ae">
         <name>.debug_info</name>
         <load_address>0x8787</load_address>
         <run_address>0x8787</run_address>
         <size>0x172</size>
         <input_file_ref idref="fl-134"/>
      </object_component>
      <object_component id="oc-ab">
         <name>.debug_info</name>
         <load_address>0x88f9</load_address>
         <run_address>0x88f9</run_address>
         <size>0x117</size>
         <input_file_ref idref="fl-134"/>
      </object_component>
      <object_component id="oc-6f">
         <name>.debug_info</name>
         <load_address>0x8a10</load_address>
         <run_address>0x8a10</run_address>
         <size>0x1ee</size>
         <input_file_ref idref="fl-134"/>
      </object_component>
      <object_component id="oc-37">
         <name>.debug_info</name>
         <load_address>0x8bfe</load_address>
         <run_address>0x8bfe</run_address>
         <size>0xf6</size>
         <input_file_ref idref="fl-135"/>
      </object_component>
      <object_component id="oc-34f">
         <name>.debug_info</name>
         <load_address>0x8cf4</load_address>
         <run_address>0x8cf4</run_address>
         <size>0x10d</size>
         <input_file_ref idref="fl-136"/>
      </object_component>
      <object_component id="oc-294">
         <name>.debug_info</name>
         <load_address>0x8e01</load_address>
         <run_address>0x8e01</run_address>
         <size>0x18c</size>
         <input_file_ref idref="fl-136"/>
      </object_component>
      <object_component id="oc-79">
         <name>.debug_info</name>
         <load_address>0x8f8d</load_address>
         <run_address>0x8f8d</run_address>
         <size>0x203</size>
         <input_file_ref idref="fl-137"/>
      </object_component>
      <object_component id="oc-2b">
         <name>.debug_info</name>
         <load_address>0x9190</load_address>
         <run_address>0x9190</run_address>
         <size>0xe2</size>
         <input_file_ref idref="fl-137"/>
      </object_component>
      <object_component id="oc-351">
         <name>.debug_info</name>
         <load_address>0x9272</load_address>
         <run_address>0x9272</run_address>
         <size>0x12d</size>
         <input_file_ref idref="fl-137"/>
      </object_component>
      <object_component id="oc-299">
         <name>.debug_info</name>
         <load_address>0x939f</load_address>
         <run_address>0x939f</run_address>
         <size>0x86c</size>
         <input_file_ref idref="fl-137"/>
      </object_component>
      <object_component id="oc-b4">
         <name>.debug_info</name>
         <load_address>0x9c0b</load_address>
         <run_address>0x9c0b</run_address>
         <size>0x2c</size>
         <input_file_ref idref="fl-137"/>
      </object_component>
      <object_component id="oc-b9">
         <name>.debug_info</name>
         <load_address>0x9c37</load_address>
         <run_address>0x9c37</run_address>
         <size>0x62</size>
         <input_file_ref idref="fl-137"/>
      </object_component>
      <object_component id="oc-50">
         <name>.debug_info</name>
         <load_address>0x9c99</load_address>
         <run_address>0x9c99</run_address>
         <size>0x124</size>
         <input_file_ref idref="fl-138"/>
      </object_component>
      <object_component id="oc-5c">
         <name>.debug_info</name>
         <load_address>0x9dbd</load_address>
         <run_address>0x9dbd</run_address>
         <size>0x129</size>
         <input_file_ref idref="fl-139"/>
      </object_component>
      <object_component id="oc-74">
         <name>.debug_info</name>
         <load_address>0x9ee6</load_address>
         <run_address>0x9ee6</run_address>
         <size>0xea</size>
         <input_file_ref idref="fl-13a"/>
      </object_component>
      <object_component id="oc-34d">
         <name>.debug_info</name>
         <load_address>0x9fd0</load_address>
         <run_address>0x9fd0</run_address>
         <size>0xcb</size>
         <input_file_ref idref="fl-13b"/>
      </object_component>
      <object_component id="oc-28d">
         <name>.debug_info</name>
         <load_address>0xa09b</load_address>
         <run_address>0xa09b</run_address>
         <size>0x1f7</size>
         <input_file_ref idref="fl-13b"/>
      </object_component>
      <object_component id="oc-340">
         <name>.debug_info</name>
         <load_address>0xa292</load_address>
         <run_address>0xa292</run_address>
         <size>0x1a9</size>
         <input_file_ref idref="fl-13c"/>
      </object_component>
      <object_component id="oc-284">
         <name>.debug_info</name>
         <load_address>0xa43b</load_address>
         <run_address>0xa43b</run_address>
         <size>0x33d</size>
         <input_file_ref idref="fl-13c"/>
      </object_component>
      <object_component id="oc-341">
         <name>.debug_info</name>
         <load_address>0xa778</load_address>
         <run_address>0xa778</run_address>
         <size>0x2c</size>
         <input_file_ref idref="fl-13c"/>
      </object_component>
      <object_component id="oc-346">
         <name>.debug_info</name>
         <load_address>0xa7a4</load_address>
         <run_address>0xa7a4</run_address>
         <size>0x69</size>
         <input_file_ref idref="fl-13c"/>
      </object_component>
      <object_component id="oc-1d2">
         <name>.debug_info</name>
         <load_address>0xa80d</load_address>
         <run_address>0xa80d</run_address>
         <size>0x105</size>
         <input_file_ref idref="fl-13d"/>
      </object_component>
      <object_component id="oc-a8">
         <name>.debug_info</name>
         <load_address>0xa912</load_address>
         <run_address>0xa912</run_address>
         <size>0xf4</size>
         <input_file_ref idref="fl-13d"/>
      </object_component>
      <object_component id="oc-1cb">
         <name>.debug_info</name>
         <load_address>0xaa06</load_address>
         <run_address>0xaa06</run_address>
         <size>0x200</size>
         <input_file_ref idref="fl-13d"/>
      </object_component>
      <object_component id="oc-3dd">
         <name>.debug_info</name>
         <load_address>0xac06</load_address>
         <run_address>0xac06</run_address>
         <size>0x338</size>
         <input_file_ref idref="fl-13e"/>
      </object_component>
      <object_component id="oc-33d">
         <name>.debug_info</name>
         <load_address>0xaf3e</load_address>
         <run_address>0xaf3e</run_address>
         <size>0x17ea</size>
         <input_file_ref idref="fl-13e"/>
      </object_component>
      <object_component id="oc-3de">
         <name>.debug_info</name>
         <load_address>0xc728</load_address>
         <run_address>0xc728</run_address>
         <size>0x86</size>
         <input_file_ref idref="fl-13e"/>
      </object_component>
      <object_component id="oc-427">
         <name>.debug_info</name>
         <load_address>0xc7ae</load_address>
         <run_address>0xc7ae</run_address>
         <size>0x46</size>
         <input_file_ref idref="fl-13e"/>
      </object_component>
      <object_component id="oc-3e3">
         <name>.debug_info</name>
         <load_address>0xc7f4</load_address>
         <run_address>0xc7f4</run_address>
         <size>0x39</size>
         <input_file_ref idref="fl-13e"/>
      </object_component>
      <object_component id="oc-a6">
         <name>.debug_info</name>
         <load_address>0xc82d</load_address>
         <run_address>0xc82d</run_address>
         <size>0x147</size>
         <input_file_ref idref="fl-13f"/>
      </object_component>
      <object_component id="oc-69">
         <name>.debug_info</name>
         <load_address>0xc974</load_address>
         <run_address>0xc974</run_address>
         <size>0x148</size>
         <input_file_ref idref="fl-13f"/>
      </object_component>
      <object_component id="oc-1c5">
         <name>.debug_info</name>
         <load_address>0xcabc</load_address>
         <run_address>0xcabc</run_address>
         <size>0x5e</size>
         <input_file_ref idref="fl-13f"/>
      </object_component>
      <object_component id="oc-424">
         <name>.debug_info</name>
         <load_address>0xcb1a</load_address>
         <run_address>0xcb1a</run_address>
         <size>0xf5</size>
         <input_file_ref idref="fl-140"/>
      </object_component>
      <object_component id="oc-3d7">
         <name>.debug_info</name>
         <load_address>0xcc0f</load_address>
         <run_address>0xcc0f</run_address>
         <size>0x152</size>
         <input_file_ref idref="fl-140"/>
      </object_component>
      <object_component id="oc-9e">
         <name>.debug_info</name>
         <load_address>0xcd61</load_address>
         <run_address>0xcd61</run_address>
         <size>0x29e</size>
         <input_file_ref idref="fl-141"/>
      </object_component>
      <object_component id="oc-62">
         <name>.debug_info</name>
         <load_address>0xcfff</load_address>
         <run_address>0xcfff</run_address>
         <size>0x158</size>
         <input_file_ref idref="fl-141"/>
      </object_component>
      <object_component id="oc-c2">
         <name>.debug_info</name>
         <load_address>0xd157</load_address>
         <run_address>0xd157</run_address>
         <size>0x39</size>
         <input_file_ref idref="fl-141"/>
      </object_component>
      <object_component id="oc-c7">
         <name>.debug_info</name>
         <load_address>0xd190</load_address>
         <run_address>0xd190</run_address>
         <size>0xcd</size>
         <input_file_ref idref="fl-141"/>
      </object_component>
      <object_component id="oc-bf">
         <name>.debug_info</name>
         <load_address>0xd25d</load_address>
         <run_address>0xd25d</run_address>
         <size>0x1c1</size>
         <input_file_ref idref="fl-142"/>
      </object_component>
      <object_component id="oc-99">
         <name>.debug_info</name>
         <load_address>0xd41e</load_address>
         <run_address>0xd41e</run_address>
         <size>0x164</size>
         <input_file_ref idref="fl-142"/>
      </object_component>
      <object_component id="oc-1da">
         <name>.debug_info</name>
         <load_address>0xd582</load_address>
         <run_address>0xd582</run_address>
         <size>0x2c</size>
         <input_file_ref idref="fl-142"/>
      </object_component>
      <object_component id="oc-454">
         <name>.debug_info</name>
         <load_address>0xd5ae</load_address>
         <run_address>0xd5ae</run_address>
         <size>0xcf</size>
         <input_file_ref idref="fl-143"/>
      </object_component>
      <object_component id="oc-421">
         <name>.debug_info</name>
         <load_address>0xd67d</load_address>
         <run_address>0xd67d</run_address>
         <size>0xdb</size>
         <input_file_ref idref="fl-143"/>
      </object_component>
      <object_component id="oc-3b4">
         <name>.debug_info</name>
         <load_address>0xd758</load_address>
         <run_address>0xd758</run_address>
         <size>0x129</size>
         <input_file_ref idref="fl-144"/>
      </object_component>
      <object_component id="oc-392">
         <name>.debug_info</name>
         <load_address>0xd881</load_address>
         <run_address>0xd881</run_address>
         <size>0x105</size>
         <input_file_ref idref="fl-145"/>
      </object_component>
      <object_component id="oc-39f">
         <name>.debug_info</name>
         <load_address>0xd986</load_address>
         <run_address>0xd986</run_address>
         <size>0x107</size>
         <input_file_ref idref="fl-145"/>
      </object_component>
      <object_component id="oc-39c">
         <name>.debug_info</name>
         <load_address>0xda8d</load_address>
         <run_address>0xda8d</run_address>
         <size>0x117</size>
         <input_file_ref idref="fl-146"/>
      </object_component>
      <object_component id="oc-396">
         <name>.debug_info</name>
         <load_address>0xdba4</load_address>
         <run_address>0xdba4</run_address>
         <size>0x117</size>
         <input_file_ref idref="fl-147"/>
      </object_component>
      <object_component id="oc-3a6">
         <name>.debug_info</name>
         <load_address>0xdcbb</load_address>
         <run_address>0xdcbb</run_address>
         <size>0x10b</size>
         <input_file_ref idref="fl-148"/>
      </object_component>
      <object_component id="oc-40b">
         <name>.debug_info</name>
         <load_address>0xddc6</load_address>
         <run_address>0xddc6</run_address>
         <size>0xfe</size>
         <input_file_ref idref="fl-149"/>
      </object_component>
      <object_component id="oc-3ba">
         <name>.debug_info</name>
         <load_address>0xdec4</load_address>
         <run_address>0xdec4</run_address>
         <size>0x16e</size>
         <input_file_ref idref="fl-149"/>
      </object_component>
      <object_component id="oc-3b0">
         <name>.debug_info</name>
         <load_address>0xe032</load_address>
         <run_address>0xe032</run_address>
         <size>0x109</size>
         <input_file_ref idref="fl-14a"/>
      </object_component>
      <object_component id="oc-419">
         <name>.debug_info</name>
         <load_address>0xe13b</load_address>
         <run_address>0xe13b</run_address>
         <size>0x142</size>
         <input_file_ref idref="fl-14b"/>
      </object_component>
      <object_component id="oc-3c2">
         <name>.debug_info</name>
         <load_address>0xe27d</load_address>
         <run_address>0xe27d</run_address>
         <size>0x165</size>
         <input_file_ref idref="fl-14b"/>
      </object_component>
      <object_component id="oc-401">
         <name>.debug_info</name>
         <load_address>0xe3e2</load_address>
         <run_address>0xe3e2</run_address>
         <size>0x12d</size>
         <input_file_ref idref="fl-14c"/>
      </object_component>
      <object_component id="oc-3a9">
         <name>.debug_info</name>
         <load_address>0xe50f</load_address>
         <run_address>0xe50f</run_address>
         <size>0x1a3</size>
         <input_file_ref idref="fl-14c"/>
      </object_component>
      <object_component id="oc-41f">
         <name>.debug_info</name>
         <load_address>0xe6b2</load_address>
         <run_address>0xe6b2</run_address>
         <size>0xd2</size>
         <input_file_ref idref="fl-14d"/>
      </object_component>
      <object_component id="oc-3d1">
         <name>.debug_info</name>
         <load_address>0xe784</load_address>
         <run_address>0xe784</run_address>
         <size>0x18c</size>
         <input_file_ref idref="fl-14d"/>
      </object_component>
      <object_component id="oc-41b">
         <name>.debug_info</name>
         <load_address>0xe910</load_address>
         <run_address>0xe910</run_address>
         <size>0xd6</size>
         <input_file_ref idref="fl-14e"/>
      </object_component>
      <object_component id="oc-3c5">
         <name>.debug_info</name>
         <load_address>0xe9e6</load_address>
         <run_address>0xe9e6</run_address>
         <size>0x211</size>
         <input_file_ref idref="fl-14e"/>
      </object_component>
      <object_component id="oc-38b">
         <name>.debug_info</name>
         <load_address>0xebf7</load_address>
         <run_address>0xebf7</run_address>
         <size>0x162</size>
         <input_file_ref idref="fl-14f"/>
      </object_component>
      <object_component id="oc-41d">
         <name>.debug_info</name>
         <load_address>0xed59</load_address>
         <run_address>0xed59</run_address>
         <size>0xf3</size>
         <input_file_ref idref="fl-150"/>
      </object_component>
      <object_component id="oc-3cc">
         <name>.debug_info</name>
         <load_address>0xee4c</load_address>
         <run_address>0xee4c</run_address>
         <size>0x13a</size>
         <input_file_ref idref="fl-150"/>
      </object_component>
      <object_component id="oc-43f">
         <name>.debug_info</name>
         <load_address>0xef86</load_address>
         <run_address>0xef86</run_address>
         <size>0x111</size>
         <input_file_ref idref="fl-151"/>
      </object_component>
      <object_component id="oc-40e">
         <name>.debug_info</name>
         <load_address>0xf097</load_address>
         <run_address>0xf097</run_address>
         <size>0x192</size>
         <input_file_ref idref="fl-151"/>
      </object_component>
      <object_component id="oc-45f">
         <name>.debug_info</name>
         <load_address>0xf229</load_address>
         <run_address>0xf229</run_address>
         <size>0x86</size>
         <input_file_ref idref="fl-151"/>
      </object_component>
      <object_component id="oc-438">
         <name>.debug_info</name>
         <load_address>0xf2af</load_address>
         <run_address>0xf2af</run_address>
         <size>0xfb</size>
         <input_file_ref idref="fl-152"/>
      </object_component>
      <object_component id="oc-406">
         <name>.debug_info</name>
         <load_address>0xf3aa</load_address>
         <run_address>0xf3aa</run_address>
         <size>0x173</size>
         <input_file_ref idref="fl-152"/>
      </object_component>
      <object_component id="oc-416">
         <name>.debug_info</name>
         <load_address>0xf51d</load_address>
[...]
         <name>__aeabi_memset8</name>
         <value>0x20008899</value>
         <object_component_ref idref="oc-4f"/>
      </symbol>
      <symbol id="sm-41c">
         <name>__aeabi_memset4</name>
         <value>0x20008899</value>
         <object_component_ref idref="oc-4f"/>
      </symbol>
      <symbol id="sm-41d">
         <name>__aeabi_memclr8</name>
         <value>0x20008897</value>
         <object_component_ref idref="oc-4f"/>
      </symbol>
      <symbol id="sm-41e">
         <name>__aeabi_memclr4</name>
         <value>0x20008897</value>
         <object_component_ref idref="oc-4f"/>
      </symbol>
      <symbol id="sm-41f">
         <name>__aeabi_memclr</name>
         <value>0x20008897</value>
         <object_component_ref idref="oc-4f"/>
      </symbol>
      <symbol id="sm-429">
         <name>_system_pre_init</name>
         <value>0x200097bf</value>
         <object_component_ref idref="oc-5b"/>
      </symbol>
      <symbol id="sm-431">
         <name>main_func_sp</name>
         <value>0x200179b0</value>
         <object_component_ref idref="oc-73"/>
      </symbol>
      <symbol id="sm-43f">
         <name>strlen</name>
         <value>0x2000972d</value>
         <object_component_ref idref="oc-28c"/>
      </symbol>
      <symbol id="sm-460">
         <name>vsnprintf</name>
         <value>0x20008681</value>
         <object_component_ref idref="oc-280"/>
      </symbol>
      <symbol id="sm-479">
         <name>_nop</name>
         <value>0x20009727</value>
         <object_component_ref idref="oc-1ca"/>
      </symbol>
      <symbol id="sm-47a">
         <name>_lock</name>
         <value>0x20017994</value>
         <object_component_ref idref="oc-a7"/>
      </symbol>
      <symbol id="sm-47b">
         <name>_unlock</name>
         <value>0x20017998</value>
         <object_component_ref idref="oc-a7"/>
      </symbol>
      <symbol id="sm-47c">
         <name>_register_lock</name>
         <value>0x2000971f</value>
         <object_component_ref idref="oc-1ca"/>
      </symbol>
      <symbol id="sm-47d">
         <name>_register_unlock</name>
         <value>0x20009719</value>
         <object_component_ref idref="oc-1ca"/>
      </symbol>
      <symbol id="sm-582">
         <name>__TI_printfi</name>
         <value>0x200051b5</value>
         <object_component_ref idref="oc-339"/>
      </symbol>
      <symbol id="sm-597">
         <name>_args_main</name>
         <value>0x2000966d</value>
         <object_component_ref idref="oc-67"/>
      </symbol>
      <symbol id="sm-5ad">
         <name>atoi</name>
         <value>0x20008da1</value>
         <object_component_ref idref="oc-3d6"/>
      </symbol>
      <symbol id="sm-5d3">
         <name>__TI_auto_init</name>
         <value>0x200089f9</value>
         <object_component_ref idref="oc-61"/>
      </symbol>
      <symbol id="sm-5ed">
         <name>copy_in</name>
         <value>0x20008ded</value>
         <object_component_ref idref="oc-97"/>
      </symbol>
      <symbol id="sm-5f8">
         <name>_ctypes_</name>
         <value>0x20009cbf</value>
         <object_component_ref idref="oc-420"/>
      </symbol>
      <symbol id="sm-61c">
         <name>__aeabi_dsub</name>
         <value>0x2000798d</value>
         <object_component_ref idref="oc-3b3"/>
      </symbol>
      <symbol id="sm-61d">
         <name>__aeabi_dadd</name>
         <value>0x20007997</value>
         <object_component_ref idref="oc-3b3"/>
      </symbol>
      <symbol id="sm-644">
         <name>__aeabi_cdcmpeq</name>
         <value>0x20008709</value>
         <object_component_ref idref="oc-38f"/>
      </symbol>
      <symbol id="sm-645">
         <name>__aeabi_cdcmple</name>
         <value>0x20008709</value>
         <object_component_ref idref="oc-38f"/>
      </symbol>
      <symbol id="sm-646">
         <name>__aeabi_cdrcmple</name>
         <value>0x2000878f</value>
         <object_component_ref idref="oc-39e"/>
      </symbol>
      <symbol id="sm-666">
         <name>__aeabi_ddiv</name>
         <value>0x20007cdd</value>
         <object_component_ref idref="oc-399"/>
      </symbol>
      <symbol id="sm-67d">
         <name>__aeabi_dmul</name>
         <value>0x20008059</value>
         <object_component_ref idref="oc-394"/>
      </symbol>
      <symbol id="sm-68b">
         <name>__aeabi_d2iz</name>
         <value>0x20008e81</value>
         <object_component_ref idref="oc-3a3"/>
      </symbol>
      <symbol id="sm-698">
         <name>frexp</name>
         <value>0x20009259</value>
         <object_component_ref idref="oc-3b8"/>
      </symbol>
      <symbol id="sm-6a4">
         <name>__aeabi_i2d</name>
         <value>0x2000917d</value>
         <object_component_ref idref="oc-3ae"/>
      </symbol>
      <symbol id="sm-6b5">
         <name>ldexp</name>
         <value>0x20008cfd</value>
         <object_component_ref idref="oc-3be"/>
      </symbol>
      <symbol id="sm-6c4">
         <name>ltoa</name>
         <value>0x20008c51</value>
         <object_component_ref idref="oc-3a8"/>
      </symbol>
      <symbol id="sm-6d4">
         <name>memccpy</name>
         <value>0x200094c5</value>
         <object_component_ref idref="oc-3d0"/>
      </symbol>
      <symbol id="sm-6e4">
         <name>strchr</name>
         <value>0x200096c7</value>
         <object_component_ref idref="oc-3c4"/>
      </symbol>
      <symbol id="sm-70e">
         <name>__aeabi_uldivmod</name>
         <value>0x20007799</value>
         <object_component_ref idref="oc-38a"/>
      </symbol>
      <symbol id="sm-71c">
         <name>_Dclass</name>
         <value>0x2000911d</value>
         <object_component_ref idref="oc-3ca"/>
      </symbol>
      <symbol id="sm-73d">
         <name>_Dscale</name>
         <value>0x20007f49</value>
         <object_component_ref idref="oc-40c"/>
      </symbol>
      <symbol id="sm-751">
         <name>_Dunscale</name>
         <value>0x20008b39</value>
         <object_component_ref idref="oc-404"/>
      </symbol>
      <symbol id="sm-760">
         <name>_Feraise</name>
         <value>0x2000914d</value>
         <object_component_ref idref="oc-412"/>
      </symbol>
      <symbol id="sm-770">
         <name>_Rteps</name>
         <value>0x20017910</value>
         <object_component_ref idref="oc-43b"/>
      </symbol>
      <symbol id="sm-771">
         <name>_Zero</name>
         <value>0x20017928</value>
         <object_component_ref idref="oc-43b"/>
      </symbol>
      <symbol id="sm-772">
         <name>_Hugeval</name>
         <value>0x200178d0</value>
         <object_component_ref idref="oc-43b"/>
      </symbol>
      <symbol id="sm-773">
         <name>_Snan</name>
         <value>0x20017900</value>
         <object_component_ref idref="oc-43b"/>
      </symbol>
      <symbol id="sm-774">
         <name>_Nan</name>
         <value>0x200178f0</value>
         <object_component_ref idref="oc-43b"/>
      </symbol>
      <symbol id="sm-775">
         <name>_Inf</name>
         <value>0x200178e0</value>
         <object_component_ref idref="oc-43b"/>
      </symbol>
      <symbol id="sm-776">
         <name>_Xbig</name>
         <value>0x20017920</value>
         <object_component_ref idref="oc-43b"/>
      </symbol>
      <symbol id="sm-777">
         <name>_Eps</name>
         <value>0x200178c0</value>
         <object_component_ref idref="oc-43b"/>
      </symbol>
      <symbol id="sm-778">
         <name>_Denorm</name>
         <value>0x200178b0</value>
         <object_component_ref idref="oc-43b"/>
      </symbol>
      <symbol id="sm-780">
         <name>_Errno</name>
         <value>0x200179ac</value>
         <object_component_ref idref="oc-446"/>
      </symbol>
      <symbol id="sm-79e">
         <name>feraiseexcept</name>
         <value>0x20009089</value>
         <object_component_ref idref="oc-440"/>
      </symbol>
      <symbol id="sm-79f">
         <name>_Tls_setup__Fenv</name>
         <value>0x200179a8</value>
         <object_component_ref idref="oc-46c"/>
      </symbol>
      <symbol id="sm-7a0">
         <name>_Fenv</name>
         <value>0x200179a4</value>
         <object_component_ref idref="oc-46c"/>
      </symbol>
      <symbol id="sm-7b4">
         <name>raise</name>
         <value>0x200091ab</value>
         <object_component_ref idref="oc-466"/>
      </symbol>
      <symbol id="sm-7ce">
         <name>signal</name>
         <value>0x20008fd5</value>
         <object_component_ref idref="oc-476"/>
      </symbol>
      <symbol id="sm-7e3">
         <name>_Dnorm</name>
         <value>0x20008219</value>
         <object_component_ref idref="oc-431"/>
      </symbol>
      <symbol id="sm-841">
         <name>GPIOIntRegister</name>
         <value>0x2000939d</value>
         <object_component_ref idref="oc-108"/>
      </symbol>
      <symbol id="sm-842">
         <name>GPIOIntDisable</name>
         <value>0x200094e1</value>
         <object_component_ref idref="oc-126"/>
      </symbol>
      <symbol id="sm-843">
         <name>GPIOIntEnable</name>
         <value>0x200094fb</value>
         <object_component_ref idref="oc-11a"/>
      </symbol>
      <symbol id="sm-844">
         <name>GPIOIntTypeSet</name>
         <value>0x20008815</value>
         <object_component_ref idref="oc-102"/>
      </symbol>
      <symbol id="sm-845">
         <name>GPIOIntClear</name>
         <value>0x200096f1</value>
         <object_component_ref idref="oc-114"/>
      </symbol>
      <symbol id="sm-846">
         <name>GPIOPinRead</name>
         <value>0x20009563</value>
         <object_component_ref idref="oc-fc"/>
      </symbol>
      <symbol id="sm-847">
         <name>GPIODirModeSet</name>
         <value>0x20009051</value>
         <object_component_ref idref="oc-2d5"/>
      </symbol>
      <symbol id="sm-848">
         <name>GPIOPinWrite</name>
         <value>0x2000933b</value>
         <object_component_ref idref="oc-2ac"/>
      </symbol>
      <symbol id="sm-8ce">
         <name>IntPendClear</name>
         <value>0x20008ba1</value>
         <object_component_ref idref="oc-120"/>
      </symbol>
      <symbol id="sm-8cf">
         <name>IntPrioritySet</name>
         <value>0x20008ca9</value>
         <object_component_ref idref="oc-10e"/>
      </symbol>
      <symbol id="sm-8d0">
         <name>IntVTableBaseSet</name>
         <value>0x20009705</value>
         <object_component_ref idref="oc-cc"/>
      </symbol>
      <symbol id="sm-8d1">
         <name>IntEnable</name>
         <value>0x20008381</value>
         <object_component_ref idref="oc-d8"/>
      </symbol>
      <symbol id="sm-8d2">
         <name>IntDisable</name>
         <value>0x200082d9</value>
         <object_component_ref idref="oc-12c"/>
      </symbol>
      <symbol id="sm-8d3">
         <name>IntRegister</name>
         <value>0x2000935d</value>
         <object_component_ref idref="oc-20a"/>
      </symbol>
      <symbol id="sm-8d4">
         <name>IntUnregister</name>
         <value>0x200092ad</value>
         <object_component_ref idref="oc-329"/>
      </symbol>
      <symbol id="sm-8d5">
         <name>IntMasterEnable</name>
         <value>0x200097a9</value>
         <object_component_ref idref="oc-d2"/>
      </symbol>
      <symbol id="sm-914">
         <name>PinTypeUART</name>
         <value>0x2000952f</value>
         <object_component_ref idref="oc-2e1"/>
      </symbol>
      <symbol id="sm-915">
         <name>PinTypeGPIO</name>
         <value>0x200090bd</value>
         <object_component_ref idref="oc-2cf"/>
      </symbol>
      <symbol id="sm-916">
         <name>PinConfigSet</name>
         <value>0x200085f9</value>
         <object_component_ref idref="oc-35e"/>
      </symbol>
      <symbol id="sm-917">
         <name>PinTypeSPI</name>
         <value>0x20009515</value>
         <object_component_ref idref="oc-2db"/>
      </symbol>
      <symbol id="sm-918">
         <name>PinModeSet</name>
         <value>0x20008f95</value>
         <object_component_ref idref="oc-364"/>
      </symbol>
      <symbol id="sm-99a">
         <name>PRCMPeripheralReset</name>
         <value>0x20008bf9</value>
         <object_component_ref idref="oc-199"/>
      </symbol>
      <symbol id="sm-99b">
         <name>PRCMPeripheralClkEnable</name>
         <value>0x20009015</value>
         <object_component_ref idref="oc-17b"/>
      </symbol>
      <symbol id="sm-99c">
         <name>PRCMPeripheralClockGet</name>
         <value>0x20008565</value>
         <object_component_ref idref="oc-18d"/>
      </symbol>
      <symbol id="sm-99d">
         <name>PRCMCC3200MCUInit</name>
         <value>0x20007e15</value>
         <object_component_ref idref="oc-de"/>
      </symbol>
      <symbol id="sm-99e">
         <name>PRCMHIBRegWrite</name>
         <value>0x2000969b</value>
         <object_component_ref idref="oc-1f6"/>
      </symbol>
      <symbol id="sm-99f">
         <name>PRCMSysResetCauseGet</name>
         <value>0x200091d9</value>
         <object_component_ref idref="oc-202"/>
      </symbol>
      <symbol id="sm-9a0">
         <name>PRCMPeripheralClkDisable</name>
         <value>0x20009285</value>
         <object_component_ref idref="oc-1fc"/>
      </symbol>
      <symbol id="sm-9a1">
         <name>PRCMHIBRegRead</name>
         <value>0x20009685</value>
         <object_component_ref idref="oc-1f0"/>
      </symbol>
      <symbol id="sm-9ee">
         <name>SPICSEnable</name>
         <value>0x20009593</value>
         <object_component_ref idref="oc-2b2"/>
      </symbol>
      <symbol id="sm-9ef">
         <name>SPIFIFOEnable</name>
         <value>0x20009549</value>
         <object_component_ref idref="oc-1a5"/>
      </symbol>
      <symbol id="sm-9f0">
         <name>SPIDataPut</name>
         <value>0x200093bb</value>
         <object_component_ref idref="oc-2b8"/>
      </symbol>
      <symbol id="sm-9f1">
         <name>SPIEnable</name>
         <value>0x200095ab</value>
         <object_component_ref idref="oc-1b1"/>
      </symbol>
      <symbol id="sm-9f2">
         <name>SPIDataGet</name>
         <value>0x2000937d</value>
         <object_component_ref idref="oc-2be"/>
      </symbol>
      <symbol id="sm-9f3">
         <name>SPIConfigSetExpClk</name>
         <value>0x20008429</value>
         <object_component_ref idref="oc-1ab"/>
      </symbol>
      <symbol id="sm-9f4">
         <name>SPIReset</name>
         <value>0x20009319</value>
         <object_component_ref idref="oc-19f"/>
      </symbol>
      <symbol id="sm-9f5">
         <name>SPICSDisable</name>
         <value>0x2000957b</value>
         <object_component_ref idref="oc-2c4"/>
      </symbol>
      <symbol id="sm-a22">
         <name>SysTickEnable</name>
         <value>0x20009765</value>
         <object_component_ref idref="oc-f0"/>
      </symbol>
      <symbol id="sm-a23">
         <name>SysTickIntRegister</name>
         <value>0x20009471</value>
         <object_component_ref idref="oc-ea"/>
      </symbol>
      <symbol id="sm-a24">
         <name>SysTickValueGet</name>
         <value>0x20009791</value>
         <object_component_ref idref="oc-f6"/>
      </symbol>
      <symbol id="sm-a25">
         <name>SysTickPeriodSet</name>
         <value>0x200095c5</value>
         <object_component_ref idref="oc-e4"/>
      </symbol>
      <symbol id="sm-aa9">
         <name>TimerLoadSet</name>
         <value>0x20009205</value>
         <object_component_ref idref="oc-24b"/>
      </symbol>
      <symbol id="sm-aaa">
         <name>TimerDisable</name>
         <value>0x200093d9</value>
         <object_component_ref idref="oc-257"/>
      </symbol>
      <symbol id="sm-aab">
         <name>TimerIntRegister</name>
         <value>0x20008989</value>
         <object_component_ref idref="oc-233"/>
      </symbol>
      <symbol id="sm-aac">
         <name>TimerEnable</name>
         <value>0x200093f7</value>
         <object_component_ref idref="oc-251"/>
      </symbol>
      <symbol id="sm-aad">
         <name>TimerIntUnregister</name>
         <value>0x20008ad1</value>
         <object_component_ref idref="oc-263"/>
      </symbol>
      <symbol id="sm-aae">
         <name>TimerIntStatus</name>
         <value>0x20009415</value>
         <object_component_ref idref="oc-23f"/>
      </symbol>
      <symbol id="sm-aaf">
         <name>TimerIntDisable</name>
         <value>0x200095dd</value>
         <object_component_ref idref="oc-25d"/>
      </symbol>
      <symbol id="sm-ab0">
         <name>TimerValueGet</name>
         <value>0x2000948d</value>
         <object_component_ref idref="oc-269"/>
      </symbol>
      <symbol id="sm-ab1">
         <name>TimerPrescaleSet</name>
         <value>0x2000922f</value>
         <object_component_ref idref="oc-22d"/>
      </symbol>
      <symbol id="sm-ab2">
         <name>TimerIntEnable</name>
         <value>0x200095f5</value>
         <object_component_ref idref="oc-239"/>
      </symbol>
      <symbol id="sm-ab3">
         <name>TimerConfigure</name>
         <value>0x20008ec9</value>
         <object_component_ref idref="oc-227"/>
      </symbol>
      <symbol id="sm-ab4">
         <name>TimerIntClear</name>
         <value>0x20009741</value>
         <object_component_ref idref="oc-245"/>
      </symbol>
      <symbol id="sm-b3b">
         <name>UARTConfigSetExpClk</name>
         <value>0x20008911</value>
         <object_component_ref idref="oc-193"/>
      </symbol>
      <symbol id="sm-b3c">
         <name>UARTDisable</name>
         <value>0x200090ed</value>
         <object_component_ref idref="oc-2f6"/>
      </symbol>
      <symbol id="sm-b3d">
         <name>UARTIntEnable</name>
         <value>0x20009655</value>
         <object_component_ref idref="oc-159"/>
      </symbol>
      <symbol id="sm-b3e">
         <name>UARTCharsAvail</name>
         <value>0x2000960d</value>
         <object_component_ref idref="oc-14d"/>
      </symbol>
      <symbol id="sm-b3f">
         <name>UARTCharGetNonBlocking</name>
         <value>0x200094a9</value>
         <object_component_ref idref="oc-286"/>
      </symbol>
      <symbol id="sm-b40">
         <name>UARTIntDisable</name>
         <value>0x2000963d</value>
         <object_component_ref idref="oc-13b"/>
      </symbol>
      <symbol id="sm-b41">
         <name>UARTCharPut</name>
         <value>0x20009433</value>
         <object_component_ref idref="oc-16e"/>
      </symbol>
      <symbol id="sm-b42">
         <name>UARTEnable</name>
         <value>0x200092d1</value>
         <object_component_ref idref="oc-2fc"/>
      </symbol>
      <symbol id="sm-b43">
         <name>UARTIntClear</name>
         <value>0x20009753</value>
         <object_component_ref idref="oc-153"/>
      </symbol>
      <symbol id="sm-b44">
         <name>UARTCharGet</name>
         <value>0x200096b1</value>
         <object_component_ref idref="oc-141"/>
      </symbol>
      <symbol id="sm-b45">
         <name>UARTFIFOLevelSet</name>
         <value>0x20009625</value>
         <object_component_ref idref="oc-187"/>
      </symbol>
      <symbol id="sm-b46">
         <name>UARTIntRegister</name>
         <value>0x20009451</value>
         <object_component_ref idref="oc-181"/>
      </symbol>
      <symbol id="sm-b4a">
         <name>UtilsDelay</name>
         <value>0x200097b3</value>
         <object_component_ref idref="oc-174"/>
      </symbol>
      <symbol id="sm-b54">
         <name>CPUcpsie</name>
         <value>0x200096dd</value>
         <object_component_ref idref="oc-1e0"/>
      </symbol>
      <symbol id="sm-b5a">
         <name>__TI_static_base__</name>
         <value>0x2000a118</value>
      </symbol>
      <symbol id="sm-b5d">
         <name>SHT$$INIT_ARRAY$$Limit</name>
         <value>0x0</value>
      </symbol>
      <symbol id="sm-b5e">
         <name>SHT$$INIT_ARRAY$$Base</name>
         <value>0x0</value>
      </symbol>
   </symbol_table>
   <title>Link successful</title>
</link_info>
