******************************************************************************
                  TI ARM Linker PC v5.2.5                      
******************************************************************************
>> Linked Wed Feb 03 22:07:43 2016

OUTPUT FILE NAME:   <Lab3Kelvin.out>
ENTRY POINT SYMBOL: "_c_int00"  address: 20007a15


MEMORY CONFIGURATION

         name            origin    length      used     unused   attr    fill
----------------------  --------  ---------  --------  --------  ----  --------
  SRAM_CODE             20004000   00013000  0000482e  0000e7d2  RW X
  SRAM_DATA             20017000   00019000  00001178  00017e88  RW X


SEGMENT ALLOCATION MAP

run origin  load origin   length   init length attrs members
----------  ----------- ---------- ----------- ----- -------
20004000    20004000    00004830   00004830    r-x
  20004000    20004000    00000400   00000400    r-- .intvecs
  20004400    20004400    00003fb6   00003fb6    r-x .text
  200083b8    200083b8    00000400   00000400    r-- .const
  200087b8    200087b8    00000078   00000078    r-- .cinit
20017000    20017000    00000978   00000000    rw-
  20017000    20017000    00000800   00000000    rw- .sysmem
  20017800    20017800    00000174   00000000    rw- .data
  20017974    20017974    00000004   00000000    rw- .bss
2002f800    2002f800    00000800   00000000    rw-
  2002f800    2002f800    00000800   00000000    rw- .stack


SECTION ALLOCATION MAP

 output                                  attributes/
section   page    origin      length       input sections
--------  ----  ----------  ----------   ----------------
.intvecs   0    20004000    00000400     
                  20004000    00000400     startup_ccs.obj (.intvecs)

.init_array 
*          0    20004000    00000000     UNINITIALIZED

.text      0    20004400    00003fb6     
                  20004400    000010ba     rtsv7M4_T_le_v4SPD16_eabi.lib : _printfi.obj (.text)
                  200054ba    00000002     driverlib.a : interrupt.obj (.text:IntDefaultHandler)
                  200054bc    000004c8     main.obj (.text)
                  20005984    0000047a     Adafruit_OLED.obj (.text)
                  20005dfe    00000002     --HOLE-- [fill = 0]
                  20005e00    000003dc     rtsv7M4_T_le_v4SPD16_eabi.lib : memory.obj (.text)
                  200061dc    00000280     uart_if.obj (.text)
                  2000645c    000001f4     rtsv7M4_T_le_v4SPD16_eabi.lib : ull_div_t2.obj (.text)
                  20006650    000001b6                                   : fd_add_t2.obj (.text)
                  20006806    00000002     --HOLE-- [fill = 0]
                  20006808    00000198     timer_if.obj (.text)
                  200069a0    00000136     rtsv7M4_T_le_v4SPD16_eabi.lib : fd_div_t2.obj (.text)
                  20006ad6    00000002     --HOLE-- [fill = 0]
                  20006ad8    00000134     driverlib.a : prcm.obj (.text:PRCMCC3200MCUInit)
                  20006c0c    00000110     rtsv7M4_T_le_v4SPD16_eabi.lib : xdscale.obj (.text)
                  20006d1c    000000fc                                   : fd_mul_t2.obj (.text)
                  20006e18    000000c4     pin_mux_config.obj (.text)
                  20006edc    000000be     rtsv7M4_T_le_v4SPD16_eabi.lib : xdnorm.obj (.text)
                  20006f9a    00000002     --HOLE-- [fill = 0]
                  20006f9c    000000a8     driverlib.a : interrupt.obj (.text:IntDisable)
                  20007044    000000a8                 : interrupt.obj (.text:IntEnable)
                  200070ec    000000a0                 : spi.obj (.text:SPIConfigSetExpClk)
                  2000718c    0000009c     rtsv7M4_T_le_v4SPD16_eabi.lib : memcpy_t2.obj (.text)
                  20007228    00000094     driverlib.a : prcm.obj (.text:PRCMPeripheralClockGet)
                  200072bc    00000088                 : pin.obj (.text:PinConfigSet)
                  20007344    00000088     rtsv7M4_T_le_v4SPD16_eabi.lib : vsnprintf.obj (.text)
                  200073cc    00000086                                   : fd_cmp_t2.obj (.text:__aeabi_cdcmple)
                  20007452    00000086                                   : fd_cmp_t2.obj (.text:__aeabi_cdrcmple)
                  200074d8    00000082     driverlib.a : gpio.obj (.text:GPIOIntTypeSet)
                  2000755a    0000007a     rtsv7M4_T_le_v4SPD16_eabi.lib : memset_t2.obj (.text)
                  200075d4    00000076     driverlib.a : uart.obj (.text:UARTConfigSetExpClk)
                  2000764a    00000002     --HOLE-- [fill = 0]
                  2000764c    00000070                 : timer.obj (.text:TimerIntRegister)
                  200076bc    0000006c     rtsv7M4_T_le_v4SPD16_eabi.lib : autoinit.obj (.text)
                  20007728    0000006a                                   : copy_decompress_rle.obj (.text)
                  20007792    00000002     --HOLE-- [fill = 0]
                  20007794    00000068     driverlib.a : timer.obj (.text:TimerIntUnregister)
                  200077fc    00000066     rtsv7M4_T_le_v4SPD16_eabi.lib : xdunscal.obj (.text)
                  20007862    00000002     --HOLE-- [fill = 0]
                  20007864    00000058     driverlib.a : interrupt.obj (.text:IntPendClear)
                  200078bc    00000058                 : prcm.obj (.text:PRCMPeripheralReset)
                  20007914    00000056     rtsv7M4_T_le_v4SPD16_eabi.lib : ltoa.obj (.text)
                  2000796a    00000002     --HOLE-- [fill = 0]
                  2000796c    00000054     driverlib.a : interrupt.obj (.text:IntPrioritySet)
                  200079c0    00000052     rtsv7M4_T_le_v4SPD16_eabi.lib : ldexp.obj (.text)
                  20007a12    00000002     --HOLE-- [fill = 0]
                  20007a14    00000050                                   : boot.obj (.text)
                  20007a64    0000004c                                   : atoi.obj (.text)
                  20007ab0    0000004c                                   : cpy_tbl.obj (.text)
                  20007afc    00000048     driverlib.a : gpio.obj (.text:GPIOGetIntNumber)
                  20007b44    00000048     rtsv7M4_T_le_v4SPD16_eabi.lib : fd_toi_t2.obj (.text)
                  20007b8c    00000044     driverlib.a : timer.obj (.text:TimerConfigure)
                  20007bd0    00000044     rtsv7M4_T_le_v4SPD16_eabi.lib : exit.obj (.text)
                  20007c14    00000040     driverlib.a : pin.obj (.text:PinModeSet)
                  20007c54    00000040     rtsv7M4_T_le_v4SPD16_eabi.lib : signal.obj (.text)
                  20007c94    0000003c     driverlib.a : prcm.obj (.text:PRCMPeripheralClkEnable)
                  20007cd0    00000036                 : gpio.obj (.text:GPIODirModeSet)
                  20007d06    00000002     --HOLE-- [fill = 0]
                  20007d08    00000034     rtsv7M4_T_le_v4SPD16_eabi.lib : feraiseexcept.obj (.text)
                  20007d3c    00000030     driverlib.a : pin.obj (.text:PinTypeGPIO)
                  20007d6c    00000030                 : uart.obj (.text:UARTDisable)
                  20007d9c    00000030     rtsv7M4_T_le_v4SPD16_eabi.lib : xdclass.obj (.text)
                  20007dcc    00000030                                   : xferaise.obj (.text)
                  20007dfc    0000002e                                   : i_tofd_t2.obj (.text)
                  20007e2a    0000002e                                   : raise.obj (.text)
                  20007e58    0000002c     driverlib.a : prcm.obj (.text:PRCMSysResetCauseGet)
                  20007e84    0000002a                 : timer.obj (.text:TimerLoadSet)
                  20007eae    0000002a                 : timer.obj (.text:TimerPrescaleSet)
                  20007ed8    0000002a     rtsv7M4_T_le_v4SPD16_eabi.lib : frexp.obj (.text)
                  20007f02    00000002     --HOLE-- [fill = 0]
                  20007f04    00000028     driverlib.a : prcm.obj (.text:PRCMPeripheralClkDisable)
                  20007f2c    00000024                 : interrupt.obj (.text:IntUnregister)
                  20007f50    00000024                 : uart.obj (.text:UARTEnable)
                  20007f74    00000024     rtsv7M4_T_le_v4SPD16_eabi.lib : memmov.obj (.text)
                  20007f98    00000022     driverlib.a : spi.obj (.text:SPIReset)
                  20007fba    00000020                 : gpio.obj (.text:GPIOPinWrite)
                  20007fda    00000002     --HOLE-- [fill = 0]
                  20007fdc    00000020                 : interrupt.obj (.text:IntRegister)
                  20007ffc    00000020                 : spi.obj (.text:SPIDataGet)
                  2000801c    0000001e                 : gpio.obj (.text:GPIOIntRegister)
                  2000803a    0000001e                 : spi.obj (.text:SPIDataPut)
                  20008058    0000001e                 : timer.obj (.text:TimerDisable)
                  20008076    0000001e                 : timer.obj (.text:TimerEnable)
                  20008094    0000001e                 : timer.obj (.text:TimerIntStatus)
                  200080b2    0000001e                 : uart.obj (.text:UARTCharPut)
                  200080d0    0000001c                 : systick.obj (.text:SysTickIntRegister)
                  200080ec    0000001c                 : timer.obj (.text:TimerValueGet)
                  20008108    0000001c                 : uart.obj (.text:UARTCharGetNonBlocking)
                  20008124    0000001c     rtsv7M4_T_le_v4SPD16_eabi.lib : memccpy.obj (.text)
                  20008140    0000001a     driverlib.a : gpio.obj (.text:GPIOIntDisable)
                  2000815a    0000001a                 : gpio.obj (.text:GPIOIntEnable)
                  20008174    0000001a                 : pin.obj (.text:PinTypeSPI)
                  2000818e    0000001a                 : pin.obj (.text:PinTypeUART)
                  200081a8    0000001a                 : spi.obj (.text:SPIFIFOEnable)
                  200081c2    00000018                 : gpio.obj (.text:GPIOPinRead)
                  200081da    00000018                 : spi.obj (.text:SPICSDisable)
                  200081f2    00000018                 : spi.obj (.text:SPICSEnable)
                  2000820a    00000018                 : spi.obj (.text:SPIEnable)
                  20008222    00000002     --HOLE-- [fill = 0]
                  20008224    00000018                 : systick.obj (.text:SysTickPeriodSet)
                  2000823c    00000018                 : timer.obj (.text:TimerIntDisable)
                  20008254    00000018                 : timer.obj (.text:TimerIntEnable)
                  2000826c    00000018                 : uart.obj (.text:UARTCharsAvail)
                  20008284    00000018     rtsv7M4_T_le_v4SPD16_eabi.lib : args_main.obj (.text)
                  2000829c    00000016     driverlib.a : prcm.obj (.text:PRCMHIBRegRead)
                  200082b2    00000016                 : prcm.obj (.text:PRCMHIBRegWrite)
                  200082c8    00000016     rtsv7M4_T_le_v4SPD16_eabi.lib : strchr.obj (.text)
                  200082de    00000014     driverlib.a : cpu.obj (.text:CPUcpsie)
                  200082f2    00000014                 : gpio.obj (.text:GPIOIntClear)
                  20008306    00000002     --HOLE-- [fill = 0]
                  20008308    00000014                 : interrupt.obj (.text:IntVTableBaseSet)
                  2000831c    00000014     rtsv7M4_T_le_v4SPD16_eabi.lib : _lock.obj (.text)
                  20008330    00000014                                   : strlen.obj (.text)
                  20008344    00000012     driverlib.a : timer.obj (.text:TimerIntClear)
                  20008356    00000002     --HOLE-- [fill = 0]
                  20008358    00000010                 : systick.obj (.text:SysTickEnable)
                  20008368    0000000e     rtsv7M4_T_le_v4SPD16_eabi.lib : copy_decompress_none.obj (.text:decompress:none)
                  20008376    0000000e     startup_ccs.obj (.text)
                  20008384    0000000c     driverlib.a : systick.obj (.text:SysTickValueGet)
                  20008390    0000000c     rtsv7M4_T_le_v4SPD16_eabi.lib : copy_zero_init.obj (.text:decompress:ZI)
                  2000839c    0000000a     driverlib.a : interrupt.obj (.text:IntMasterEnable)
                  200083a6    00000006                 : utils.obj (.text:UtilsDelay)
                  200083ac    00000006     rtsv7M4_T_le_v4SPD16_eabi.lib : copy_decompress_rle.obj (.text:decompress:rle24)
                  200083b2    00000004                                   : pre_init.obj (.text)

.const     0    200083b8    00000400     
                  200083b8    00000101     rtsv7M4_T_le_v4SPD16_eabi.lib : ctype.obj (.const:.string:_ctypes_)
                  200084b9    00000003     --HOLE-- [fill = 0]
                  200084bc    00000100     driverlib.a : pin.obj (.const:g_ulPinToPadMap)
                  200085bc    000000d4                 : interrupt.obj (.const:g_pulRegs)
                  20008690    000000a8                 : prcm.obj (.const:PRCM_PeriphRegsList)
                  20008738    00000080                 : interrupt.obj (.const)

.cinit     0    200087b8    00000078     
                  200087b8    00000052     (.cinit..data.load) [load image, compression = rle]
                  2000880a    00000002     --HOLE-- [fill = 0]
                  2000880c    0000000c     (__TI_handler_table)
                  20008818    00000008     (.cinit..bss.load) [load image, compression = zero_init]
                  20008820    00000010     (__TI_cinit_table)

.sysmem    0    20017000    00000800     UNINITIALIZED
                  20017000    00000008     rtsv7M4_T_le_v4SPD16_eabi.lib : memory.obj (.sysmem)
                  20017008    000007f8     --HOLE--

.data      0    20017800    00000174     UNINITIALIZED
                  20017800    000000b0     rtsv7M4_T_le_v4SPD16_eabi.lib : signal.obj (.data:sigtable)
                  200178b0    00000080                                   : xvalues.obj (.data)
                  20017930    00000018     main.obj (.data)
                  20017948    0000000c     rtsv7M4_T_le_v4SPD16_eabi.lib : memory.obj (.data)
                  20017954    00000008                                   : _lock.obj (.data)
                  2001795c    00000008                                   : exit.obj (.data)
                  20017964    00000008                                   : feraiseexcept.obj (.data)
                  2001796c    00000004                                   : errno.obj (.data)
                  20017970    00000004                                   : stkdepth_vars.obj (.data)

.TI.persistent 
*          0    20017800    00000000     UNINITIALIZED

.bss       0    20017974    00000004     UNINITIALIZED
                  20017974    00000004     (.common:__Errorlog)

.TI.noinit 
*          0    20017974    00000000     UNINITIALIZED

.stack     0    2002f800    00000800     UNINITIALIZED
                  2002f800    00000800     --HOLE--


LINKER GENERATED COPY TABLES

__TI_cinit_table @ 20008820 records: 2, size/record: 8, table size: 16
	.data: load addr=200087b8, load size=00000052 bytes, run addr=20017800, run size=00000174 bytes, compression=rle
	.bss: load addr=20008818, load size=00000008 bytes, run addr=20017974, run size=00000004 bytes, compression=zero_init


LINKER GENERATED HANDLER TABLE

__TI_handler_table @ 2000880c records: 3, size/record: 4, table size: 12
	index: 0, handler: __TI_decompress_rle24
	index: 1, handler: __TI_decompress_none
	index: 2, handler: __TI_zero_init


GLOBAL SYMBOLS: SORTED ALPHABETICALLY BY Name 

address   name                     
-------   ----                     
200059e9  Adafruit_Init            
200056b7  BothTimersIntInit        
20005897  ButtonRoutine            
20007bd1  C$$EXIT                  
200082df  CPUcpsie                 
2000621d  ClearTerm                
20005b63  Color565                 
200057a5  DebugRoutine             
2000552b  EdgeTriggerHandler       
20006227  Error                    
20005779  FinishTimerIntHandler    
2000570d  FinishTimerIntStart      
2000572d  FinishTimerIntStop       
20007cd1  GPIODirModeSet           
200082f3  GPIOIntClear             
20008141  GPIOIntDisable           
2000815b  GPIOIntEnable            
2000801d  GPIOIntRegister          
200074d9  GPIOIntTypeSet           
200081c3  GPIOPinRead              
20007fbb  GPIOPinWrite             
2000625f  GetCmd                   
200061dd  InitTerm                 
20006f9d  IntDisable               
20007045  IntEnable                
2000839d  IntMasterEnable          
20007865  IntPendClear             
2000796d  IntPrioritySet           
20007fdd  IntRegister              
20007f2d  IntUnregister            
20008309  IntVTableBaseSet         
200061fb  Message                  
20006ad9  PRCMCC3200MCUInit        
2000829d  PRCMHIBRegRead           
200082b3  PRCMHIBRegWrite          
20007f05  PRCMPeripheralClkDisable 
20007c95  PRCMPeripheralClkEnable  
20007229  PRCMPeripheralClockGet   
200078bd  PRCMPeripheralReset      
20007e59  PRCMSysResetCauseGet     
2000569d  PhotoresistorIntDisable  
2000567d  PhotoresistorIntEnable   
2000564f  PhotoresistorIntInit     
200072bd  PinConfigSet             
20007c15  PinModeSet               
20006e19  PinMuxConfig             
20007d3d  PinTypeGPIO              
20008175  PinTypeSPI               
2000818f  PinTypeUART              
2000639d  Report                   
20008377  ResetISR                 
UNDEFED   SHT$$INIT_ARRAY$$Base    
UNDEFED   SHT$$INIT_ARRAY$$Limit   
200081db  SPICSDisable             
200081f3  SPICSEnable              
200070ed  SPIConfigSetExpClk       
20007ffd  SPIDataGet               
2000803b  SPIDataPut               
2000820b  SPIEnable                
200081a9  SPIFIFOEnable            
20007f99  SPIReset                 
20005811  SignalRoutine            
20008359  SysTickEnable            
200080d1  SysTickIntRegister       
20008225  SysTickPeriodSet         
20008385  SysTickValueGet          
200054d5  SystickInit              
200054eb  SystickReset             
20007b8d  TimerConfigure           
20008059  TimerDisable             
20008077  TimerEnable              
20008345  TimerIntClear            
2000823d  TimerIntDisable          
20008255  TimerIntEnable           
2000764d  TimerIntRegister         
20008095  TimerIntStatus           
20007795  TimerIntUnregister       
20007e85  TimerLoadSet             
20007eaf  TimerPrescaleSet         
200080ed  TimerValueGet            
2000694f  Timer_IF_DeInit          
20006981  Timer_IF_GetCount        
20006889  Timer_IF_Init            
200068bb  Timer_IF_IntSetup        
20006907  Timer_IF_InterruptClear  
20006969  Timer_IF_ReLoad          
2000691f  Timer_IF_Start           
2000693f  Timer_IF_Stop            
2000573b  TransitionTimerIntHandler
200056fb  TransitionTimerIntStart  
2000571f  TransitionTimerIntStop   
20006305  TrimSpace                
20008109  UARTCharGetNonBlocking   
200080b3  UARTCharPut              
2000826d  UARTCharsAvail           
200075d5  UARTConfigSetExpClk      
20007d6d  UARTDisable              
20007f51  UARTEnable               
200083a7  UtilsDelay               
20007d9d  _Dclass                  
200178b0  _Denorm                  
20006edd  _Dnorm                   
20006c0d  _Dscale                  
200077fd  _Dunscale                
200178c0  _Eps                     
2001796c  _Errno                   
20017964  _Fenv                    
20007dcd  _Feraise                 
200178d0  _Hugeval                 
200178e0  _Inf                     
200178f0  _Nan                     
20017910  _Rteps                   
20017900  _Snan                    
20017968  _Tls_setup__Fenv         
20017920  _Xbig                    
20017928  _Zero                    
20030000  __STACK_END              
00000800  __STACK_SIZE             
00000800  __SYSMEM_SIZE            
20008820  __TI_CINIT_Base          
20008830  __TI_CINIT_Limit         
2000880c  __TI_Handler_Table_Base  
20008818  __TI_Handler_Table_Limit 
200076bd  __TI_auto_init           
2001795c  __TI_cleanup_ptr         
20008369  __TI_decompress_none     
200083ad  __TI_decompress_rle24    
20017960  __TI_dtors_ptr           
200051b5  __TI_printfi             
200087b8  __TI_static_base__       
20008391  __TI_zero_init           
200073cd  __aeabi_cdcmpeq          
200073cd  __aeabi_cdcmple          
20007453  __aeabi_cdrcmple         
20007b45  __aeabi_d2iz             
2000665b  __aeabi_dadd             
200069a1  __aeabi_ddiv             
20006d1d  __aeabi_dmul             
20006651  __aeabi_dsub             
20007dfd  __aeabi_i2d              
2000755b  __aeabi_memclr           
2000755b  __aeabi_memclr4          
2000755b  __aeabi_memclr8          
2000718d  __aeabi_memcpy           
2000718d  __aeabi_memcpy4          
2000718d  __aeabi_memcpy8          
2000755d  __aeabi_memset           
2000755d  __aeabi_memset4          
2000755d  __aeabi_memset8          
2000645d  __aeabi_uldivmod         
ffffffff  __binit__                
ffffffff  __c_args__               
2002f800  __stack                  
20008285  _args_main               
20007a15  _c_int00                 
200083b8  _ctypes_                 
20017954  _lock                    
2000832b  _nop                     
20008323  _register_lock           
2000831d  _register_unlock         
20017000  _sys_memory              
200083b3  _system_pre_init         
20017958  _unlock                  
20007bd5  abort                    
20007a65  atoi                     
ffffffff  binit                    
200061a9  calloc                   
20007ab1  copy_in                  
20005d09  drawFastHLine            
20005c6d  drawFastVLine            
20005da5  drawPixel                
20007bdd  exit                     
20007d09  feraiseexcept            
20005bbb  fillRect                 
20005ba5  fillScreen               
20005ef7  free                     
20007ed9  frexp                    
20017940  g_bit_rep                
20017934  g_finishMode             
20004000  g_pfnVectors             
20017930  g_signalMode             
2001793c  g_ticksElapsed           
20017938  g_ticksLast              
20005b1f  goTo                     
20005de3  invert                   
200079c1  ldexp                    
20007915  ltoa                     
200058ad  main                     
20017970  main_func_sp             
20005e8f  malloc                   
200060c5  memalign                 
20008125  memccpy                  
2000718d  memcpy                   
20007f75  memmove                  
20007563  memset                   
20005e01  minit                    
20007e2b  raise                    
20005fb9  realloc                  
20007c55  signal                   
200082c9  strchr                   
20008331  strlen                   
200054fb  tickDiff                 
20007345  vsnprintf                
20005985  writeCommand             
200059b7  writeData                


GLOBAL SYMBOLS: SORTED BY Symbol Address 

address   name                     
-------   ----                     
00000800  __STACK_SIZE             
00000800  __SYSMEM_SIZE            
20004000  g_pfnVectors             
200051b5  __TI_printfi             
200054d5  SystickInit              
200054eb  SystickReset             
200054fb  tickDiff                 
2000552b  EdgeTriggerHandler       
2000564f  PhotoresistorIntInit     
2000567d  PhotoresistorIntEnable   
2000569d  PhotoresistorIntDisable  
200056b7  BothTimersIntInit        
200056fb  TransitionTimerIntStart  
2000570d  FinishTimerIntStart      
2000571f  TransitionTimerIntStop   
2000572d  FinishTimerIntStop       
2000573b  TransitionTimerIntHandler
20005779  FinishTimerIntHandler    
200057a5  DebugRoutine             
20005811  SignalRoutine            
20005897  ButtonRoutine            
200058ad  main                     
20005985  writeCommand             
200059b7  writeData                
200059e9  Adafruit_Init            
20005b1f  goTo                     
20005b63  Color565                 
20005ba5  fillScreen               
20005bbb  fillRect                 
20005c6d  drawFastVLine            
20005d09  drawFastHLine            
20005da5  drawPixel                
20005de3  invert                   
20005e01  minit                    
20005e8f  malloc                   
20005ef7  free                     
20005fb9  realloc                  
200060c5  memalign                 
200061a9  calloc                   
200061dd  InitTerm                 
200061fb  Message                  
2000621d  ClearTerm                
20006227  Error                    
2000625f  GetCmd                   
20006305  TrimSpace                
2000639d  Report                   
2000645d  __aeabi_uldivmod         
20006651  __aeabi_dsub             
2000665b  __aeabi_dadd             
20006889  Timer_IF_Init            
200068bb  Timer_IF_IntSetup        
20006907  Timer_IF_InterruptClear  
2000691f  Timer_IF_Start           
2000693f  Timer_IF_Stop            
2000694f  Timer_IF_DeInit          
20006969  Timer_IF_ReLoad          
20006981  Timer_IF_GetCount        
200069a1  __aeabi_ddiv             
20006ad9  PRCMCC3200MCUInit        
20006c0d  _Dscale                  
20006d1d  __aeabi_dmul             
20006e19  PinMuxConfig             
20006edd  _Dnorm                   
20006f9d  IntDisable               
20007045  IntEnable                
200070ed  SPIConfigSetExpClk       
2000718d  __aeabi_memcpy           
2000718d  __aeabi_memcpy4          
2000718d  __aeabi_memcpy8          
2000718d  memcpy                   
20007229  PRCMPeripheralClockGet   
200072bd  PinConfigSet             
20007345  vsnprintf                
200073cd  __aeabi_cdcmpeq          
200073cd  __aeabi_cdcmple          
20007453  __aeabi_cdrcmple         
200074d9  GPIOIntTypeSet           
2000755b  __aeabi_memclr           
2000755b  __aeabi_memclr4          
2000755b  __aeabi_memclr8          
2000755d  __aeabi_memset           
2000755d  __aeabi_memset4          
2000755d  __aeabi_memset8          
20007563  memset                   
200075d5  UARTConfigSetExpClk      
2000764d  TimerIntRegister         
200076bd  __TI_auto_init           
20007795  TimerIntUnregister       
200077fd  _Dunscale                
20007865  IntPendClear             
200078bd  PRCMPeripheralReset      
20007915  ltoa                     
2000796d  IntPrioritySet           
200079c1  ldexp                    
20007a15  _c_int00                 
20007a65  atoi                     
20007ab1  copy_in                  
20007b45  __aeabi_d2iz             
20007b8d  TimerConfigure           
20007bd1  C$$EXIT                  
20007bd5  abort                    
20007bdd  exit                     
20007c15  PinModeSet               
20007c55  signal                   
20007c95  PRCMPeripheralClkEnable  
20007cd1  GPIODirModeSet           
20007d09  feraiseexcept            
20007d3d  PinTypeGPIO              
20007d6d  UARTDisable              
20007d9d  _Dclass                  
20007dcd  _Feraise                 
20007dfd  __aeabi_i2d              
20007e2b  raise                    
20007e59  PRCMSysResetCauseGet     
20007e85  TimerLoadSet             
20007eaf  TimerPrescaleSet         
20007ed9  frexp                    
20007f05  PRCMPeripheralClkDisable 
20007f2d  IntUnregister            
20007f51  UARTEnable               
20007f75  memmove                  
20007f99  SPIReset                 
20007fbb  GPIOPinWrite             
20007fdd  IntRegister              
20007ffd  SPIDataGet               
2000801d  GPIOIntRegister          
2000803b  SPIDataPut               
20008059  TimerDisable             
20008077  TimerEnable              
20008095  TimerIntStatus           
200080b3  UARTCharPut              
200080d1  SysTickIntRegister       
200080ed  TimerValueGet            
20008109  UARTCharGetNonBlocking   
20008125  memccpy                  
20008141  GPIOIntDisable           
2000815b  GPIOIntEnable            
20008175  PinTypeSPI               
2000818f  PinTypeUART              
200081a9  SPIFIFOEnable            
200081c3  GPIOPinRead              
200081db  SPICSDisable             
200081f3  SPICSEnable              
2000820b  SPIEnable                
20008225  SysTickPeriodSet         
2000823d  TimerIntDisable          
20008255  TimerIntEnable           
2000826d  UARTCharsAvail           
20008285  _args_main               
2000829d  PRCMHIBRegRead           
200082b3  PRCMHIBRegWrite          
200082c9  strchr                   
200082df  CPUcpsie                 
200082f3  GPIOIntClear             
20008309  IntVTableBaseSet         
2000831d  _register_unlock         
20008323  _register_lock           
2000832b  _nop                     
20008331  strlen                   
20008345  TimerIntClear            
20008359  SysTickEnable            
20008369  __TI_decompress_none     
20008377  ResetISR                 
20008385  SysTickValueGet          
20008391  __TI_zero_init           
2000839d  IntMasterEnable          
200083a7  UtilsDelay               
200083ad  __TI_decompress_rle24    
200083b3  _system_pre_init         
200083b8  _ctypes_                 
200087b8  __TI_static_base__       
2000880c  __TI_Handler_Table_Base  
20008818  __TI_Handler_Table_Limit 
20008820  __TI_CINIT_Base          
20008830  __TI_CINIT_Limit         
20017000  _sys_memory              
200178b0  _Denorm                  
200178c0  _Eps                     
200178d0  _Hugeval                 
200178e0  _Inf                     
200178f0  _Nan                     
20017900  _Snan                    
20017910  _Rteps                   
20017920  _Xbig                    
20017928  _Zero                    
20017930  g_signalMode             
20017934  g_finishMode             
20017938  g_ticksLast              
2001793c  g_ticksElapsed           
20017940  g_bit_rep                
20017954  _lock                    
20017958  _unlock                  
2001795c  __TI_cleanup_ptr         
20017960  __TI_dtors_ptr           
20017964  _Fenv                    
20017968  _Tls_setup__Fenv         
2001796c  _Errno                   
20017970  main_func_sp             
2002f800  __stack                  
20030000  __STACK_END              
ffffffff  __binit__                
ffffffff  __c_args__               
ffffffff  binit                    
UNDEFED   SHT$$INIT_ARRAY$$Base    
UNDEFED   SHT$$INIT_ARRAY$$Limit   

[205 symbols]
