******************************************************************************
                  TI ARM Linker PC v5.2.5                      
******************************************************************************
>> Linked Thu Feb 18 20:01:24 2016

OUTPUT FILE NAME:   <Lab3.out>
ENTRY POINT SYMBOL: "_c_int00"  address: 20008d51


MEMORY CONFIGURATION

         name            origin    length      used     unused   attr    fill
----------------------  --------  ---------  --------  --------  ----  --------
  SRAM_CODE             20004000   00013000  000061b2  0000ce4e  RW X
  SRAM_DATA             20017000   00019000  000011b8  00017e48  RW X


SEGMENT ALLOCATION MAP

run origin  load origin   length   init length attrs members
----------  ----------- ---------- ----------- ----- -------
20004000    20004000    000061b8   000061b8    r-x
  20004000    20004000    00000400   00000400    r-- .intvecs
  20004400    20004400    000053c2   000053c2    r-x .text
  200097c4    200097c4    00000950   00000950    r-- .const
  2000a118    2000a118    000000a0   000000a0    r-- .cinit
20017000    20017000    000009b8   00000000    rw-
  20017000    20017000    00000800   00000000    rw- .sysmem
  20017800    20017800    000001b4   00000000    rw- .data
  200179b4    200179b4    00000004   00000000    rw- .bss
2002f800    2002f800    00000800   00000000    rw-
  2002f800    2002f800    00000800   00000000    rw- .stack


SECTION ALLOCATION MAP

 output                                  attributes/
section   page    origin      length       input sections
--------  ----  ----------  ----------   ----------------
.intvecs   0    20004000    00000400     
                  20004000    00000400     startup_ccs.obj (.intvecs)

.init_array 
*          0    20004000    00000000     UNINITIALIZED

.text      0    20004400    000053c2     
                  20004400    000010ba     rtsv7M4_T_le_v4SPD16_eabi.lib : _printfi.obj (.text)
                  200054ba    00000002     driverlib.a : interrupt.obj (.text:IntDefaultHandler)
                  200054bc    00000d84     main.obj (.text)
                  20006240    00000a80     Adafruit_GFX.obj (.text)
                  20006cc0    0000047a     Adafruit_OLED.obj (.text)
                  2000713a    00000002     --HOLE-- [fill = 0]
                  2000713c    000003dc     rtsv7M4_T_le_v4SPD16_eabi.lib : memory.obj (.text)
                  20007518    00000280     uart_if.obj (.text)
                  20007798    000001f4     rtsv7M4_T_le_v4SPD16_eabi.lib : ull_div_t2.obj (.text)
                  2000798c    000001b6                                   : fd_add_t2.obj (.text)
                  20007b42    00000002     --HOLE-- [fill = 0]
                  20007b44    00000198     timer_if.obj (.text)
                  20007cdc    00000136     rtsv7M4_T_le_v4SPD16_eabi.lib : fd_div_t2.obj (.text)
                  20007e12    00000002     --HOLE-- [fill = 0]
                  20007e14    00000134     driverlib.a : prcm.obj (.text:PRCMCC3200MCUInit)
                  20007f48    00000110     rtsv7M4_T_le_v4SPD16_eabi.lib : xdscale.obj (.text)
                  20008058    000000fc                                   : fd_mul_t2.obj (.text)
                  20008154    000000c4     pin_mux_config.obj (.text)
                  20008218    000000be     rtsv7M4_T_le_v4SPD16_eabi.lib : xdnorm.obj (.text)
                  200082d6    00000002     --HOLE-- [fill = 0]
                  200082d8    000000a8     driverlib.a : interrupt.obj (.text:IntDisable)
                  20008380    000000a8                 : interrupt.obj (.text:IntEnable)
                  20008428    000000a0                 : spi.obj (.text:SPIConfigSetExpClk)
                  200084c8    0000009c     rtsv7M4_T_le_v4SPD16_eabi.lib : memcpy_t2.obj (.text)
                  20008564    00000094     driverlib.a : prcm.obj (.text:PRCMPeripheralClockGet)
                  200085f8    00000088                 : pin.obj (.text:PinConfigSet)
                  20008680    00000088     rtsv7M4_T_le_v4SPD16_eabi.lib : vsnprintf.obj (.text)
                  20008708    00000086                                   : fd_cmp_t2.obj (.text:__aeabi_cdcmple)
                  2000878e    00000086                                   : fd_cmp_t2.obj (.text:__aeabi_cdrcmple)
                  20008814    00000082     driverlib.a : gpio.obj (.text:GPIOIntTypeSet)
                  20008896    0000007a     rtsv7M4_T_le_v4SPD16_eabi.lib : memset_t2.obj (.text)
                  20008910    00000076     driverlib.a : uart.obj (.text:UARTConfigSetExpClk)
                  20008986    00000002     --HOLE-- [fill = 0]
                  20008988    00000070                 : timer.obj (.text:TimerIntRegister)
                  200089f8    0000006c     rtsv7M4_T_le_v4SPD16_eabi.lib : autoinit.obj (.text)
                  20008a64    0000006a                                   : copy_decompress_rle.obj (.text)
                  20008ace    00000002     --HOLE-- [fill = 0]
                  20008ad0    00000068     driverlib.a : timer.obj (.text:TimerIntUnregister)
                  20008b38    00000066     rtsv7M4_T_le_v4SPD16_eabi.lib : xdunscal.obj (.text)
                  20008b9e    00000002     --HOLE-- [fill = 0]
                  20008ba0    00000058     driverlib.a : interrupt.obj (.text:IntPendClear)
                  20008bf8    00000058                 : prcm.obj (.text:PRCMPeripheralReset)
                  20008c50    00000056     rtsv7M4_T_le_v4SPD16_eabi.lib : ltoa.obj (.text)
                  20008ca6    00000002     --HOLE-- [fill = 0]
                  20008ca8    00000054     driverlib.a : interrupt.obj (.text:IntPrioritySet)
                  20008cfc    00000052     rtsv7M4_T_le_v4SPD16_eabi.lib : ldexp.obj (.text)
                  20008d4e    00000002     --HOLE-- [fill = 0]
                  20008d50    00000050                                   : boot.obj (.text)
                  20008da0    0000004c                                   : atoi.obj (.text)
                  20008dec    0000004c                                   : cpy_tbl.obj (.text)
                  20008e38    00000048     driverlib.a : gpio.obj (.text:GPIOGetIntNumber)
                  20008e80    00000048     rtsv7M4_T_le_v4SPD16_eabi.lib : fd_toi_t2.obj (.text)
                  20008ec8    00000044     driverlib.a : timer.obj (.text:TimerConfigure)
                  20008f0c    00000044                 : uart.obj (.text:UARTIntNumberGet)
                  20008f50    00000044     rtsv7M4_T_le_v4SPD16_eabi.lib : exit.obj (.text)
                  20008f94    00000040     driverlib.a : pin.obj (.text:PinModeSet)
                  20008fd4    00000040     rtsv7M4_T_le_v4SPD16_eabi.lib : signal.obj (.text)
                  20009014    0000003c     driverlib.a : prcm.obj (.text:PRCMPeripheralClkEnable)
                  20009050    00000036                 : gpio.obj (.text:GPIODirModeSet)
                  20009086    00000002     --HOLE-- [fill = 0]
                  20009088    00000034     rtsv7M4_T_le_v4SPD16_eabi.lib : feraiseexcept.obj (.text)
                  200090bc    00000030     driverlib.a : pin.obj (.text:PinTypeGPIO)
                  200090ec    00000030                 : uart.obj (.text:UARTDisable)
                  2000911c    00000030     rtsv7M4_T_le_v4SPD16_eabi.lib : xdclass.obj (.text)
                  2000914c    00000030                                   : xferaise.obj (.text)
                  2000917c    0000002e                                   : i_tofd_t2.obj (.text)
                  200091aa    0000002e                                   : raise.obj (.text)
                  200091d8    0000002c     driverlib.a : prcm.obj (.text:PRCMSysResetCauseGet)
                  20009204    0000002a                 : timer.obj (.text:TimerLoadSet)
                  2000922e    0000002a                 : timer.obj (.text:TimerPrescaleSet)
                  20009258    0000002a     rtsv7M4_T_le_v4SPD16_eabi.lib : frexp.obj (.text)
                  20009282    00000002     --HOLE-- [fill = 0]
                  20009284    00000028     driverlib.a : prcm.obj (.text:PRCMPeripheralClkDisable)
                  200092ac    00000024                 : interrupt.obj (.text:IntUnregister)
                  200092d0    00000024                 : uart.obj (.text:UARTEnable)
                  200092f4    00000024     rtsv7M4_T_le_v4SPD16_eabi.lib : memmov.obj (.text)
                  20009318    00000022     driverlib.a : spi.obj (.text:SPIReset)
                  2000933a    00000020                 : gpio.obj (.text:GPIOPinWrite)
                  2000935a    00000002     --HOLE-- [fill = 0]
                  2000935c    00000020                 : interrupt.obj (.text:IntRegister)
                  2000937c    00000020                 : spi.obj (.text:SPIDataGet)
                  2000939c    0000001e                 : gpio.obj (.text:GPIOIntRegister)
                  200093ba    0000001e                 : spi.obj (.text:SPIDataPut)
                  200093d8    0000001e                 : timer.obj (.text:TimerDisable)
                  200093f6    0000001e                 : timer.obj (.text:TimerEnable)
                  20009414    0000001e                 : timer.obj (.text:TimerIntStatus)
                  20009432    0000001e                 : uart.obj (.text:UARTCharPut)
                  20009450    0000001e                 : uart.obj (.text:UARTIntRegister)
                  2000946e    00000002     --HOLE-- [fill = 0]
                  20009470    0000001c                 : systick.obj (.text:SysTickIntRegister)
                  2000948c    0000001c                 : timer.obj (.text:TimerValueGet)
                  200094a8    0000001c                 : uart.obj (.text:UARTCharGetNonBlocking)
                  200094c4    0000001c     rtsv7M4_T_le_v4SPD16_eabi.lib : memccpy.obj (.text)
                  200094e0    0000001a     driverlib.a : gpio.obj (.text:GPIOIntDisable)
                  200094fa    0000001a                 : gpio.obj (.text:GPIOIntEnable)
                  20009514    0000001a                 : pin.obj (.text:PinTypeSPI)
                  2000952e    0000001a                 : pin.obj (.text:PinTypeUART)
                  20009548    0000001a                 : spi.obj (.text:SPIFIFOEnable)
                  20009562    00000018                 : gpio.obj (.text:GPIOPinRead)
                  2000957a    00000018                 : spi.obj (.text:SPICSDisable)
                  20009592    00000018                 : spi.obj (.text:SPICSEnable)
                  200095aa    00000018                 : spi.obj (.text:SPIEnable)
                  200095c2    00000002     --HOLE-- [fill = 0]
                  200095c4    00000018                 : systick.obj (.text:SysTickPeriodSet)
                  200095dc    00000018                 : timer.obj (.text:TimerIntDisable)
                  200095f4    00000018                 : timer.obj (.text:TimerIntEnable)
                  2000960c    00000018                 : uart.obj (.text:UARTCharsAvail)
                  20009624    00000018                 : uart.obj (.text:UARTFIFOLevelSet)
                  2000963c    00000018                 : uart.obj (.text:UARTIntDisable)
                  20009654    00000018                 : uart.obj (.text:UARTIntEnable)
                  2000966c    00000018     rtsv7M4_T_le_v4SPD16_eabi.lib : args_main.obj (.text)
                  20009684    00000016     driverlib.a : prcm.obj (.text:PRCMHIBRegRead)
                  2000969a    00000016                 : prcm.obj (.text:PRCMHIBRegWrite)
                  200096b0    00000016                 : uart.obj (.text:UARTCharGet)
                  200096c6    00000016     rtsv7M4_T_le_v4SPD16_eabi.lib : strchr.obj (.text)
                  200096dc    00000014     driverlib.a : cpu.obj (.text:CPUcpsie)
                  200096f0    00000014                 : gpio.obj (.text:GPIOIntClear)
                  20009704    00000014                 : interrupt.obj (.text:IntVTableBaseSet)
                  20009718    00000014     rtsv7M4_T_le_v4SPD16_eabi.lib : _lock.obj (.text)
                  2000972c    00000014                                   : strlen.obj (.text)
                  20009740    00000012     driverlib.a : timer.obj (.text:TimerIntClear)
                  20009752    00000012                 : uart.obj (.text:UARTIntClear)
                  20009764    00000010                 : systick.obj (.text:SysTickEnable)
                  20009774    0000000e     rtsv7M4_T_le_v4SPD16_eabi.lib : copy_decompress_none.obj (.text:decompress:none)
                  20009782    0000000e     startup_ccs.obj (.text)
                  20009790    0000000c     driverlib.a : systick.obj (.text:SysTickValueGet)
                  2000979c    0000000c     rtsv7M4_T_le_v4SPD16_eabi.lib : copy_zero_init.obj (.text:decompress:ZI)
                  200097a8    0000000a     driverlib.a : interrupt.obj (.text:IntMasterEnable)
                  200097b2    00000006                 : utils.obj (.text:UtilsDelay)
                  200097b8    00000006     rtsv7M4_T_le_v4SPD16_eabi.lib : copy_decompress_rle.obj (.text:decompress:rle24)
                  200097be    00000004                                   : pre_init.obj (.text)

.const     0    200097c4    00000950     
                  200097c4    000004fb     Adafruit_GFX.obj (.const:.string:font)
                  20009cbf    00000101     rtsv7M4_T_le_v4SPD16_eabi.lib : ctype.obj (.const:.string:_ctypes_)
                  20009dc0    00000100     driverlib.a : pin.obj (.const:g_ulPinToPadMap)
                  20009ec0    000000d4                 : interrupt.obj (.const:g_pulRegs)
                  20009f94    000000a8                 : prcm.obj (.const:PRCM_PeriphRegsList)
                  2000a03c    00000080                 : interrupt.obj (.const)
                  2000a0bc    00000047     main.obj (.const:.string)
                  2000a103    00000001     --HOLE-- [fill = 0]
                  2000a104    00000010     driverlib.a : uart.obj (.const)

.cinit     0    2000a118    000000a0     
                  2000a118    0000007a     (.cinit..data.load) [load image, compression = rle]
                  2000a192    00000002     --HOLE-- [fill = 0]
                  2000a194    0000000c     (__TI_handler_table)
                  2000a1a0    00000008     (.cinit..bss.load) [load image, compression = zero_init]
                  2000a1a8    00000010     (__TI_cinit_table)

.sysmem    0    20017000    00000800     UNINITIALIZED
                  20017000    00000008     rtsv7M4_T_le_v4SPD16_eabi.lib : memory.obj (.sysmem)
                  20017008    000007f8     --HOLE--

.data      0    20017800    000001b4     UNINITIALIZED
                  20017800    000000b0     rtsv7M4_T_le_v4SPD16_eabi.lib : signal.obj (.data:sigtable)
                  200178b0    00000080                                   : xvalues.obj (.data)
                  20017930    0000003e     main.obj (.data)
                  2001796e    00000002     --HOLE--
                  20017970    00000015     Adafruit_GFX.obj (.data)
                  20017985    00000003     --HOLE--
                  20017988    0000000c     rtsv7M4_T_le_v4SPD16_eabi.lib : memory.obj (.data)
                  20017994    00000008                                   : _lock.obj (.data)
                  2001799c    00000008                                   : exit.obj (.data)
                  200179a4    00000008                                   : feraiseexcept.obj (.data)
                  200179ac    00000004                                   : errno.obj (.data)
                  200179b0    00000004                                   : stkdepth_vars.obj (.data)

.TI.persistent 
*          0    20017800    00000000     UNINITIALIZED

.bss       0    200179b4    00000004     UNINITIALIZED
                  200179b4    00000004     (.common:__Errorlog)

.TI.noinit 
*          0    200179b4    00000000     UNINITIALIZED

.stack     0    2002f800    00000800     UNINITIALIZED
                  2002f800    00000800     --HOLE--


LINKER GENERATED COPY TABLES

__TI_cinit_table @ 2000a1a8 records: 2, size/record: 8, table size: 16
	.data: load addr=2000a118, load size=0000007a bytes, run addr=20017800, run size=000001b4 bytes, compression=rle
	.bss: load addr=2000a1a0, load size=00000008 bytes, run addr=200179b4, run size=00000004 bytes, compression=zero_init


LINKER GENERATED HANDLER TABLE

__TI_handler_table @ 2000a194 records: 3, size/record: 4, table size: 12
	index: 0, handler: __TI_decompress_rle24
	index: 1, handler: __TI_decompress_none
	index: 2, handler: __TI_zero_init


GLOBAL SYMBOLS: SORTED ALPHABETICALLY BY Name 

address   name                     
-------   ----                     
20006d25  Adafruit_Init            
200056b7  AllTimersIntInit         
20005a2d  ButtonRoutine            
20008f51  C$$EXIT                  
200096dd  CPUcpsie                 
20007559  ClearTerm                
20006e9f  Color565                 
200058c1  DebugRoutine             
20005e4f  DemoRoutine              
20005ed9  DisplayRoutine           
2000552b  EdgeTriggerHandler       
20007563  Error                    
200057b9  FinishTimerIntHandler    
2000572d  FinishTimerIntStart      
2000575f  FinishTimerIntStop       
20009051  GPIODirModeSet           
200096f1  GPIOIntClear             
200094e1  GPIOIntDisable           
200094fb  GPIOIntEnable            
2000939d  GPIOIntRegister          
20008815  GPIOIntTypeSet           
20009563  GPIOPinRead              
2000933b  GPIOPinWrite             
2000759b  GetCmd                   
20007519  InitTerm                 
200082d9  IntDisable               
20008381  IntEnable                
200097a9  IntMasterEnable          
20008ba1  IntPendClear             
20008ca9  IntPrioritySet           
2000935d  IntRegister              
200092ad  IntUnregister            
20009705  IntVTableBaseSet         
20007537  Message                  
20006beb  Outstr                   
20007e15  PRCMCC3200MCUInit        
20009685  PRCMHIBRegRead           
2000969b  PRCMHIBRegWrite          
20009285  PRCMPeripheralClkDisable 
20009015  PRCMPeripheralClkEnable  
20008565  PRCMPeripheralClockGet   
20008bf9  PRCMPeripheralReset      
200091d9  PRCMSysResetCauseGet     
2000569d  PhotoresistorIntDisable  
2000567d  PhotoresistorIntEnable   
2000564f  PhotoresistorIntInit     
200085f9  PinConfigSet             
20008f95  PinModeSet               
20008155  PinMuxConfig             
200090bd  PinTypeGPIO              
20009515  PinTypeSPI               
2000952f  PinTypeUART              
20005b89  PressRoutine             
200057dd  RepeatTimerIntHandler    
2000573f  RepeatTimerIntStart      
2000576d  RepeatTimerIntStop       
200076d9  Report                   
20009783  ResetISR                 
UNDEFED   SHT$$INIT_ARRAY$$Base    
UNDEFED   SHT$$INIT_ARRAY$$Limit   
2000957b  SPICSDisable             
20009593  SPICSEnable              
20008429  SPIConfigSetExpClk       
2000937d  SPIDataGet               
200093bb  SPIDataPut               
200095ab  SPIEnable                
20009549  SPIFIFOEnable            
20009319  SPIReset                 
2000593d  SignalRoutine            
20009765  SysTickEnable            
20009471  SysTickIntRegister       
200095c5  SysTickPeriodSet         
20009791  SysTickValueGet          
200054d5  SystickInit              
200054eb  SystickReset             
20008ec9  TimerConfigure           
200093d9  TimerDisable             
200093f7  TimerEnable              
20009741  TimerIntClear            
200095dd  TimerIntDisable          
200095f5  TimerIntEnable           
20008989  TimerIntRegister         
20009415  TimerIntStatus           
20008ad1  TimerIntUnregister       
20009205  TimerLoadSet             
2000922f  TimerPrescaleSet         
2000948d  TimerValueGet            
20007c8b  Timer_IF_DeInit          
20007cbd  Timer_IF_GetCount        
20007bc5  Timer_IF_Init            
20007bf7  Timer_IF_IntSetup        
20007c43  Timer_IF_InterruptClear  
20007ca5  Timer_IF_ReLoad          
20007c5b  Timer_IF_Start           
20007c7b  Timer_IF_Stop            
2000577b  TransitionTimerIntHandler
2000571b  TransitionTimerIntStart  
20005751  TransitionTimerIntStop   
20007641  TrimSpace                
200096b1  UARTCharGet              
200094a9  UARTCharGetNonBlocking   
20009433  UARTCharPut              
2000960d  UARTCharsAvail           
20008911  UARTConfigSetExpClk      
200090ed  UARTDisable              
200092d1  UARTEnable               
20009625  UARTFIFOLevelSet         
20009753  UARTIntClear             
2000963d  UARTIntDisable           
20009655  UARTIntEnable            
2000580d  UARTIntHandler           
20009451  UARTIntRegister          
200097b3  UtilsDelay               
2000911d  _Dclass                  
200178b0  _Denorm                  
20008219  _Dnorm                   
20007f49  _Dscale                  
20008b39  _Dunscale                
200178c0  _Eps                     
200179ac  _Errno                   
200179a4  _Fenv                    
2000914d  _Feraise                 
200178d0  _Hugeval                 
200178e0  _Inf                     
200178f0  _Nan                     
20017910  _Rteps                   
20017900  _Snan                    
200179a8  _Tls_setup__Fenv         
20017920  _Xbig                    
20017928  _Zero                    
20030000  __STACK_END              
00000800  __STACK_SIZE             
00000800  __SYSMEM_SIZE            
2000a1a8  __TI_CINIT_Base          
2000a1b8  __TI_CINIT_Limit         
2000a194  __TI_Handler_Table_Base  
2000a1a0  __TI_Handler_Table_Limit 
200089f9  __TI_auto_init           
2001799c  __TI_cleanup_ptr         
20009775  __TI_decompress_none     
200097b9  __TI_decompress_rle24    
200179a0  __TI_dtors_ptr           
200051b5  __TI_printfi             
2000a118  __TI_static_base__       
2000979d  __TI_zero_init           
20008709  __aeabi_cdcmpeq          
20008709  __aeabi_cdcmple          
2000878f  __aeabi_cdrcmple         
20008e81  __aeabi_d2iz             
20007997  __aeabi_dadd             
20007cdd  __aeabi_ddiv             
20008059  __aeabi_dmul             
2000798d  __aeabi_dsub             
2000917d  __aeabi_i2d              
20008897  __aeabi_memclr           
20008897  __aeabi_memclr4          
20008897  __aeabi_memclr8          
200084c9  __aeabi_memcpy           
200084c9  __aeabi_memcpy4          
200084c9  __aeabi_memcpy8          
20008899  __aeabi_memset           
20008899  __aeabi_memset4          
20008899  __aeabi_memset8          
20007799  __aeabi_uldivmod         
ffffffff  __binit__                
ffffffff  __c_args__               
2002f800  __stack                  
2000966d  _args_main               
20008d51  _c_int00                 
20009cbf  _ctypes_                 
20017994  _lock                    
20009727  _nop                     
2000971f  _register_lock           
20009719  _register_unlock         
20017000  _sys_memory              
200097bf  _system_pre_init         
20017998  _unlock                  
20008f55  abort                    
20008da1  atoi                     
ffffffff  binit                    
200074e5  calloc                   
20005e9b  clearReceiver            
20005e87  clearSender              
20008ded  copy_in                  
20017970  cursor_x                 
20017974  cursor_y                 
20006a9f  drawChar                 
20006241  drawCircle               
20006375  drawCircleHelper         
20007045  drawFastHLine            
20006fa9  drawFastVLine            
200065bb  drawLine                 
200070e1  drawPixel                
200066a7  drawRect                 
200066f5  drawRoundRect            
2000685d  drawTriangle             
20008f5d  exit                     
20009089  feraiseexcept            
20006493  fillCircle               
200064cd  fillCircleHelper         
20006ef7  fillRect                 
200067e3  fillRoundRect            
20006ee1  fillScreen               
2000689f  fillTriangle             
20007233  free                     
20009259  frexp                    
20017940  g_bit_rep                
20017934  g_finishMode             
20017950  g_last_bit_rep           
20017948  g_last_toggle            
2001796d  g_last_type              
20004000  g_pfnVectors             
20017958  g_repeat                 
20017959  g_send_key               
20017930  g_signalMode             
2001793c  g_ticksElapsed           
20017938  g_ticksLast              
20006e5b  goTo                     
20006c9f  height                   
2000711f  invert                   
20008cfd  ldexp                    
20008c51  ltoa                     
2000607d  main                     
200179b0  main_func_sp             
200071cb  malloc                   
20007401  memalign                 
200094c5  memccpy                  
200084c9  memcpy                   
200092f5  memmove                  
2000889f  memset                   
2000713d  minit                    
200091ab  raise                    
200072f5  realloc                  
2001796c  rec_new_message          
20017964  rec_x_cursor             
20017968  rec_y_cursor             
2001795c  send_x_cursor            
20017960  send_y_cursor            
20006c37  setCursor                
20006c6f  setTextColor             
20006c4f  setTextSize              
20006c87  setTextWrap              
20008fd5  signal                   
200096c7  strchr                   
2000972d  strlen                   
20017980  textbgcolor              
2001797c  textcolor                
20017978  textsize                 
200054fb  tickDiff                 
20008681  vsnprintf                
20006c9b  width                    
20017984  wrap                     
20006cc1  writeCommand             
20006cf3  writeData                


GLOBAL SYMBOLS: SORTED BY Symbol Address 

address   name                     
-------   ----                     
00000800  __STACK_SIZE             
00000800  __SYSMEM_SIZE            
20004000  g_pfnVectors             
200051b5  __TI_printfi             
200054d5  SystickInit              
200054eb  SystickReset             
200054fb  tickDiff                 
2000552b  EdgeTriggerHandler       
2000564f  PhotoresistorIntInit     
2000567d  PhotoresistorIntEnable   
2000569d  PhotoresistorIntDisable  
200056b7  AllTimersIntInit         
2000571b  TransitionTimerIntStart  
2000572d  FinishTimerIntStart      
2000573f  RepeatTimerIntStart      
20005751  TransitionTimerIntStop   
2000575f  FinishTimerIntStop       
2000576d  RepeatTimerIntStop       
2000577b  TransitionTimerIntHandler
200057b9  FinishTimerIntHandler    
200057dd  RepeatTimerIntHandler    
2000580d  UARTIntHandler           
200058c1  DebugRoutine             
2000593d  SignalRoutine            
20005a2d  ButtonRoutine            
20005b89  PressRoutine             
20005e4f  DemoRoutine              
20005e87  clearSender              
20005e9b  clearReceiver            
20005ed9  DisplayRoutine           
2000607d  main                     
20006241  drawCircle               
20006375  drawCircleHelper         
20006493  fillCircle               
200064cd  fillCircleHelper         
200065bb  drawLine                 
200066a7  drawRect                 
200066f5  drawRoundRect            
200067e3  fillRoundRect            
2000685d  drawTriangle             
2000689f  fillTriangle             
20006a9f  drawChar                 
20006beb  Outstr                   
20006c37  setCursor                
20006c4f  setTextSize              
20006c6f  setTextColor             
20006c87  setTextWrap              
20006c9b  width                    
20006c9f  height                   
20006cc1  writeCommand             
20006cf3  writeData                
20006d25  Adafruit_Init            
20006e5b  goTo                     
20006e9f  Color565                 
20006ee1  fillScreen               
20006ef7  fillRect                 
20006fa9  drawFastVLine            
20007045  drawFastHLine            
200070e1  drawPixel                
2000711f  invert                   
2000713d  minit                    
200071cb  malloc                   
20007233  free                     
200072f5  realloc                  
20007401  memalign                 
200074e5  calloc                   
20007519  InitTerm                 
20007537  Message                  
20007559  ClearTerm                
20007563  Error                    
2000759b  GetCmd                   
20007641  TrimSpace                
200076d9  Report                   
20007799  __aeabi_uldivmod         
2000798d  __aeabi_dsub             
20007997  __aeabi_dadd             
20007bc5  Timer_IF_Init            
20007bf7  Timer_IF_IntSetup        
20007c43  Timer_IF_InterruptClear  
20007c5b  Timer_IF_Start           
20007c7b  Timer_IF_Stop            
20007c8b  Timer_IF_DeInit          
20007ca5  Timer_IF_ReLoad          
20007cbd  Timer_IF_GetCount        
20007cdd  __aeabi_ddiv             
20007e15  PRCMCC3200MCUInit        
20007f49  _Dscale                  
20008059  __aeabi_dmul             
20008155  PinMuxConfig             
20008219  _Dnorm                   
200082d9  IntDisable               
20008381  IntEnable                
20008429  SPIConfigSetExpClk       
200084c9  __aeabi_memcpy           
200084c9  __aeabi_memcpy4          
200084c9  __aeabi_memcpy8          
200084c9  memcpy                   
20008565  PRCMPeripheralClockGet   
200085f9  PinConfigSet             
20008681  vsnprintf                
20008709  __aeabi_cdcmpeq          
20008709  __aeabi_cdcmple          
2000878f  __aeabi_cdrcmple         
20008815  GPIOIntTypeSet           
20008897  __aeabi_memclr           
20008897  __aeabi_memclr4          
20008897  __aeabi_memclr8          
20008899  __aeabi_memset           
20008899  __aeabi_memset4          
20008899  __aeabi_memset8          
2000889f  memset                   
20008911  UARTConfigSetExpClk      
20008989  TimerIntRegister         
200089f9  __TI_auto_init           
20008ad1  TimerIntUnregister       
20008b39  _Dunscale                
20008ba1  IntPendClear             
20008bf9  PRCMPeripheralReset      
20008c51  ltoa                     
20008ca9  IntPrioritySet           
20008cfd  ldexp                    
20008d51  _c_int00                 
20008da1  atoi                     
20008ded  copy_in                  
20008e81  __aeabi_d2iz             
20008ec9  TimerConfigure           
20008f51  C$$EXIT                  
20008f55  abort                    
20008f5d  exit                     
20008f95  PinModeSet               
20008fd5  signal                   
20009015  PRCMPeripheralClkEnable  
20009051  GPIODirModeSet           
20009089  feraiseexcept            
200090bd  PinTypeGPIO              
200090ed  UARTDisable              
2000911d  _Dclass                  
2000914d  _Feraise                 
2000917d  __aeabi_i2d              
200091ab  raise                    
200091d9  PRCMSysResetCauseGet     
20009205  TimerLoadSet             
2000922f  TimerPrescaleSet         
20009259  frexp                    
20009285  PRCMPeripheralClkDisable 
200092ad  IntUnregister            
200092d1  UARTEnable               
200092f5  memmove                  
20009319  SPIReset                 
2000933b  GPIOPinWrite             
2000935d  IntRegister              
2000937d  SPIDataGet               
2000939d  GPIOIntRegister          
200093bb  SPIDataPut               
200093d9  TimerDisable             
200093f7  TimerEnable              
20009415  TimerIntStatus           
20009433  UARTCharPut              
20009451  UARTIntRegister          
20009471  SysTickIntRegister       
2000948d  TimerValueGet            
200094a9  UARTCharGetNonBlocking   
200094c5  memccpy                  
200094e1  GPIOIntDisable           
200094fb  GPIOIntEnable            
20009515  PinTypeSPI               
2000952f  PinTypeUART              
20009549  SPIFIFOEnable            
20009563  GPIOPinRead              
2000957b  SPICSDisable             
20009593  SPICSEnable              
200095ab  SPIEnable                
200095c5  SysTickPeriodSet         
200095dd  TimerIntDisable          
200095f5  TimerIntEnable           
2000960d  UARTCharsAvail           
20009625  UARTFIFOLevelSet         
2000963d  UARTIntDisable           
20009655  UARTIntEnable            
2000966d  _args_main               
20009685  PRCMHIBRegRead           
2000969b  PRCMHIBRegWrite          
200096b1  UARTCharGet              
200096c7  strchr                   
200096dd  CPUcpsie                 
200096f1  GPIOIntClear             
20009705  IntVTableBaseSet         
20009719  _register_unlock         
2000971f  _register_lock           
20009727  _nop                     
2000972d  strlen                   
20009741  TimerIntClear            
20009753  UARTIntClear             
20009765  SysTickEnable            
20009775  __TI_decompress_none     
20009783  ResetISR                 
20009791  SysTickValueGet          
2000979d  __TI_zero_init           
200097a9  IntMasterEnable          
200097b3  UtilsDelay               
200097b9  __TI_decompress_rle24    
200097bf  _system_pre_init         
20009cbf  _ctypes_                 
2000a118  __TI_static_base__       
2000a194  __TI_Handler_Table_Base  
2000a1a0  __TI_Handler_Table_Limit 
2000a1a8  __TI_CINIT_Base          
2000a1b8  __TI_CINIT_Limit         
20017000  _sys_memory              
200178b0  _Denorm                  
200178c0  _Eps                     
200178d0  _Hugeval                 
200178e0  _Inf                     
200178f0  _Nan                     
20017900  _Snan                    
20017910  _Rteps                   
20017920  _Xbig                    
20017928  _Zero                    
20017930  g_signalMode             
20017934  g_finishMode             
20017938  g_ticksLast              
2001793c  g_ticksElapsed           
20017940  g_bit_rep                
20017948  g_last_toggle            
20017950  g_last_bit_rep           
20017958  g_repeat                 
20017959  g_send_key               
2001795c  send_x_cursor            
20017960  send_y_cursor            
20017964  rec_x_cursor             
20017968  rec_y_cursor             
2001796c  rec_new_message          
2001796d  g_last_type              
20017970  cursor_x                 
20017974  cursor_y                 
20017978  textsize                 
2001797c  textcolor                
20017980  textbgcolor              
20017984  wrap                     
20017994  _lock                    
20017998  _unlock                  
2001799c  __TI_cleanup_ptr         
200179a0  __TI_dtors_ptr           
200179a4  _Fenv                    
200179a8  _Tls_setup__Fenv         
200179ac  _Errno                   
200179b0  main_func_sp             
2002f800  __stack                  
20030000  __STACK_END              
ffffffff  __binit__                
ffffffff  __c_args__               
ffffffff  binit                    
UNDEFED   SHT$$INIT_ARRAY$$Base    
UNDEFED   SHT$$INIT_ARRAY$$Limit   

[254 symbols]
